Archive member included to satisfy reference by file (symbol)

C:/ST/STM32CubeIDE_2.0.0/STM32CubeIDE/plugins/com.st.stm32cube.ide.mcu.externaltools.gnu-tools-for-stm32.13.3.rel1.win32_1.0.100.202509120712/tools/bin/../lib/gcc/arm-none-eabi/13.3.1/../../../../arm-none-eabi/lib/thumb/v7e-m+fp/hard\libc_nano.a(libc_a-exit.o)
                              C:/ST/STM32CubeIDE_2.0.0/STM32CubeIDE/plugins/com.st.stm32cube.ide.mcu.externaltools.gnu-tools-for-stm32.13.3.rel1.win32_1.0.100.202509120712/tools/bin/../lib/gcc/arm-none-eabi/13.3.1/../../../../arm-none-eabi/lib/thumb/v7e-m+fp/hard/crt0.o (exit)
C:/ST/STM32CubeIDE_2.0.0/STM32CubeIDE/plugins/com.st.stm32cube.ide.mcu.externaltools.gnu-tools-for-stm32.13.3.rel1.win32_1.0.100.202509120712/tools/bin/../lib/gcc/arm-none-eabi/13.3.1/../../../../arm-none-eabi/lib/thumb/v7e-m+fp/hard\libc_nano.a(libc_a-findfp.o)
                              C:/ST/STM32CubeIDE_2.0.0/STM32CubeIDE/plugins/com.st.stm32cube.ide.mcu.externaltools.gnu-tools-for-stm32.13.3.rel1.win32_1.0.100.202509120712/tools/bin/../lib/gcc/arm-none-eabi/13.3.1/../../../../arm-none-eabi/lib/thumb/v7e-m+fp/hard\libc_nano.a(libc_a-exit.o) (__stdio_exit_handler)
C:/ST/STM32CubeIDE_2.0.0/STM32CubeIDE/plugins/com.st.stm32cube.ide.mcu.externaltools.gnu-tools-for-stm32.13.3.rel1.win32_1.0.100.202509120712/tools/bin/../lib/gcc/arm-none-eabi/13.3.1/../../../../arm-none-eabi/lib/thumb/v7e-m+fp/hard\libc_nano.a(libc_a-fwalk.o)
                              C:/ST/STM32CubeIDE_2.0.0/STM32CubeIDE/plugins/com.st.stm32cube.ide.mcu.externaltools.gnu-tools-for-stm32.13.3.rel1.win32_1.0.100.202509120712/tools/bin/../lib/gcc/arm-none-eabi/13.3.1/../../../../arm-none-eabi/lib/thumb/v7e-m+fp/hard\libc_nano.a(libc_a-findfp.o) (_fwalk_sglue)
C:/ST/STM32CubeIDE_2.0.0/STM32CubeIDE/plugins/com.st.stm32cube.ide.mcu.externaltools.gnu-tools-for-stm32.13.3.rel1.win32_1.0.100.202509120712/tools/bin/../lib/gcc/arm-none-eabi/13.3.1/../../../../arm-none-eabi/lib/thumb/v7e-m+fp/hard\libc_nano.a(libc_a-stdio.o)
                              C:/ST/STM32CubeIDE_2.0.0/STM32CubeIDE/plugins/com.st.stm32cube.ide.mcu.externaltools.gnu-tools-for-stm32.13.3.rel1.win32_1.0.100.202509120712/tools/bin/../lib/gcc/arm-none-eabi/13.3.1/../../../../arm-none-eabi/lib/thumb/v7e-m+fp/hard\libc_nano.a(libc_a-findfp.o) (__sread)
C:/ST/STM32CubeIDE_2.0.0/STM32CubeIDE/plugins/com.st.stm32cube.ide.mcu.externaltools.gnu-tools-for-stm32.13.3.rel1.win32_1.0.100.202509120712/tools/bin/../lib/gcc/arm-none-eabi/13.3.1/../../../../arm-none-eabi/lib/thumb/v7e-m+fp/hard\libc_nano.a(libc_a-memset.o)
                              C:/ST/STM32CubeIDE_2.0.0/STM32CubeIDE/plugins/com.st.stm32cube.ide.mcu.externaltools.gnu-tools-for-stm32.13.3.rel1.win32_1.0.100.202509120712/tools/bin/../lib/gcc/arm-none-eabi/13.3.1/../../../../arm-none-eabi/lib/thumb/v7e-m+fp/hard/crt0.o (memset)
C:/ST/STM32CubeIDE_2.0.0/STM32CubeIDE/plugins/com.st.stm32cube.ide.mcu.externaltools.gnu-tools-for-stm32.13.3.rel1.win32_1.0.100.202509120712/tools/bin/../lib/gcc/arm-none-eabi/13.3.1/../../../../arm-none-eabi/lib/thumb/v7e-m+fp/hard\libc_nano.a(libc_a-closer.o)
                              C:/ST/STM32CubeIDE_2.0.0/STM32CubeIDE/plugins/com.st.stm32cube.ide.mcu.externaltools.gnu-tools-for-stm32.13.3.rel1.win32_1.0.100.202509120712/tools/bin/../lib/gcc/arm-none-eabi/13.3.1/../../../../arm-none-eabi/lib/thumb/v7e-m+fp/hard\libc_nano.a(libc_a-stdio.o) (_close_r)
C:/ST/STM32CubeIDE_2.0.0/STM32CubeIDE/plugins/com.st.stm32cube.ide.mcu.externaltools.gnu-tools-for-stm32.13.3.rel1.win32_1.0.100.202509120712/tools/bin/../lib/gcc/arm-none-eabi/13.3.1/../../../../arm-none-eabi/lib/thumb/v7e-m+fp/hard\libc_nano.a(libc_a-reent.o)
                              C:/ST/STM32CubeIDE_2.0.0/STM32CubeIDE/plugins/com.st.stm32cube.ide.mcu.externaltools.gnu-tools-for-stm32.13.3.rel1.win32_1.0.100.202509120712/tools/bin/../lib/gcc/arm-none-eabi/13.3.1/../../../../arm-none-eabi/lib/thumb/v7e-m+fp/hard\libc_nano.a(libc_a-closer.o) (errno)
C:/ST/STM32CubeIDE_2.0.0/STM32CubeIDE/plugins/com.st.stm32cube.ide.mcu.externaltools.gnu-tools-for-stm32.13.3.rel1.win32_1.0.100.202509120712/tools/bin/../lib/gcc/arm-none-eabi/13.3.1/../../../../arm-none-eabi/lib/thumb/v7e-m+fp/hard\libc_nano.a(libc_a-impure.o)
                              C:/ST/STM32CubeIDE_2.0.0/STM32CubeIDE/plugins/com.st.stm32cube.ide.mcu.externaltools.gnu-tools-for-stm32.13.3.rel1.win32_1.0.100.202509120712/tools/bin/../lib/gcc/arm-none-eabi/13.3.1/../../../../arm-none-eabi/lib/thumb/v7e-m+fp/hard\libc_nano.a(libc_a-reent.o) (_impure_ptr)
C:/ST/STM32CubeIDE_2.0.0/STM32CubeIDE/plugins/com.st.stm32cube.ide.mcu.externaltools.gnu-tools-for-stm32.13.3.rel1.win32_1.0.100.202509120712/tools/bin/../lib/gcc/arm-none-eabi/13.3.1/../../../../arm-none-eabi/lib/thumb/v7e-m+fp/hard\libc_nano.a(libc_a-lseekr.o)
[...]
Memory Configuration

Name             Origin             Length             Attributes
RAM              0x20000000         0x00020000         xrw
FLASH            0x08000000         0x00080000         xr
*default*        0x00000000         0xffffffff

Linker script and memory map

LOAD C:/ST/STM32CubeIDE_2.0.0/STM32CubeIDE/plugins/com.st.stm32cube.ide.mcu.externaltools.gnu-tools-for-stm32.13.3.rel1.win32_1.0.100.202509120712/tools/bin/../lib/gcc/arm-none-eabi/13.3.1/thumb/v7e-m+fp/hard/crti.o
LOAD C:/ST/STM32CubeIDE_2.0.0/STM32CubeIDE/plugins/com.st.stm32cube.ide.mcu.externaltools.gnu-tools-for-stm32.13.3.rel1.win32_1.0.100.202509120712/tools/bin/../lib/gcc/arm-none-eabi/13.3.1/thumb/v7e-m+fp/hard/crtbegin.o
LOAD C:/ST/STM32CubeIDE_2.0.0/STM32CubeIDE/plugins/com.st.stm32cube.ide.mcu.externaltools.gnu-tools-for-stm32.13.3.rel1.win32_1.0.100.202509120712/tools/bin/../lib/gcc/arm-none-eabi/13.3.1/../../../../arm-none-eabi/lib/thumb/v7e-m+fp/hard/crt0.o
LOAD ./Core/Src/gpio.o
LOAD ./Core/Src/main.o
LOAD ./Core/Src/master_radio.o
LOAD ./Core/Src/spi.o
LOAD ./Core/Src/stm32f4xx_hal_msp.o
LOAD ./Core/Src/stm32f4xx_it.o
LOAD ./Core/Src/syscalls.o
LOAD ./Core/Src/sysmem.o
LOAD ./Core/Src/system_stm32f4xx.o
LOAD ./Core/Src/tim.o
LOAD ./Core/Src/w5500_port.o
LOAD ./Core/Startup/startup_stm32f411ceux.o
LOAD ./Drivers/STM32F4xx_HAL_Driver/Src/stm32f4xx_hal.o
LOAD ./Drivers/STM32F4xx_HAL_Driver/Src/stm32f4xx_hal_cortex.o
LOAD ./Drivers/STM32F4xx_HAL_Driver/Src/stm32f4xx_hal_dma.o
LOAD ./Drivers/STM32F4xx_HAL_Driver/Src/stm32f4xx_hal_dma_ex.o
LOAD ./Drivers/STM32F4xx_HAL_Driver/Src/stm32f4xx_hal_exti.o
LOAD ./Drivers/STM32F4xx_HAL_Driver/Src/stm32f4xx_hal_flash.o
LOAD ./Drivers/STM32F4xx_HAL_Driver/Src/stm32f4xx_hal_flash_ex.o
LOAD ./Drivers/STM32F4xx_HAL_Driver/Src/stm32f4xx_hal_flash_ramfunc.o
LOAD ./Drivers/STM32F4xx_HAL_Driver/Src/stm32f4xx_hal_gpio.o
LOAD ./Drivers/STM32F4xx_HAL_Driver/Src/stm32f4xx_hal_pwr.o
LOAD ./Drivers/STM32F4xx_HAL_Driver/Src/stm32f4xx_hal_pwr_ex.o
LOAD ./Drivers/STM32F4xx_HAL_Driver/Src/stm32f4xx_hal_rcc.o
LOAD ./Drivers/STM32F4xx_HAL_Driver/Src/stm32f4xx_hal_rcc_ex.o
LOAD ./Drivers/STM32F4xx_HAL_Driver/Src/stm32f4xx_hal_spi.o
LOAD ./Drivers/STM32F4xx_HAL_Driver/Src/stm32f4xx_hal_tim.o
LOAD ./Drivers/STM32F4xx_HAL_Driver/Src/stm32f4xx_hal_tim_ex.o
LOAD ./Middlewares/WIZnet/ioLibrary_Driver/Ethernet/W5500/w5500.o
LOAD ./Middlewares/WIZnet/ioLibrary_Driver/Ethernet/socket.o
LOAD ./Middlewares/WIZnet/ioLibrary_Driver/Ethernet/wizchip_conf.o
START GROUP
LOAD C:/ST/STM32CubeIDE_2.0.0/STM32CubeIDE/plugins/com.st.stm32cube.ide.mcu.externaltools.gnu-tools-for-stm32.13.3.rel1.win32_1.0.100.202509120712/tools/bin/../lib/gcc/arm-none-eabi/13.3.1/../../../../arm-none-eabi/lib/thumb/v7e-m+fp/hard\libc_nano.a
LOAD C:/ST/STM32CubeIDE_2.0.0/STM32CubeIDE/plugins/com.st.stm32cube.ide.mcu.externaltools.gnu-tools-for-stm32.13.3.rel1.win32_1.0.100.202509120712/tools/bin/../lib/gcc/arm-none-eabi/13.3.1/../../../../arm-none-eabi/lib/thumb/v7e-m+fp/hard\libm.a
END GROUP
START GROUP
LOAD C:/ST/STM32CubeIDE_2.0.0/STM32CubeIDE/plugins/com.st.stm32cube.ide.mcu.externaltools.gnu-tools-for-stm32.13.3.rel1.win32_1.0.100.202509120712/tools/bin/../lib/gcc/arm-none-eabi/13.3.1/thumb/v7e-m+fp/hard\libgcc.a
LOAD C:/ST/STM32CubeIDE_2.0.0/STM32CubeIDE/plugins/com.st.stm32cube.ide.mcu.externaltools.gnu-tools-for-stm32.13.3.rel1.win32_1.0.100.202509120712/tools/bin/../lib/gcc/arm-none-eabi/13.3.1/../../../../arm-none-eabi/lib/thumb/v7e-m+fp/hard\libc_nano.a
END GROUP
START GROUP
LOAD C:/ST/STM32CubeIDE_2.0.0/STM32CubeIDE/plugins/com.st.stm32cube.ide.mcu.externaltools.gnu-tools-for-stm32.13.3.rel1.win32_1.0.100.202509120712/tools/bin/../lib/gcc/arm-none-eabi/13.3.1/thumb/v7e-m+fp/hard\libgcc.a
LOAD C:/ST/STM32CubeIDE_2.0.0/STM32CubeIDE/plugins/com.st.stm32cube.ide.mcu.externaltools.gnu-tools-for-stm32.13.3.rel1.win32_1.0.100.202509120712/tools/bin/../lib/gcc/arm-none-eabi/13.3.1/../../../../arm-none-eabi/lib/thumb/v7e-m+fp/hard\libc_nano.a
LOAD C:/ST/STM32CubeIDE_2.0.0/STM32CubeIDE/plugins/com.st.stm32cube.ide.mcu.externaltools.gnu-tools-for-stm32.13.3.rel1.win32_1.0.100.202509120712/tools/bin/../lib/gcc/arm-none-eabi/13.3.1/../../../../arm-none-eabi/lib/thumb/v7e-m+fp/hard\libnosys.a
END GROUP
START GROUP
LOAD C:/ST/STM32CubeIDE_2.0.0/STM32CubeIDE/plugins/com.st.stm32cube.ide.mcu.externaltools.gnu-tools-for-stm32.13.3.rel1.win32_1.0.100.202509120712/tools/bin/../lib/gcc/arm-none-eabi/13.3.1/thumb/v7e-m+fp/hard\libgcc.a
LOAD C:/ST/STM32CubeIDE_2.0.0/STM32CubeIDE/plugins/com.st.stm32cube.ide.mcu.externaltools.gnu-tools-for-stm32.13.3.rel1.win32_1.0.100.202509120712/tools/bin/../lib/gcc/arm-none-eabi/13.3.1/../../../../arm-none-eabi/lib/thumb/v7e-m+fp/hard\libc_nano.a
LOAD C:/ST/STM32CubeIDE_2.0.0/STM32CubeIDE/plugins/com.st.stm32cube.ide.mcu.externaltools.gnu-tools-for-stm32.13.3.rel1.win32_1.0.100.202509120712/tools/bin/../lib/gcc/arm-none-eabi/13.3.1/../../../../arm-none-eabi/lib/thumb/v7e-m+fp/hard\libnosys.a
END GROUP
LOAD C:/ST/STM32CubeIDE_2.0.0/STM32CubeIDE/plugins/com.st.stm32cube.ide.mcu.externaltools.gnu-tools-for-stm32.13.3.rel1.win32_1.0.100.202509120712/tools/bin/../lib/gcc/arm-none-eabi/13.3.1/thumb/v7e-m+fp/hard/crtend.o
LOAD C:/ST/STM32CubeIDE_2.0.0/STM32CubeIDE/plugins/com.st.stm32cube.ide.mcu.externaltools.gnu-tools-for-stm32.13.3.rel1.win32_1.0.100.202509120712/tools/bin/../lib/gcc/arm-none-eabi/13.3.1/thumb/v7e-m+fp/hard/crtn.o
                0x20020000                        _estack = (ORIGIN (RAM) + LENGTH (RAM))
                0x00000200                        _Min_Heap_Size = 0x200
                0x00000400                        _Min_Stack_Size = 0x400

.isr_vector     0x08000000      0x198
                0x08000000                        . = ALIGN (0x4)
 *(.isr_vector)
 .isr_vector    0x08000000      0x198 ./Core/Startup/startup_stm32f411ceux.o
                0x08000000                g_pfnVectors
                0x08000198                        . = ALIGN (0x4)

.text           0x08000198     0x5f0c
                0x08000198                        . = ALIGN (0x4)
 *(.text)
 .text          0x08000198       0x40 C:/ST/STM32CubeIDE_2.0.0/STM32CubeIDE/plugins/com.st.stm32cube.ide.mcu.externaltools.gnu-tools-for-stm32.13.3.rel1.win32_1.0.100.202509120712/tools/bin/../lib/gcc/arm-none-eabi/13.3.1/thumb/v7e-m+fp/hard/crtbegin.o
 .text          0x080001d8       0x30 C:/ST/STM32CubeIDE_2.0.0/STM32CubeIDE/plugins/com.st.stm32cube.ide.mcu.externaltools.gnu-tools-for-stm32.13.3.rel1.win32_1.0.100.202509120712/tools/bin/../lib/gcc/arm-none-eabi/13.3.1/thumb/v7e-m+fp/hard\libgcc.a(_aeabi_uldivmod.o)
                0x080001d8                __aeabi_uldivmod
 .text          0x08000208      0x2f8 C:/ST/STM32CubeIDE_2.0.0/STM32CubeIDE/plugins/com.st.stm32cube.ide.mcu.externaltools.gnu-tools-for-stm32.13.3.rel1.win32_1.0.100.202509120712/tools/bin/../lib/gcc/arm-none-eabi/13.3.1/thumb/v7e-m+fp/hard\libgcc.a(_udivmoddi4.o)
                0x08000208                __udivmoddi4
 .text          0x08000500        0x4 C:/ST/STM32CubeIDE_2.0.0/STM32CubeIDE/plugins/com.st.stm32cube.ide.mcu.externaltools.gnu-tools-for-stm32.13.3.rel1.win32_1.0.100.202509120712/tools/bin/../lib/gcc/arm-none-eabi/13.3.1/thumb/v7e-m+fp/hard\libgcc.a(_dvmd_tls.o)
                0x08000500                __aeabi_idiv0
                0x08000500                __aeabi_ldiv0
 *(.text*)
 .text.MX_GPIO_Init
                0x08000504      0x1f0 ./Core/Src/gpio.o
                0x08000504                MX_GPIO_Init
 .text.main     0x080006f4       0x6c ./Core/Src/main.o
                0x080006f4                main
 .text.SystemClock_Config
                0x08000760       0xd0 ./Core/Src/main.o
                0x08000760                SystemClock_Config
 .text.HAL_TIM_PeriodElapsedCallback
                0x08000830       0x16 ./Core/Src/main.o
                0x08000830                HAL_TIM_PeriodElapsedCallback
 .text.HAL_GPIO_EXTI_Callback
                0x08000846       0x26 ./Core/Src/main.o
                0x08000846                HAL_GPIO_EXTI_Callback
 .text.Error_Handler
                0x0800086c        0xc ./Core/Src/main.o
                0x0800086c                Error_Handler
 .text.put_u64_le
                0x08000878       0xd2 ./Core/Src/master_radio.o
 .text.get_u64_le
                0x0800094a      0x16a ./Core/Src/master_radio.o
 .text.master_time_us
                0x08000ab4       0x8c ./Core/Src/master_radio.o
 .text.nrf_csn_low
                0x08000b40       0x20 ./Core/Src/master_radio.o
 .text.nrf_csn_high
                0x08000b60       0x20 ./Core/Src/master_radio.o
 .text.nrf_ce_low
                0x08000b80       0x20 ./Core/Src/master_radio.o
 .text.nrf_ce_high
                0x08000ba0       0x20 ./Core/Src/master_radio.o
 .text.nrf_xfer
                0x08000bc0       0x70 ./Core/Src/master_radio.o
 .text.nrf_cmd  0x08000c30       0x30 ./Core/Src/master_radio.o
 .text.nrf_activate_features
                0x08000c60       0x2c ./Core/Src/master_radio.o
 .text.nrf_write_feature_checked
                0x08000c8c       0x44 ./Core/Src/master_radio.o
 .text.nrf_get_status_nop
                0x08000cd0       0x2a ./Core/Src/master_radio.o
 .text.nrf_read_reg
                0x08000cfa       0x3e ./Core/Src/master_radio.o
 .text.nrf_write_reg
                0x08000d38       0x44 ./Core/Src/master_radio.o
 .text.nrf_write_buf
                0x08000d7c       0x62 ./Core/Src/master_radio.o
 *fill*         0x08000dde        0x2 
 .text.nrf_write_payload
                0x08000de0       0x7c ./Core/Src/master_radio.o
 .text.nrf_read_payload
                0x08000e5c       0x56 ./Core/Src/master_radio.o
 .text.nrf_clear_irqs
                0x08000eb2       0x26 ./Core/Src/master_radio.o
 .text.nrf_clear_all_irqs_and_fifos
                0x08000ed8       0x7c ./Core/Src/master_radio.o
 .text.MasterRadio_UpdateNrfDebugSnapshot
                0x08000f54      0x2a0 ./Core/Src/master_radio.o
 .text.nrf_set_tx_addr
                0x080011f4       0x2a ./Core/Src/master_radio.o
 *fill*         0x0800121e        0x2 
 .text.nrf2_apply_common_sync_addr
                0x08001220       0x50 ./Core/Src/master_radio.o
 .text.nrf2_apply_health_addr
                0x08001270       0x58 ./Core/Src/master_radio.o
 .text.nrf_check_present
                0x080012c8       0x5a ./Core/Src/master_radio.o
 *fill*         0x08001322        0x2 
 .text.nrf3_timestamp_addr
                0x08001324       0x44 ./Core/Src/master_radio.o
 .text.nrf2_reset_sync_addr
                0x08001368       0x38 ./Core/Src/master_radio.o
 .text.nrf2_health_addr
                0x080013a0       0x48 ./Core/Src/master_radio.o
 .text.nrf3_init_timestamp_receiver
                0x080013e8      0x110 ./Core/Src/master_radio.o
 .text.nrf2_init_sync_transmitter
                0x080014f8       0x8c ./Core/Src/master_radio.o
 .text.nrf2_send_payload_start
                0x08001584       0x90 ./Core/Src/master_radio.o
 .text.nrf2_finish_tx_pulse
                0x08001614       0x18 ./Core/Src/master_radio.o
 .text.send_reset_time
                0x0800162c       0x40 ./Core/Src/master_radio.o
 .text.send_sync_time
                0x0800166c       0x48 ./Core/Src/master_radio.o
 .text.start_health_check_for_current_slave
                0x080016b4       0x80 ./Core/Src/master_radio.o
 .text.send_health_status_to_server
                0x08001734       0xbc ./Core/Src/master_radio.o
 .text.send_event_group_to_server
                0x080017f0       0xbc ./Core/Src/master_radio.o
 .text.find_group
                0x080018ac       0x6c ./Core/Src/master_radio.o
 .text.allocate_group
                0x08001918      0x100 ./Core/Src/master_radio.o
 .text.accept_timestamp_packet
                0x08001a18       0xbc ./Core/Src/master_radio.o
 .text.service_event_timeouts
                0x08001ad4       0x88 ./Core/Src/master_radio.o
 .text.service_nrf3_timestamp_irq
                0x08001b5c       0xe4 ./Core/Src/master_radio.o
 .text.service_nrf2_tx_irq
                0x08001c40      0x198 ./Core/Src/master_radio.o
 .text.health_mark_current
                0x08001dd8       0x80 ./Core/Src/master_radio.o
 .text.service_health_fsm
                0x08001e58      0x184 ./Core/Src/master_radio.o
 .text.MasterRadio_Init
                0x08001fdc      0x138 ./Core/Src/master_radio.o
                0x08001fdc                MasterRadio_Init
 .text.MasterRadio_OnTimerPeriodElapsed
                0x08002114       0x2c ./Core/Src/master_radio.o
                0x08002114                MasterRadio_OnTimerPeriodElapsed
 .text.MasterRadio_OnExti
                0x08002140       0x58 ./Core/Src/master_radio.o
                0x08002140                MasterRadio_OnExti
 .text.MasterRadio_Service
                0x08002198      0x1ac ./Core/Src/master_radio.o
                0x08002198                MasterRadio_Service
 .text.MX_SPI1_Init
                0x08002344       0x6c ./Core/Src/spi.o
                0x08002344                MX_SPI1_Init
 .text.MX_SPI2_Init
                0x080023b0       0x6c ./Core/Src/spi.o
                0x080023b0                MX_SPI2_Init
 .text.MX_SPI3_Init
                0x0800241c       0x6c ./Core/Src/spi.o
                0x0800241c                MX_SPI3_Init
 .text.HAL_SPI_MspInit
                0x08002488      0x164 ./Core/Src/spi.o
                0x08002488                HAL_SPI_MspInit
 .text.HAL_MspInit
                0x080025ec       0x50 ./Core/Src/stm32f4xx_hal_msp.o
                0x080025ec                HAL_MspInit
 .text.NMI_Handler
                0x0800263c        0x8 ./Core/Src/stm32f4xx_it.o
                0x0800263c                NMI_Handler
 .text.HardFault_Handler
                0x08002644        0x8 ./Core/Src/stm32f4xx_it.o
                0x08002644                HardFault_Handler
 .text.MemManage_Handler
                0x0800264c        0x8 ./Core/Src/stm32f4xx_it.o
                0x0800264c                MemManage_Handler
 .text.BusFault_Handler
                0x08002654        0x8 ./Core/Src/stm32f4xx_it.o
                0x08002654                BusFault_Handler
 .text.UsageFault_Handler
                0x0800265c        0x8 ./Core/Src/stm32f4xx_it.o
                0x0800265c                UsageFault_Handler
 .text.SVC_Handler
                0x08002664        0xe ./Core/Src/stm32f4xx_it.o
                0x08002664                SVC_Handler
 .text.DebugMon_Handler
                0x08002672        0xe ./Core/Src/stm32f4xx_it.o
                0x08002672                DebugMon_Handler
 .text.PendSV_Handler
                0x08002680        0xe ./Core/Src/stm32f4xx_it.o
                0x08002680                PendSV_Handler
 .text.SysTick_Handler
                0x0800268e        0xc ./Core/Src/stm32f4xx_it.o
                0x0800268e                SysTick_Handler
 .text.EXTI1_IRQHandler
                0x0800269a        0xe ./Core/Src/stm32f4xx_it.o
                0x0800269a                EXTI1_IRQHandler
 .text.EXTI9_5_IRQHandler
                0x080026a8       0x10 ./Core/Src/stm32f4xx_it.o
                0x080026a8                EXTI9_5_IRQHandler
 .text.EXTI15_10_IRQHandler
                0x080026b8       0x10 ./Core/Src/stm32f4xx_it.o
                0x080026b8                EXTI15_10_IRQHandler
 .text.TIM2_IRQHandler
                0x080026c8       0x14 ./Core/Src/stm32f4xx_it.o
                0x080026c8                TIM2_IRQHandler
 .text.SystemInit
                0x080026dc       0x24 ./Core/Src/system_stm32f4xx.o
                0x080026dc                SystemInit
 .text.MX_TIM2_Init
                0x08002700       0x98 ./Core/Src/tim.o
                0x08002700                MX_TIM2_Init
 .text.HAL_TIM_Base_MspInit
                0x08002798       0x4c ./Core/Src/tim.o
                0x08002798                HAL_TIM_Base_MspInit
 .text.W5500_Select
                0x080027e4       0x18 ./Core/Src/w5500_port.o
 .text.W5500_Unselect
                0x080027fc       0x18 ./Core/Src/w5500_port.o
 .text.W5500_ReadByte
                0x08002814       0x38 ./Core/Src/w5500_port.o
 .text.W5500_WriteByte
                0x0800284c       0x2c ./Core/Src/w5500_port.o
 .text.W5500_ReadBurst
                0x08002878       0x88 ./Core/Src/w5500_port.o
 .text.W5500_WriteBurst
                0x08002900       0x6c ./Core/Src/w5500_port.o
 .text.W5500_ReadVersionRaw
                0x0800296c       0x48 ./Core/Src/w5500_port.o
 .text.put_u32_be
                0x080029b4       0x42 ./Core/Src/w5500_port.o
 .text.put_u64_le
                0x080029f6       0xd2 ./Core/Src/w5500_port.o
 .text.W5500_WaitSocketCommandDone
                0x08002ac8       0x4a ./Core/Src/w5500_port.o
 .text.W5500_SpiReadWriteSelfTest
                0x08002b12       0x74 ./Core/Src/w5500_port.o
 .text.W5500_OpenTcpClientSocket
                0x08002b86       0x7e ./Core/Src/w5500_port.o
 .text.W5500_Reset
                0x08002c04       0x2c ./Core/Src/w5500_port.o
                0x08002c04                W5500_Reset
 .text.W5500_ReadVersion
                0x08002c30       0x62 ./Core/Src/w5500_port.o
                0x08002c30                W5500_ReadVersion
 *fill*         0x08002c92        0x2 
 .text.W5500_Port_Init
                0x08002c94       0x4c ./Core/Src/w5500_port.o
                0x08002c94                W5500_Port_Init
 .text.W5500_NetworkInit_Static
                0x08002ce0       0x84 ./Core/Src/w5500_port.o
                0x08002ce0                W5500_NetworkInit_Static
 .text.W5500_Init
                0x08002d64       0x2e ./Core/Src/w5500_port.o
                0x08002d64                W5500_Init
 *fill*         0x08002d92        0x2 
 .text.W5500_SetInterruptFlag
                0x08002d94       0x18 ./Core/Src/w5500_port.o
                0x08002d94                W5500_SetInterruptFlag
 .text.W5500_Service
                0x08002dac       0x64 ./Core/Src/w5500_port.o
                0x08002dac                W5500_Service
 .text.TDOA_BuildServerFrame
                0x08002e10       0xb2 ./Core/Src/w5500_port.o
                0x08002e10                TDOA_BuildServerFrame
 *fill*         0x08002ec2        0x2 
 .text.TDOA_SendFrameToServer
                0x08002ec4      0x1f4 ./Core/Src/w5500_port.o
                0x08002ec4                TDOA_SendFrameToServer
 .text.Reset_Handler
                0x080030b8       0x50 ./Core/Startup/startup_stm32f411ceux.o
                0x080030b8                Reset_Handler
 .text.Default_Handler
                0x08003108        0x2 ./Core/Startup/startup_stm32f411ceux.o
                0x08003108                RTC_Alarm_IRQHandler
                0x08003108                EXTI2_IRQHandler
                0x08003108                SPI4_IRQHandler
                0x08003108                TIM1_CC_IRQHandler
                0x08003108                DMA2_Stream5_IRQHandler
                0x08003108                DMA1_Stream5_IRQHandler
                0x08003108                PVD_IRQHandler
                0x08003108                SDIO_IRQHandler
                0x08003108                TAMP_STAMP_IRQHandler
                0x08003108                EXTI3_IRQHandler
                0x08003108                TIM1_UP_TIM10_IRQHandler
                0x08003108                I2C3_ER_IRQHandler
                0x08003108                EXTI0_IRQHandler
                0x08003108                I2C2_EV_IRQHandler
                0x08003108                DMA1_Stream2_IRQHandler
                0x08003108                FPU_IRQHandler
                0x08003108                DMA2_Stream2_IRQHandler
                0x08003108                SPI1_IRQHandler
                0x08003108                TIM1_BRK_TIM9_IRQHandler
                0x08003108                DMA2_Stream3_IRQHandler
                0x08003108                USART6_IRQHandler
                0x08003108                DMA2_Stream0_IRQHandler
                0x08003108                TIM4_IRQHandler
                0x08003108                I2C1_EV_IRQHandler
                0x08003108                DMA1_Stream6_IRQHandler
                0x08003108                DMA1_Stream1_IRQHandler
                0x08003108                TIM3_IRQHandler
                0x08003108                RCC_IRQHandler
                0x08003108                Default_Handler
                0x08003108                ADC_IRQHandler
                0x08003108                DMA1_Stream7_IRQHandler
                0x08003108                SPI5_IRQHandler
                0x08003108                TIM5_IRQHandler
                0x08003108                DMA2_Stream7_IRQHandler
                0x08003108                I2C3_EV_IRQHandler
                0x08003108                RTC_WKUP_IRQHandler
                0x08003108                SPI2_IRQHandler
                0x08003108                DMA1_Stream0_IRQHandler
                0x08003108                EXTI4_IRQHandler
                0x08003108                WWDG_IRQHandler
                0x08003108                OTG_FS_WKUP_IRQHandler
                0x08003108                TIM1_TRG_COM_TIM11_IRQHandler
                0x08003108                USART2_IRQHandler
                0x08003108                I2C2_ER_IRQHandler
                0x08003108                DMA2_Stream1_IRQHandler
                0x08003108                FLASH_IRQHandler
                0x08003108                DMA2_Stream4_IRQHandler
                0x08003108                USART1_IRQHandler
                0x08003108                OTG_FS_IRQHandler
                0x08003108                SPI3_IRQHandler
                0x08003108                DMA1_Stream4_IRQHandler
                0x08003108                I2C1_ER_IRQHandler
                0x08003108                DMA2_Stream6_IRQHandler
                0x08003108                DMA1_Stream3_IRQHandler
 *fill*         0x0800310a        0x2 
 .text.HAL_Init
                0x0800310c       0x44 ./Drivers/STM32F4xx_HAL_Driver/Src/stm32f4xx_hal.o
                0x0800310c                HAL_Init
 .text.HAL_InitTick
                0x08003150       0x60 ./Drivers/STM32F4xx_HAL_Driver/Src/stm32f4xx_hal.o
                0x08003150                HAL_InitTick
 .text.HAL_IncTick
                0x080031b0       0x28 ./Drivers/STM32F4xx_HAL_Driver/Src/stm32f4xx_hal.o
                0x080031b0                HAL_IncTick
 .text.HAL_GetTick
                0x080031d8       0x18 ./Drivers/STM32F4xx_HAL_Driver/Src/stm32f4xx_hal.o
                0x080031d8                HAL_GetTick
 .text.HAL_Delay
                0x080031f0       0x48 ./Drivers/STM32F4xx_HAL_Driver/Src/stm32f4xx_hal.o
                0x080031f0                HAL_Delay
 .text.__NVIC_SetPriorityGrouping
                0x08003238       0x48 ./Drivers/STM32F4xx_HAL_Driver/Src/stm32f4xx_hal_cortex.o
 .text.__NVIC_GetPriorityGrouping
                0x08003280       0x1c ./Drivers/STM32F4xx_HAL_Driver/Src/stm32f4xx_hal_cortex.o
 .text.__NVIC_EnableIRQ
                0x0800329c       0x3c ./Drivers/STM32F4xx_HAL_Driver/Src/stm32f4xx_hal_cortex.o
 .text.__NVIC_SetPriority
                0x080032d8       0x54 ./Drivers/STM32F4xx_HAL_Driver/Src/stm32f4xx_hal_cortex.o
 .text.NVIC_EncodePriority
                0x0800332c       0x66 ./Drivers/STM32F4xx_HAL_Driver/Src/stm32f4xx_hal_cortex.o
 *fill*         0x08003392        0x2 
 .text.SysTick_Config
                0x08003394       0x44 ./Drivers/STM32F4xx_HAL_Driver/Src/stm32f4xx_hal_cortex.o
 .text.HAL_NVIC_SetPriorityGrouping
                0x080033d8       0x16 ./Drivers/STM32F4xx_HAL_Driver/Src/stm32f4xx_hal_cortex.o
                0x080033d8                HAL_NVIC_SetPriorityGrouping
 .text.HAL_NVIC_SetPriority
                0x080033ee       0x38 ./Drivers/STM32F4xx_HAL_Driver/Src/stm32f4xx_hal_cortex.o
                0x080033ee                HAL_NVIC_SetPriority
 .text.HAL_NVIC_EnableIRQ
                0x08003426       0x1c ./Drivers/STM32F4xx_HAL_Driver/Src/stm32f4xx_hal_cortex.o
                0x08003426                HAL_NVIC_EnableIRQ
 .text.HAL_SYSTICK_Config
                0x08003442       0x18 ./Drivers/STM32F4xx_HAL_Driver/Src/stm32f4xx_hal_cortex.o
                0x08003442                HAL_SYSTICK_Config
 *fill*         0x0800345a        0x2 
 .text.HAL_GPIO_Init
                0x0800345c      0x308 ./Drivers/STM32F4xx_HAL_Driver/Src/stm32f4xx_hal_gpio.o
                0x0800345c                HAL_GPIO_Init
 .text.HAL_GPIO_ReadPin
                0x08003764       0x30 ./Drivers/STM32F4xx_HAL_Driver/Src/stm32f4xx_hal_gpio.o
                0x08003764                HAL_GPIO_ReadPin
 .text.HAL_GPIO_WritePin
                0x08003794       0x32 ./Drivers/STM32F4xx_HAL_Driver/Src/stm32f4xx_hal_gpio.o
                0x08003794                HAL_GPIO_WritePin
 .text.HAL_GPIO_TogglePin
                0x080037c6       0x34 ./Drivers/STM32F4xx_HAL_Driver/Src/stm32f4xx_hal_gpio.o
                0x080037c6                HAL_GPIO_TogglePin
 *fill*         0x080037fa        0x2 
 .text.HAL_GPIO_EXTI_IRQHandler
                0x080037fc       0x30 ./Drivers/STM32F4xx_HAL_Driver/Src/stm32f4xx_hal_gpio.o
                0x080037fc                HAL_GPIO_EXTI_IRQHandler
 .text.HAL_RCC_OscConfig
                0x0800382c      0x4f0 ./Drivers/STM32F4xx_HAL_Driver/Src/stm32f4xx_hal_rcc.o
                0x0800382c                HAL_RCC_OscConfig
 .text.HAL_RCC_ClockConfig
                0x08003d1c      0x1cc ./Drivers/STM32F4xx_HAL_Driver/Src/stm32f4xx_hal_rcc.o
                0x08003d1c                HAL_RCC_ClockConfig
 .text.HAL_RCC_GetSysClockFreq
                0x08003ee8      0x18c ./Drivers/STM32F4xx_HAL_Driver/Src/stm32f4xx_hal_rcc.o
                0x08003ee8                HAL_RCC_GetSysClockFreq
 .text.HAL_SPI_Init
                0x08004074      0x112 ./Drivers/STM32F4xx_HAL_Driver/Src/stm32f4xx_hal_spi.o
                0x08004074                HAL_SPI_Init
 .text.HAL_SPI_TransmitReceive
                0x08004186      0x352 ./Drivers/STM32F4xx_HAL_Driver/Src/stm32f4xx_hal_spi.o
                0x08004186                HAL_SPI_TransmitReceive
 .text.SPI_WaitFlagStateUntilTimeout
                0x080044d8      0x110 ./Drivers/STM32F4xx_HAL_Driver/Src/stm32f4xx_hal_spi.o
 .text.SPI_EndRxTxTransaction
                0x080045e8       0xa8 ./Drivers/STM32F4xx_HAL_Driver/Src/stm32f4xx_hal_spi.o
 .text.HAL_TIM_Base_Init
                0x08004690       0x9e ./Drivers/STM32F4xx_HAL_Driver/Src/stm32f4xx_hal_tim.o
                0x08004690                HAL_TIM_Base_Init
 *fill*         0x0800472e        0x2 
 .text.HAL_TIM_Base_Start_IT
                0x08004730       0xc4 ./Drivers/STM32F4xx_HAL_Driver/Src/stm32f4xx_hal_tim.o
                0x08004730                HAL_TIM_Base_Start_IT
 .text.HAL_TIM_IRQHandler
                0x080047f4      0x1e0 ./Drivers/STM32F4xx_HAL_Driver/Src/stm32f4xx_hal_tim.o
                0x080047f4                HAL_TIM_IRQHandler
 .text.HAL_TIM_ConfigClockSource
                0x080049d4      0x18e ./Drivers/STM32F4xx_HAL_Driver/Src/stm32f4xx_hal_tim.o
                0x080049d4                HAL_TIM_ConfigClockSource
 .text.HAL_TIM_OC_DelayElapsedCallback
                0x08004b62       0x14 ./Drivers/STM32F4xx_HAL_Driver/Src/stm32f4xx_hal_tim.o
                0x08004b62                HAL_TIM_OC_DelayElapsedCallback
 .text.HAL_TIM_IC_CaptureCallback
                0x08004b76       0x14 ./Drivers/STM32F4xx_HAL_Driver/Src/stm32f4xx_hal_tim.o
                0x08004b76                HAL_TIM_IC_CaptureCallback
 .text.HAL_TIM_PWM_PulseFinishedCallback
                0x08004b8a       0x14 ./Drivers/STM32F4xx_HAL_Driver/Src/stm32f4xx_hal_tim.o
                0x08004b8a                HAL_TIM_PWM_PulseFinishedCallback
 .text.HAL_TIM_TriggerCallback
                0x08004b9e       0x14 ./Drivers/STM32F4xx_HAL_Driver/Src/stm32f4xx_hal_tim.o
                0x08004b9e                HAL_TIM_TriggerCallback
 *fill*         0x08004bb2        0x2 
 .text.TIM_Base_SetConfig
                0x08004bb4      0x10c ./Drivers/STM32F4xx_HAL_Driver/Src/stm32f4xx_hal_tim.o
                0x08004bb4                TIM_Base_SetConfig
 .text.TIM_TI1_ConfigInputStage
                0x08004cc0       0x5e ./Drivers/STM32F4xx_HAL_Driver/Src/stm32f4xx_hal_tim.o
 .text.TIM_TI2_ConfigInputStage
                0x08004d1e       0x60 ./Drivers/STM32F4xx_HAL_Driver/Src/stm32f4xx_hal_tim.o
 .text.TIM_ITRx_SetConfig
                0x08004d7e       0x36 ./Drivers/STM32F4xx_HAL_Driver/Src/stm32f4xx_hal_tim.o
 .text.TIM_ETR_SetConfig
                0x08004db4       0x40 ./Drivers/STM32F4xx_HAL_Driver/Src/stm32f4xx_hal_tim.o
                0x08004db4                TIM_ETR_SetConfig
 .text.HAL_TIMEx_MasterConfigSynchronization
                0x08004df4       0xdc ./Drivers/STM32F4xx_HAL_Driver/Src/stm32f4xx_hal_tim_ex.o
                0x08004df4                HAL_TIMEx_MasterConfigSynchronization
 .text.HAL_TIMEx_CommutCallback
                0x08004ed0       0x14 ./Drivers/STM32F4xx_HAL_Driver/Src/stm32f4xx_hal_tim_ex.o
                0x08004ed0                HAL_TIMEx_CommutCallback
 .text.HAL_TIMEx_BreakCallback
                0x08004ee4       0x14 ./Drivers/STM32F4xx_HAL_Driver/Src/stm32f4xx_hal_tim_ex.o
                0x08004ee4                HAL_TIMEx_BreakCallback
 .text.WIZCHIP_READ
                0x08004ef8       0x98 ./Middlewares/WIZnet/ioLibrary_Driver/Ethernet/W5500/w5500.o
                0x08004ef8                WIZCHIP_READ
 .text.WIZCHIP_WRITE
                0x08004f90       0x9c ./Middlewares/WIZnet/ioLibrary_Driver/Ethernet/W5500/w5500.o
                0x08004f90                WIZCHIP_WRITE
 .text.WIZCHIP_READ_BUF
                0x0800502c       0xc0 ./Middlewares/WIZnet/ioLibrary_Driver/Ethernet/W5500/w5500.o
                0x0800502c                WIZCHIP_READ_BUF
 .text.WIZCHIP_WRITE_BUF
                0x080050ec       0xc0 ./Middlewares/WIZnet/ioLibrary_Driver/Ethernet/W5500/w5500.o
                0x080050ec                WIZCHIP_WRITE_BUF
 .text.getSn_TX_FSR
                0x080051ac       0x92 ./Middlewares/WIZnet/ioLibrary_Driver/Ethernet/W5500/w5500.o
                0x080051ac                getSn_TX_FSR
 .text.wiz_send_data
                0x0800523e       0xb4 ./Middlewares/WIZnet/ioLibrary_Driver/Ethernet/W5500/w5500.o
                0x0800523e                wiz_send_data
 *fill*         0x080052f2        0x2 
 .text.socket   0x080052f4      0x268 ./Middlewares/WIZnet/ioLibrary_Driver/Ethernet/socket.o
                0x080052f4                socket
 .text.close    0x0800555c       0xdc ./Middlewares/WIZnet/ioLibrary_Driver/Ethernet/socket.o
                0x0800555c                close
 .text.connect_W5x00
                0x08005638       0x26 ./Middlewares/WIZnet/ioLibrary_Driver/Ethernet/socket.o
                0x08005638                connect_W5x00
 *fill*         0x0800565e        0x2 
 .text.connect_IO_6
                0x08005660      0x1e4 ./Middlewares/WIZnet/ioLibrary_Driver/Ethernet/socket.o
 .text.disconnect
                0x08005844      0x104 ./Middlewares/WIZnet/ioLibrary_Driver/Ethernet/socket.o
                0x08005844                disconnect
 .text.send     0x08005948      0x2a8 ./Middlewares/WIZnet/ioLibrary_Driver/Ethernet/socket.o
                0x08005948                send
 .text.wizchip_cris_enter
                0x08005bf0        0xe ./Middlewares/WIZnet/ioLibrary_Driver/Ethernet/wizchip_conf.o
                0x08005bf0                wizchip_cris_enter
 .text.wizchip_cris_exit
                0x08005bfe        0xe ./Middlewares/WIZnet/ioLibrary_Driver/Ethernet/wizchip_conf.o
                0x08005bfe                wizchip_cris_exit
 .text.wizchip_cs_select
                0x08005c0c        0xe ./Middlewares/WIZnet/ioLibrary_Driver/Ethernet/wizchip_conf.o
                0x08005c0c                wizchip_cs_select
 .text.wizchip_cs_deselect
                0x08005c1a        0xe ./Middlewares/WIZnet/ioLibrary_Driver/Ethernet/wizchip_conf.o
                0x08005c1a                wizchip_cs_deselect
 .text.wizchip_bus_readdata
                0x08005c28       0x1a ./Middlewares/WIZnet/ioLibrary_Driver/Ethernet/wizchip_conf.o
                0x08005c28                wizchip_bus_readdata
 .text.wizchip_bus_writedata
                0x08005c42       0x1e ./Middlewares/WIZnet/ioLibrary_Driver/Ethernet/wizchip_conf.o
                0x08005c42                wizchip_bus_writedata
 .text.wizchip_spi_readbyte
                0x08005c60       0x10 ./Middlewares/WIZnet/ioLibrary_Driver/Ethernet/wizchip_conf.o
                0x08005c60                wizchip_spi_readbyte
 .text.wizchip_spi_writebyte
                0x08005c70       0x16 ./Middlewares/WIZnet/ioLibrary_Driver/Ethernet/wizchip_conf.o
                0x08005c70                wizchip_spi_writebyte
 *fill*         0x08005c86        0x2 
 .text.wizchip_spi_readburst
                0x08005c88       0x40 ./Middlewares/WIZnet/ioLibrary_Driver/Ethernet/wizchip_conf.o
                0x08005c88                wizchip_spi_readburst
 .text.wizchip_spi_writeburst
                0x08005cc8       0x40 ./Middlewares/WIZnet/ioLibrary_Driver/Ethernet/wizchip_conf.o
                0x08005cc8                wizchip_spi_writeburst
 .text.reg_wizchip_cs_cbfunc
                0x08005d08       0x4c ./Middlewares/WIZnet/ioLibrary_Driver/Ethernet/wizchip_conf.o
                0x08005d08                reg_wizchip_cs_cbfunc
 .text.reg_wizchip_spi_cbfunc
                0x08005d54       0x58 ./Middlewares/WIZnet/ioLibrary_Driver/Ethernet/wizchip_conf.o
                0x08005d54                reg_wizchip_spi_cbfunc
 .text.reg_wizchip_spiburst_cbfunc
                0x08005dac       0x58 ./Middlewares/WIZnet/ioLibrary_Driver/Ethernet/wizchip_conf.o
                0x08005dac                reg_wizchip_spiburst_cbfunc
 .text.wizchip_sw_reset
                0x08005e04       0x98 ./Middlewares/WIZnet/ioLibrary_Driver/Ethernet/wizchip_conf.o
                0x08005e04                wizchip_sw_reset
 .text.wizchip_init
                0x08005e9c      0x118 ./Middlewares/WIZnet/ioLibrary_Driver/Ethernet/wizchip_conf.o
                0x08005e9c                wizchip_init
 .text.wizchip_setnetinfo
                0x08005fb4       0x80 ./Middlewares/WIZnet/ioLibrary_Driver/Ethernet/wizchip_conf.o
                0x08005fb4                wizchip_setnetinfo
 .text.memset   0x08006034       0x10 C:/ST/STM32CubeIDE_2.0.0/STM32CubeIDE/plugins/com.st.stm32cube.ide.mcu.externaltools.gnu-tools-for-stm32.13.3.rel1.win32_1.0.100.202509120712/tools/bin/../lib/gcc/arm-none-eabi/13.3.1/../../../../arm-none-eabi/lib/thumb/v7e-m+fp/hard\libc_nano.a(libc_a-memset.o)
                0x08006034                memset
 .text.__libc_init_array
                0x08006044       0x48 C:/ST/STM32CubeIDE_2.0.0/STM32CubeIDE/plugins/com.st.stm32cube.ide.mcu.externaltools.gnu-tools-for-stm32.13.3.rel1.win32_1.0.100.202509120712/tools/bin/../lib/gcc/arm-none-eabi/13.3.1/../../../../arm-none-eabi/lib/thumb/v7e-m+fp/hard\libc_nano.a(libc_a-init.o)
                0x08006044                __libc_init_array
 *(.glue_7)
 .glue_7        0x0800608c        0x0 linker stubs
 *(.glue_7t)
 .glue_7t       0x0800608c        0x0 linker stubs
 *(.eh_frame)
 .eh_frame      0x0800608c        0x0 C:/ST/STM32CubeIDE_2.0.0/STM32CubeIDE/plugins/com.st.stm32cube.ide.mcu.externaltools.gnu-tools-for-stm32.13.3.rel1.win32_1.0.100.202509120712/tools/bin/../lib/gcc/arm-none-eabi/13.3.1/thumb/v7e-m+fp/hard/crtbegin.o
 *(.init)
 .init          0x0800608c        0x4 C:/ST/STM32CubeIDE_2.0.0/STM32CubeIDE/plugins/com.st.stm32cube.ide.mcu.externaltools.gnu-tools-for-stm32.13.3.rel1.win32_1.0.100.202509120712/tools/bin/../lib/gcc/arm-none-eabi/13.3.1/thumb/v7e-m+fp/hard/crti.o
                0x0800608c                _init
 .init          0x08006090        0x8 C:/ST/STM32CubeIDE_2.0.0/STM32CubeIDE/plugins/com.st.stm32cube.ide.mcu.externaltools.gnu-tools-for-stm32.13.3.rel1.win32_1.0.100.202509120712/tools/bin/../lib/gcc/arm-none-eabi/13.3.1/thumb/v7e-m+fp/hard/crtn.o
 *(.fini)
 .fini          0x08006098        0x4 C:/ST/STM32CubeIDE_2.0.0/STM32CubeIDE/plugins/com.st.stm32cube.ide.mcu.externaltools.gnu-tools-for-stm32.13.3.rel1.win32_1.0.100.202509120712/tools/bin/../lib/gcc/arm-none-eabi/13.3.1/thumb/v7e-m+fp/hard/crti.o
                0x08006098                _fini
 .fini          0x0800609c        0x8 C:/ST/STM32CubeIDE_2.0.0/STM32CubeIDE/plugins/com.st.stm32cube.ide.mcu.externaltools.gnu-tools-for-stm32.13.3.rel1.win32_1.0.100.202509120712/tools/bin/../lib/gcc/arm-none-eabi/13.3.1/thumb/v7e-m+fp/hard/crtn.o
                0x080060a4                        . = ALIGN (0x4)
                0x080060a4                        _etext = .

.vfp11_veneer   0x080060a4        0x0
 .vfp11_veneer  0x080060a4        0x0 linker stubs

.v4_bx          0x080060a4        0x0
 .v4_bx         0x080060a4        0x0 linker stubs

.iplt           0x080060a4        0x0
 .iplt          0x080060a4        0x0 C:/ST/STM32CubeIDE_2.0.0/STM32CubeIDE/plugins/com.st.stm32cube.ide.mcu.externaltools.gnu-tools-for-stm32.13.3.rel1.win32_1.0.100.202509120712/tools/bin/../lib/gcc/arm-none-eabi/13.3.1/thumb/v7e-m+fp/hard/crtbegin.o

.rodata         0x080060a8       0xb0
                0x080060a8                        . = ALIGN (0x4)
 *(.rodata)
 .rodata        0x080060a8       0x15 ./Core/Src/master_radio.o
 *fill*         0x080060bd        0x3 
 .rodata        0x080060c0       0x60 ./Core/Src/w5500_port.o
 *(.rodata*)
 .rodata.nrf2   0x08006120       0x14 ./Core/Src/master_radio.o
 .rodata.nrf3   0x08006134       0x14 ./Core/Src/master_radio.o
 .rodata.AHBPrescTable
                0x08006148       0x10 ./Core/Src/system_stm32f4xx.o
                0x08006148                AHBPrescTable
                0x08006158                        . = ALIGN (0x4)

.ARM.extab      0x08006158        0x0
                0x08006158                        . = ALIGN (0x4)
 *(.ARM.extab* .gnu.linkonce.armextab.*)
                0x08006158                        . = ALIGN (0x4)

.ARM            0x08006158        0x8
                0x08006158                        . = ALIGN (0x4)
                0x08006158                        __exidx_start = .
 *(.ARM.exidx*)
 .ARM.exidx     0x08006158        0x8 C:/ST/STM32CubeIDE_2.0.0/STM32CubeIDE/plugins/com.st.stm32cube.ide.mcu.externaltools.gnu-tools-for-stm32.13.3.rel1.win32_1.0.100.202509120712/tools/bin/../lib/gcc/arm-none-eabi/13.3.1/thumb/v7e-m+fp/hard\libgcc.a(_udivmoddi4.o)
                0x08006160                        __exidx_end = .
                0x08006160                        . = ALIGN (0x4)

.preinit_array  0x08006160        0x0
                0x08006160                        . = ALIGN (0x4)
                0x08006160                        PROVIDE (__preinit_array_start = .)
 *(.preinit_array*)
                0x08006160                        PROVIDE (__preinit_array_end = .)
                0x08006160                        . = ALIGN (0x4)

.init_array     0x08006160        0x4
                0x08006160                        . = ALIGN (0x4)
                0x08006160                        PROVIDE (__init_array_start = .)
 *(SORT_BY_NAME(.init_array.*))
 *(.init_array*)
 .init_array    0x08006160        0x4 C:/ST/STM32CubeIDE_2.0.0/STM32CubeIDE/plugins/com.st.stm32cube.ide.mcu.externaltools.gnu-tools-for-stm32.13.3.rel1.win32_1.0.100.202509120712/tools/bin/../lib/gcc/arm-none-eabi/13.3.1/thumb/v7e-m+fp/hard/crtbegin.o
                0x08006164                        PROVIDE (__init_array_end = .)
                0x08006164                        . = ALIGN (0x4)

.fini_array     0x08006164        0x4
                0x08006164                        . = ALIGN (0x4)
                [!provide]                        PROVIDE (__fini_array_start = .)
 *(SORT_BY_NAME(.fini_array.*))
 *(.fini_array*)
 .fini_array    0x08006164        0x4 C:/ST/STM32CubeIDE_2.0.0/STM32CubeIDE/plugins/com.st.stm32cube.ide.mcu.externaltools.gnu-tools-for-stm32.13.3.rel1.win32_1.0.100.202509120712/tools/bin/../lib/gcc/arm-none-eabi/13.3.1/thumb/v7e-m+fp/hard/crtbegin.o
                [!provide]                        PROVIDE (__fini_array_end = .)
                0x08006168                        . = ALIGN (0x4)
                0x08006168                        _sidata = LOADADDR (.data)

.rel.dyn        0x08006168        0x0
 .rel.iplt      0x08006168        0x0 C:/ST/STM32CubeIDE_2.0.0/STM32CubeIDE/plugins/com.st.stm32cube.ide.mcu.externaltools.gnu-tools-for-stm32.13.3.rel1.win32_1.0.100.202509120712/tools/bin/../lib/gcc/arm-none-eabi/13.3.1/thumb/v7e-m+fp/hard/crtbegin.o

.data           0x20000000       0x54 load address 0x08006168
                0x20000000                        . = ALIGN (0x4)
                0x20000000                        _sdata = .
 *(.data)
 *(.data*)
 .data.g_radio_health_current_index
                0x20000000        0x1 ./Core/Src/master_radio.o
                0x20000000                g_radio_health_current_index
 .data.g_radio_last_pipe
                0x20000001        0x1 ./Core/Src/master_radio.o
                0x20000001                g_radio_last_pipe
 .data.g_radio_nrf2_last_status
                0x20000002        0x1 ./Core/Src/master_radio.o
                0x20000002                g_radio_nrf2_last_status
 .data.g_radio_nrf2_last_fifo
                0x20000003        0x1 ./Core/Src/master_radio.o
                0x20000003                g_radio_nrf2_last_fifo
 .data.g_radio_nrf2_config
                0x20000004        0x1 ./Core/Src/master_radio.o
                0x20000004                g_radio_nrf2_config
 .data.g_radio_nrf2_observe_tx
                0x20000005        0x1 ./Core/Src/master_radio.o
                0x20000005                g_radio_nrf2_observe_tx
 .data.g_radio_nrf2_rf_ch_read
                0x20000006        0x1 ./Core/Src/master_radio.o
                0x20000006                g_radio_nrf2_rf_ch_read
 .data.g_radio_nrf2_setup_aw_read
                0x20000007        0x1 ./Core/Src/master_radio.o
                0x20000007                g_radio_nrf2_setup_aw_read
 .data.g_radio_nrf2_status_nop
                0x20000008        0x1 ./Core/Src/master_radio.o
                0x20000008                g_radio_nrf2_status_nop
 .data.g_radio_nrf2_irq_pin_level
                0x20000009        0x1 ./Core/Src/master_radio.o
                0x20000009                g_radio_nrf2_irq_pin_level
 .data.g_radio_nrf2_status_after_clear
                0x2000000a        0x1 ./Core/Src/master_radio.o
                0x2000000a                g_radio_nrf2_status_after_clear
 .data.g_radio_nrf2_feature
                0x2000000b        0x1 ./Core/Src/master_radio.o
                0x2000000b                g_radio_nrf2_feature
 .data.g_radio_nrf2_dynpd
                0x2000000c        0x1 ./Core/Src/master_radio.o
                0x2000000c                g_radio_nrf2_dynpd
 .data.g_radio_nrf3_last_status
                0x2000000d        0x1 ./Core/Src/master_radio.o
                0x2000000d                g_radio_nrf3_last_status
 .data.g_radio_nrf3_last_fifo
                0x2000000e        0x1 ./Core/Src/master_radio.o
                0x2000000e                g_radio_nrf3_last_fifo
 .data.g_radio_nrf3_config
                0x2000000f        0x1 ./Core/Src/master_radio.o
                0x2000000f                g_radio_nrf3_config
 .data.g_radio_nrf3_observe_tx
                0x20000010        0x1 ./Core/Src/master_radio.o
                0x20000010                g_radio_nrf3_observe_tx
 .data.g_radio_nrf3_rf_ch_read
                0x20000011        0x1 ./Core/Src/master_radio.o
                0x20000011                g_radio_nrf3_rf_ch_read
 .data.g_radio_nrf3_setup_aw_read
                0x20000012        0x1 ./Core/Src/master_radio.o
                0x20000012                g_radio_nrf3_setup_aw_read
 .data.g_radio_nrf3_status_nop
                0x20000013        0x1 ./Core/Src/master_radio.o
                0x20000013                g_radio_nrf3_status_nop
 .data.g_radio_nrf3_irq_pin_level
                0x20000014        0x1 ./Core/Src/master_radio.o
                0x20000014                g_radio_nrf3_irq_pin_level
 .data.g_radio_nrf3_status_after_clear
                0x20000015        0x1 ./Core/Src/master_radio.o
                0x20000015                g_radio_nrf3_status_after_clear
 .data.g_radio_nrf3_feature
                0x20000016        0x1 ./Core/Src/master_radio.o
                0x20000016                g_radio_nrf3_feature
 .data.g_radio_nrf3_dynpd
                0x20000017        0x1 ./Core/Src/master_radio.o
                0x20000017                g_radio_nrf3_dynpd
 .data.g_radio_nrf3_poll_status
                0x20000018        0x1 ./Core/Src/master_radio.o
                0x20000018                g_radio_nrf3_poll_status
 *fill*         0x20000019        0x3 
 .data.SystemCoreClock
                0x2000001c        0x4 ./Core/Src/system_stm32f4xx.o
                0x2000001c                SystemCoreClock
 .data.uwTickPrio
                0x20000020        0x4 ./Drivers/STM32F4xx_HAL_Driver/Src/stm32f4xx_hal.o
                0x20000020                uwTickPrio
 .data.uwTickFreq
                0x20000024        0x1 ./Drivers/STM32F4xx_HAL_Driver/Src/stm32f4xx_hal.o
                0x20000024                uwTickFreq
 *fill*         0x20000025        0x1 
 .data.sock_any_port
                0x20000026        0x2 ./Middlewares/WIZnet/ioLibrary_Driver/Ethernet/socket.o
 .data.WIZCHIP  0x20000028       0x2c ./Middlewares/WIZnet/ioLibrary_Driver/Ethernet/wizchip_conf.o
                0x20000028                WIZCHIP
 *(.RamFunc)
 *(.RamFunc*)
                0x20000054                        . = ALIGN (0x4)
                0x20000054                        _edata = .

.igot.plt       0x20000054        0x0 load address 0x080061bc
 .igot.plt      0x20000054        0x0 C:/ST/STM32CubeIDE_2.0.0/STM32CubeIDE/plugins/com.st.stm32cube.ide.mcu.externaltools.gnu-tools-for-stm32.13.3.rel1.win32_1.0.100.202509120712/tools/bin/../lib/gcc/arm-none-eabi/13.3.1/thumb/v7e-m+fp/hard/crtbegin.o
                0x20000054                        . = ALIGN (0x4)

.bss            0x20000058      0x2c0 load address 0x080061bc
                0x20000058                        _sbss = .
                0x20000058                        __bss_start__ = _sbss
 *(.bss)
 .bss           0x20000058       0x1c C:/ST/STM32CubeIDE_2.0.0/STM32CubeIDE/plugins/com.st.stm32cube.ide.mcu.externaltools.gnu-tools-for-stm32.13.3.rel1.win32_1.0.100.202509120712/tools/bin/../lib/gcc/arm-none-eabi/13.3.1/thumb/v7e-m+fp/hard/crtbegin.o
 *(.bss*)
 .bss.g_w5500_status
                0x20000074        0x1 ./Core/Src/main.o
 *fill*         0x20000075        0x3 
 .bss.g_radio_timestamp_rx_count
                0x20000078        0x4 ./Core/Src/master_radio.o
                0x20000078                g_radio_timestamp_rx_count
 .bss.g_radio_grouped_event_count
                0x2000007c        0x4 ./Core/Src/master_radio.o
                0x2000007c                g_radio_grouped_event_count
 .bss.g_radio_nrf2_irq_count
                0x20000080        0x4 ./Core/Src/master_radio.o
                0x20000080                g_radio_nrf2_irq_count
 .bss.g_radio_nrf3_irq_count
                0x20000084        0x4 ./Core/Src/master_radio.o
                0x20000084                g_radio_nrf3_irq_count
 .bss.g_radio_nrf2_reset_tx_count
                0x20000088        0x4 ./Core/Src/master_radio.o
                0x20000088                g_radio_nrf2_reset_tx_count
 .bss.g_radio_nrf2_sync_tx_count
                0x2000008c        0x4 ./Core/Src/master_radio.o
                0x2000008c                g_radio_nrf2_sync_tx_count
 .bss.g_radio_nrf2_health_tx_count
                0x20000090        0x4 ./Core/Src/master_radio.o
                0x20000090                g_radio_nrf2_health_tx_count
 .bss.g_radio_nrf2_tx_ds_count
                0x20000094        0x4 ./Core/Src/master_radio.o
                0x20000094                g_radio_nrf2_tx_ds_count
 .bss.g_radio_nrf2_max_rt_count
                0x20000098        0x4 ./Core/Src/master_radio.o
                0x20000098                g_radio_nrf2_max_rt_count
 .bss.g_radio_nrf2_last_tx_cmd
                0x2000009c        0x1 ./Core/Src/master_radio.o
                0x2000009c                g_radio_nrf2_last_tx_cmd
 .bss.g_radio_nrf2_last_tx_no_ack
                0x2000009d        0x1 ./Core/Src/master_radio.o
                0x2000009d                g_radio_nrf2_last_tx_no_ack
 .bss.g_radio_nrf2_last_payload_spi_cmd
                0x2000009e        0x1 ./Core/Src/master_radio.o
                0x2000009e                g_radio_nrf2_last_payload_spi_cmd
 .bss.g_radio_nrf2_status_before_tx
                0x2000009f        0x1 ./Core/Src/master_radio.o
                0x2000009f                g_radio_nrf2_status_before_tx
 .bss.g_radio_nrf2_status_after_ce
                0x200000a0        0x1 ./Core/Src/master_radio.o
                0x200000a0                g_radio_nrf2_status_after_ce
 .bss.g_radio_nrf2_tx_addr0
                0x200000a1        0x1 ./Core/Src/master_radio.o
                0x200000a1                g_radio_nrf2_tx_addr0
 .bss.g_radio_nrf2_addr_mode
                0x200000a2        0x1 ./Core/Src/master_radio.o
                0x200000a2                g_radio_nrf2_addr_mode
 .bss.g_radio_nrf2_rx_p0_addr0
                0x200000a3        0x1 ./Core/Src/master_radio.o
                0x200000a3                g_radio_nrf2_rx_p0_addr0
 .bss.g_radio_health_waiting
                0x200000a4        0x1 ./Core/Src/master_radio.o
                0x200000a4                g_radio_health_waiting
 .bss.g_radio_health_cycle_active
                0x200000a5        0x1 ./Core/Src/master_radio.o
                0x200000a5                g_radio_health_cycle_active
 .bss.g_radio_health_status_0
                0x200000a6        0x1 ./Core/Src/master_radio.o
                0x200000a6                g_radio_health_status_0
 .bss.g_radio_health_status_1
                0x200000a7        0x1 ./Core/Src/master_radio.o
                0x200000a7                g_radio_health_status_1
 .bss.g_radio_health_status_2
                0x200000a8        0x1 ./Core/Src/master_radio.o
                0x200000a8                g_radio_health_status_2
 .bss.g_radio_health_status_3
                0x200000a9        0x1 ./Core/Src/master_radio.o
                0x200000a9                g_radio_health_status_3
 *fill*         0x200000aa        0x2 
 .bss.g_radio_nrf2_common_addr_restore_count
                0x200000ac        0x4 ./Core/Src/master_radio.o
                0x200000ac                g_radio_nrf2_common_addr_restore_count
 .bss.g_radio_nrf2_sync_deferred_count
                0x200000b0        0x4 ./Core/Src/master_radio.o
                0x200000b0                g_radio_nrf2_sync_deferred_count
 .bss.g_radio_last_event_id
                0x200000b4        0x1 ./Core/Src/master_radio.o
                0x200000b4                g_radio_last_event_id
 .bss.g_radio_health_mask
                0x200000b5        0x1 ./Core/Src/master_radio.o
                0x200000b5                g_radio_health_mask
 .bss.g_radio_nrf2_present
                0x200000b6        0x1 ./Core/Src/master_radio.o
                0x200000b6                g_radio_nrf2_present
 .bss.g_radio_nrf3_present
                0x200000b7        0x1 ./Core/Src/master_radio.o
                0x200000b7                g_radio_nrf3_present
 .bss.g_radio_nrf2_present_code
                0x200000b8        0x1 ./Core/Src/master_radio.o
                0x200000b8                g_radio_nrf2_present_code
 *fill*         0x200000b9        0x3 
 .bss.g_radio_nrf2_spi_error_count
                0x200000bc        0x4 ./Core/Src/master_radio.o
                0x200000bc                g_radio_nrf2_spi_error_count
 .bss.g_radio_nrf3_present_code
                0x200000c0        0x1 ./Core/Src/master_radio.o
                0x200000c0                g_radio_nrf3_present_code
 *fill*         0x200000c1        0x3 
 .bss.g_radio_nrf3_spi_error_count
                0x200000c4        0x4 ./Core/Src/master_radio.o
                0x200000c4                g_radio_nrf3_spi_error_count
 .bss.g_radio_nrf3_rx_dr_seen
                0x200000c8        0x1 ./Core/Src/master_radio.o
                0x200000c8                g_radio_nrf3_rx_dr_seen
 *fill*         0x200000c9        0x3 
 .bss.g_radio_nrf3_poll_rx_dr_count
                0x200000cc        0x4 ./Core/Src/master_radio.o
                0x200000cc                g_radio_nrf3_poll_rx_dr_count
 .bss.g_radio_nrf3_bad_pipe_count
                0x200000d0        0x4 ./Core/Src/master_radio.o
                0x200000d0                g_radio_nrf3_bad_pipe_count
 .bss.g_radio_nrf3_flush_count
                0x200000d4        0x4 ./Core/Src/master_radio.o
                0x200000d4                g_radio_nrf3_flush_count
 .bss.g_master_tim2_overflows
                0x200000d8        0x4 ./Core/Src/master_radio.o
                0x200000d8                g_master_tim2_overflows
 .bss.nrf2_irq_pending
                0x200000dc        0x1 ./Core/Src/master_radio.o
 .bss.nrf3_irq_pending
                0x200000dd        0x1 ./Core/Src/master_radio.o
 *fill*         0x200000de        0x2 
 .bss.event_groups
                0x200000e0       0xa0 ./Core/Src/master_radio.o
 .bss.health_status
                0x20000180        0x4 ./Core/Src/master_radio.o
 .bss.health_index
                0x20000184        0x1 ./Core/Src/master_radio.o
 .bss.health_waiting
                0x20000185        0x1 ./Core/Src/master_radio.o
 .bss.health_cycle_active
                0x20000186        0x1 ./Core/Src/master_radio.o
 *fill*         0x20000187        0x1 
 .bss.health_deadline_ms
                0x20000188        0x4 ./Core/Src/master_radio.o
 .bss.next_sync_ms
                0x2000018c        0x4 ./Core/Src/master_radio.o
 .bss.next_health_ms
                0x20000190        0x4 ./Core/Src/master_radio.o
 .bss.sync_start_ms
                0x20000194        0x4 ./Core/Src/master_radio.o
 .bss.next_debug_snapshot_ms
                0x20000198        0x4 ./Core/Src/master_radio.o
 .bss.hspi1     0x2000019c       0x58 ./Core/Src/spi.o
                0x2000019c                hspi1
 .bss.hspi2     0x200001f4       0x58 ./Core/Src/spi.o
                0x200001f4                hspi2
 .bss.hspi3     0x2000024c       0x58 ./Core/Src/spi.o
                0x2000024c                hspi3
 .bss.htim2     0x200002a4       0x48 ./Core/Src/tim.o
                0x200002a4                htim2
 .bss.g_w5500_int_flag
                0x200002ec        0x1 ./Core/Src/w5500_port.o
 *fill*         0x200002ed        0x3 
 .bss.uwTick    0x200002f0        0x4 ./Drivers/STM32F4xx_HAL_Driver/Src/stm32f4xx_hal.o
                0x200002f0                uwTick
 .bss.sock_io_mode
                0x200002f4        0x2 ./Middlewares/WIZnet/ioLibrary_Driver/Ethernet/socket.o
 .bss.sock_is_sending
                0x200002f6        0x2 ./Middlewares/WIZnet/ioLibrary_Driver/Ethernet/socket.o
 .bss.sock_remained_size
                0x200002f8       0x10 ./Middlewares/WIZnet/ioLibrary_Driver/Ethernet/socket.o
 .bss.sock_pack_info
                0x20000308        0x8 ./Middlewares/WIZnet/ioLibrary_Driver/Ethernet/socket.o
                0x20000308                sock_pack_info
 .bss._DNS_     0x20000310        0x4 ./Middlewares/WIZnet/ioLibrary_Driver/Ethernet/wizchip_conf.o
 .bss._DHCP_    0x20000314        0x1 ./Middlewares/WIZnet/ioLibrary_Driver/Ethernet/wizchip_conf.o
 *(COMMON)
                0x20000318                        . = ALIGN (0x4)
 *fill*         0x20000315        0x3 
                0x20000318                        _ebss = .
                0x20000318                        __bss_end__ = _ebss

._user_heap_stack
                0x20000318      0x600 load address 0x080061bc
                0x20000318                        . = ALIGN (0x8)
                [!provide]                        PROVIDE (end = .)
                0x20000318                        PROVIDE (_end = .)
                0x20000518                        . = (. + _Min_Heap_Size)
 *fill*         0x20000318      0x200 
                0x20000918                        . = (. + _Min_Stack_Size)
 *fill*         0x20000518      0x400 
                0x20000918                        . = ALIGN (0x8)

/DISCARD/
 libc.a(*)
 libm.a(*)
 libgcc.a(*)

.ARM.attributes
                0x00000000       0x30
 *(.ARM.attributes)
 .ARM.attributes
                0x00000000       0x22 C:/ST/STM32CubeIDE_2.0.0/STM32CubeIDE/plugins/com.st.stm32cube.ide.mcu.externaltools.gnu-tools-for-stm32.13.3.rel1.win32_1.0.100.202509120712/tools/bin/../lib/gcc/arm-none-eabi/13.3.1/thumb/v7e-m+fp/hard/crti.o
 .ARM.attributes
                0x00000022       0x34 C:/ST/STM32CubeIDE_2.0.0/STM32CubeIDE/plugins/com.st.stm32cube.ide.mcu.externaltools.gnu-tools-for-stm32.13.3.rel1.win32_1.0.100.202509120712/tools/bin/../lib/gcc/arm-none-eabi/13.3.1/thumb/v7e-m+fp/hard/crtbegin.o
 .ARM.attributes
                0x00000056       0x34 ./Core/Src/gpio.o
 .ARM.attributes
                0x0000008a       0x34 ./Core/Src/main.o
 .ARM.attributes
                0x000000be       0x34 ./Core/Src/master_radio.o
 .ARM.attributes
                0x000000f2       0x34 ./Core/Src/spi.o
 .ARM.attributes
                0x00000126       0x34 ./Core/Src/stm32f4xx_hal_msp.o
 .ARM.attributes
                0x0000015a       0x34 ./Core/Src/stm32f4xx_it.o
 .ARM.attributes
                0x0000018e       0x34 ./Core/Src/system_stm32f4xx.o
 .ARM.attributes
                0x000001c2       0x34 ./Core/Src/tim.o
 .ARM.attributes
                0x000001f6       0x34 ./Core/Src/w5500_port.o
 .ARM.attributes
                0x0000022a       0x21 ./Core/Startup/startup_stm32f411ceux.o
 .ARM.attributes
                0x0000024b       0x34 ./Drivers/STM32F4xx_HAL_Driver/Src/stm32f4xx_hal.o
 .ARM.attributes
                0x0000027f       0x34 ./Drivers/STM32F4xx_HAL_Driver/Src/stm32f4xx_hal_cortex.o
 .ARM.attributes
                0x000002b3       0x34 ./Drivers/STM32F4xx_HAL_Driver/Src/stm32f4xx_hal_gpio.o
 .ARM.attributes
                0x000002e7       0x34 ./Drivers/STM32F4xx_HAL_Driver/Src/stm32f4xx_hal_rcc.o
 .ARM.attributes
                0x0000031b       0x34 ./Drivers/STM32F4xx_HAL_Driver/Src/stm32f4xx_hal_spi.o
 .ARM.attributes
                0x0000034f       0x34 ./Drivers/STM32F4xx_HAL_Driver/Src/stm32f4xx_hal_tim.o
 .ARM.attributes
                0x00000383       0x34 ./Drivers/STM32F4xx_HAL_Driver/Src/stm32f4xx_hal_tim_ex.o
 .ARM.attributes
                0x000003b7       0x34 ./Middlewares/WIZnet/ioLibrary_Driver/Ethernet/W5500/w5500.o
 .ARM.attributes
                0x000003eb       0x34 ./Middlewares/WIZnet/ioLibrary_Driver/Ethernet/socket.o
 .ARM.attributes
                0x0000041f       0x34 ./Middlewares/WIZnet/ioLibrary_Driver/Ethernet/wizchip_conf.o
 .ARM.attributes
                0x00000453       0x34 C:/ST/STM32CubeIDE_2.0.0/STM32CubeIDE/plugins/com.st.stm32cube.ide.mcu.externaltools.gnu-tools-for-stm32.13.3.rel1.win32_1.0.100.202509120712/tools/bin/../lib/gcc/arm-none-eabi/13.3.1/../../../../arm-none-eabi/lib/thumb/v7e-m+fp/hard\libc_nano.a(libc_a-memset.o)
 .ARM.attributes
                0x00000487       0x34 C:/ST/STM32CubeIDE_2.0.0/STM32CubeIDE/plugins/com.st.stm32cube.ide.mcu.externaltools.gnu-tools-for-stm32.13.3.rel1.win32_1.0.100.202509120712/tools/bin/../lib/gcc/arm-none-eabi/13.3.1/../../../../arm-none-eabi/lib/thumb/v7e-m+fp/hard\libc_nano.a(libc_a-init.o)
 .ARM.attributes
                0x000004bb       0x22 C:/ST/STM32CubeIDE_2.0.0/STM32CubeIDE/plugins/com.st.stm32cube.ide.mcu.externaltools.gnu-tools-for-stm32.13.3.rel1.win32_1.0.100.202509120712/tools/bin/../lib/gcc/arm-none-eabi/13.3.1/thumb/v7e-m+fp/hard\libgcc.a(_aeabi_uldivmod.o)
 .ARM.attributes
                0x000004dd       0x34 C:/ST/STM32CubeIDE_2.0.0/STM32CubeIDE/plugins/com.st.stm32cube.ide.mcu.externaltools.gnu-tools-for-stm32.13.3.rel1.win32_1.0.100.202509120712/tools/bin/../lib/gcc/arm-none-eabi/13.3.1/thumb/v7e-m+fp/hard\libgcc.a(_udivmoddi4.o)
 .ARM.attributes
                0x00000511       0x22 C:/ST/STM32CubeIDE_2.0.0/STM32CubeIDE/plugins/com.st.stm32cube.ide.mcu.externaltools.gnu-tools-for-stm32.13.3.rel1.win32_1.0.100.202509120712/tools/bin/../lib/gcc/arm-none-eabi/13.3.1/thumb/v7e-m+fp/hard\libgcc.a(_dvmd_tls.o)
 .ARM.attributes
                0x00000533       0x22 C:/ST/STM32CubeIDE_2.0.0/STM32CubeIDE/plugins/com.st.stm32cube.ide.mcu.externaltools.gnu-tools-for-stm32.13.3.rel1.win32_1.0.100.202509120712/tools/bin/../lib/gcc/arm-none-eabi/13.3.1/thumb/v7e-m+fp/hard/crtn.o
OUTPUT(MASTER_MODULE.elf elf32-littlearm)
LOAD linker stubs
LOAD C:/ST/STM32CubeIDE_2.0.0/STM32CubeIDE/plugins/com.st.stm32cube.ide.mcu.externaltools.gnu-tools-for-stm32.13.3.rel1.win32_1.0.100.202509120712/tools/bin/../lib/gcc/arm-none-eabi/13.3.1/../../../../arm-none-eabi/lib/thumb/v7e-m+fp/hard\libc.a
LOAD C:/ST/STM32CubeIDE_2.0.0/STM32CubeIDE/plugins/com.st.stm32cube.ide.mcu.externaltools.gnu-tools-for-stm32.13.3.rel1.win32_1.0.100.202509120712/tools/bin/../lib/gcc/arm-none-eabi/13.3.1/../../../../arm-none-eabi/lib/thumb/v7e-m+fp/hard\libm.a
LOAD C:/ST/STM32CubeIDE_2.0.0/STM32CubeIDE/plugins/com.st.stm32cube.ide.mcu.externaltools.gnu-tools-for-stm32.13.3.rel1.win32_1.0.100.202509120712/tools/bin/../lib/gcc/arm-none-eabi/13.3.1/thumb/v7e-m+fp/hard\libgcc.a

.debug_info     0x00000000     0xfe7d
 .debug_info    0x00000000      0x5fc ./Core/Src/gpio.o
 .debug_info    0x000005fc      0xcb5 ./Core/Src/main.o
 .debug_info    0x000012b1     0x1ed9 ./Core/Src/master_radio.o
 .debug_info    0x0000318a      0xa36 ./Core/Src/spi.o
 .debug_info    0x00003bc0      0x291 ./Core/Src/stm32f4xx_hal_msp.o
 .debug_info    0x00003e51      0x734 ./Core/Src/stm32f4xx_it.o
 .debug_info    0x00004585      0x53e ./Core/Src/system_stm32f4xx.o
 .debug_info    0x00004ac3      0xb98 ./Core/Src/tim.o
 .debug_info    0x0000565b      0xf59 ./Core/Src/w5500_port.o
 .debug_info    0x000065b4       0x30 ./Core/Startup/startup_stm32f411ceux.o
 .debug_info    0x000065e4      0x8c4 ./Drivers/STM32F4xx_HAL_Driver/Src/stm32f4xx_hal.o
 .debug_info    0x00006ea8      0xcfc ./Drivers/STM32F4xx_HAL_Driver/Src/stm32f4xx_hal_cortex.o
 .debug_info    0x00007ba4      0x6f9 ./Drivers/STM32F4xx_HAL_Driver/Src/stm32f4xx_hal_gpio.o
 .debug_info    0x0000829d      0x904 ./Drivers/STM32F4xx_HAL_Driver/Src/stm32f4xx_hal_rcc.o
 .debug_info    0x00008ba1     0x1530 ./Drivers/STM32F4xx_HAL_Driver/Src/stm32f4xx_hal_spi.o
 .debug_info    0x0000a0d1     0x2996 ./Drivers/STM32F4xx_HAL_Driver/Src/stm32f4xx_hal_tim.o
 .debug_info    0x0000ca67     0x14d4 ./Drivers/STM32F4xx_HAL_Driver/Src/stm32f4xx_hal_tim_ex.o
 .debug_info    0x0000df3b      0x5e6 ./Middlewares/WIZnet/ioLibrary_Driver/Ethernet/W5500/w5500.o
 .debug_info    0x0000e521      0xa1d ./Middlewares/WIZnet/ioLibrary_Driver/Ethernet/socket.o
 .debug_info    0x0000ef3e      0xf3f ./Middlewares/WIZnet/ioLibrary_Driver/Ethernet/wizchip_conf.o

.debug_abbrev   0x00000000     0x2b3d
 .debug_abbrev  0x00000000      0x173 ./Core/Src/gpio.o
 .debug_abbrev  0x00000173      0x250 ./Core/Src/main.o
 .debug_abbrev  0x000003c3      0x3d3 ./Core/Src/master_radio.o
 .debug_abbrev  0x00000796      0x1fe ./Core/Src/spi.o
 .debug_abbrev  0x00000994       0xd8 ./Core/Src/stm32f4xx_hal_msp.o
 .debug_abbrev  0x00000a6c      0x1ba ./Core/Src/stm32f4xx_it.o
 .debug_abbrev  0x00000c26      0x11a ./Core/Src/system_stm32f4xx.o
 .debug_abbrev  0x00000d40      0x20a ./Core/Src/tim.o
 .debug_abbrev  0x00000f4a      0x397 ./Core/Src/w5500_port.o
 .debug_abbrev  0x000012e1       0x24 ./Core/Startup/startup_stm32f411ceux.o
 .debug_abbrev  0x00001305      0x24b ./Drivers/STM32F4xx_HAL_Driver/Src/stm32f4xx_hal.o
 .debug_abbrev  0x00001550      0x31d ./Drivers/STM32F4xx_HAL_Driver/Src/stm32f4xx_hal_cortex.o
 .debug_abbrev  0x0000186d      0x1d3 ./Drivers/STM32F4xx_HAL_Driver/Src/stm32f4xx_hal_gpio.o
 .debug_abbrev  0x00001a40      0x2b6 ./Drivers/STM32F4xx_HAL_Driver/Src/stm32f4xx_hal_rcc.o
 .debug_abbrev  0x00001cf6      0x276 ./Drivers/STM32F4xx_HAL_Driver/Src/stm32f4xx_hal_spi.o
 .debug_abbrev  0x00001f6c      0x28b ./Drivers/STM32F4xx_HAL_Driver/Src/stm32f4xx_hal_tim.o
 .debug_abbrev  0x000021f7      0x296 ./Drivers/STM32F4xx_HAL_Driver/Src/stm32f4xx_hal_tim_ex.o
 .debug_abbrev  0x0000248d      0x1cb ./Middlewares/WIZnet/ioLibrary_Driver/Ethernet/W5500/w5500.o
 .debug_abbrev  0x00002658      0x1c5 ./Middlewares/WIZnet/ioLibrary_Driver/Ethernet/socket.o
 .debug_abbrev  0x0000281d      0x320 ./Middlewares/WIZnet/ioLibrary_Driver/Ethernet/wizchip_conf.o

.debug_aranges  0x00000000     0x10a8
 .debug_aranges
                0x00000000       0x20 ./Core/Src/gpio.o
 .debug_aranges
                0x00000020       0x40 ./Core/Src/main.o
 .debug_aranges
                0x00000060      0x1a0 ./Core/Src/master_radio.o
 .debug_aranges
                0x00000200       0x40 ./Core/Src/spi.o
 .debug_aranges
                0x00000240       0x20 ./Core/Src/stm32f4xx_hal_msp.o
 .debug_aranges
                0x00000260       0x80 ./Core/Src/stm32f4xx_it.o
 .debug_aranges
                0x000002e0       0x28 ./Core/Src/system_stm32f4xx.o
 .debug_aranges
                0x00000308       0x30 ./Core/Src/tim.o
 .debug_aranges
                0x00000338       0xd0 ./Core/Src/w5500_port.o
 .debug_aranges
                0x00000408       0x28 ./Core/Startup/startup_stm32f411ceux.o
 .debug_aranges
                0x00000430       0xf0 ./Drivers/STM32F4xx_HAL_Driver/Src/stm32f4xx_hal.o
 .debug_aranges
                0x00000520      0x130 ./Drivers/STM32F4xx_HAL_Driver/Src/stm32f4xx_hal_cortex.o
 .debug_aranges
                0x00000650       0x58 ./Drivers/STM32F4xx_HAL_Driver/Src/stm32f4xx_hal_gpio.o
 .debug_aranges
                0x000006a8       0x88 ./Drivers/STM32F4xx_HAL_Driver/Src/stm32f4xx_hal_rcc.o
 .debug_aranges
                0x00000730      0x1d0 ./Drivers/STM32F4xx_HAL_Driver/Src/stm32f4xx_hal_spi.o
 .debug_aranges
                0x00000900      0x3d0 ./Drivers/STM32F4xx_HAL_Driver/Src/stm32f4xx_hal_tim.o
 .debug_aranges
                0x00000cd0      0x168 ./Drivers/STM32F4xx_HAL_Driver/Src/stm32f4xx_hal_tim_ex.o
 .debug_aranges
                0x00000e38       0x60 ./Middlewares/WIZnet/ioLibrary_Driver/Ethernet/W5500/w5500.o
 .debug_aranges
                0x00000e98       0xa8 ./Middlewares/WIZnet/ioLibrary_Driver/Ethernet/socket.o
 .debug_aranges
                0x00000f40      0x168 ./Middlewares/WIZnet/ioLibrary_Driver/Ethernet/wizchip_conf.o

.debug_rnglists
                0x00000000      0xcfb
 .debug_rnglists
                0x00000000       0x14 ./Core/Src/gpio.o
 .debug_rnglists
                0x00000014       0x2c ./Core/Src/main.o
 .debug_rnglists
                0x00000040      0x155 ./Core/Src/master_radio.o
 .debug_rnglists
                0x00000195       0x2d ./Core/Src/spi.o
 .debug_rnglists
                0x000001c2       0x13 ./Core/Src/stm32f4xx_hal_msp.o
 .debug_rnglists
                0x000001d5       0x5b ./Core/Src/stm32f4xx_it.o
 .debug_rnglists
                0x00000230       0x1a ./Core/Src/system_stm32f4xx.o
 .debug_rnglists
                0x0000024a       0x20 ./Core/Src/tim.o
 .debug_rnglists
                0x0000026a       0xa8 ./Core/Src/w5500_port.o
 .debug_rnglists
                0x00000312       0x19 ./Core/Startup/startup_stm32f411ceux.o
 .debug_rnglists
                0x0000032b       0xaf ./Drivers/STM32F4xx_HAL_Driver/Src/stm32f4xx_hal.o
 .debug_rnglists
                0x000003da       0xe0 ./Drivers/STM32F4xx_HAL_Driver/Src/stm32f4xx_hal_cortex.o
 .debug_rnglists
                0x000004ba       0x3f ./Drivers/STM32F4xx_HAL_Driver/Src/stm32f4xx_hal_gpio.o
 .debug_rnglists
                0x000004f9       0x66 ./Drivers/STM32F4xx_HAL_Driver/Src/stm32f4xx_hal_rcc.o
 .debug_rnglists
                0x0000055f      0x16f ./Drivers/STM32F4xx_HAL_Driver/Src/stm32f4xx_hal_spi.o
 .debug_rnglists
                0x000006ce      0x31a ./Drivers/STM32F4xx_HAL_Driver/Src/stm32f4xx_hal_tim.o
 .debug_rnglists
                0x000009e8      0x125 ./Drivers/STM32F4xx_HAL_Driver/Src/stm32f4xx_hal_tim_ex.o
 .debug_rnglists
                0x00000b0d       0x4c ./Middlewares/WIZnet/ioLibrary_Driver/Ethernet/W5500/w5500.o
 .debug_rnglists
                0x00000b59       0x91 ./Middlewares/WIZnet/ioLibrary_Driver/Ethernet/socket.o
 .debug_rnglists
                0x00000bea      0x111 ./Middlewares/WIZnet/ioLibrary_Driver/Ethernet/wizchip_conf.o

.debug_macro    0x00000000    0x17884
 .debug_macro   0x00000000      0x1e7 ./Core/Src/gpio.o
 .debug_macro   0x000001e7      0xad8 ./Core/Src/gpio.o
 .debug_macro   0x00000cbf      0x29b ./Core/Src/gpio.o
 .debug_macro   0x00000f5a       0x2e ./Core/Src/gpio.o
 .debug_macro   0x00000f88       0x28 ./Core/Src/gpio.o
 .debug_macro   0x00000fb0       0x22 ./Core/Src/gpio.o
 .debug_macro   0x00000fd2       0x8e ./Core/Src/gpio.o
 .debug_macro   0x00001060       0x51 ./Core/Src/gpio.o
 .debug_macro   0x000010b1      0x103 ./Core/Src/gpio.o
 .debug_macro   0x000011b4       0x6a ./Core/Src/gpio.o
 .debug_macro   0x0000121e      0x1df ./Core/Src/gpio.o
 .debug_macro   0x000013fd       0x1c ./Core/Src/gpio.o
 .debug_macro   0x00001419       0x22 ./Core/Src/gpio.o
 .debug_macro   0x0000143b       0xfb ./Core/Src/gpio.o
 .debug_macro   0x00001536     0x1011 ./Core/Src/gpio.o
 .debug_macro   0x00002547      0x11f ./Core/Src/gpio.o
 .debug_macro   0x00002666     0xb968 ./Core/Src/gpio.o
 .debug_macro   0x0000dfce       0x6d ./Core/Src/gpio.o
 .debug_macro   0x0000e03b     0x3693 ./Core/Src/gpio.o
 .debug_macro   0x000116ce      0x190 ./Core/Src/gpio.o
 .debug_macro   0x0001185e       0x5c ./Core/Src/gpio.o
 .debug_macro   0x000118ba      0x45c ./Core/Src/gpio.o
 .debug_macro   0x00011d16      0x9e9 ./Core/Src/gpio.o
 .debug_macro   0x000126ff      0x115 ./Core/Src/gpio.o
 .debug_macro   0x00012814      0x11b ./Core/Src/gpio.o
 .debug_macro   0x0001292f       0xa5 ./Core/Src/gpio.o
 .debug_macro   0x000129d4      0x15f ./Core/Src/gpio.o
 .debug_macro   0x00012b33      0x287 ./Core/Src/gpio.o
 .debug_macro   0x00012dba       0x5f ./Core/Src/gpio.o
 .debug_macro   0x00012e19      0x236 ./Core/Src/gpio.o
 .debug_macro   0x0001304f      0x132 ./Core/Src/gpio.o
 .debug_macro   0x00013181      0x264 ./Core/Src/gpio.o
 .debug_macro   0x000133e5       0x2e ./Core/Src/gpio.o
 .debug_macro   0x00013413      0x127 ./Core/Src/gpio.o
 .debug_macro   0x0001353a       0x85 ./Core/Src/gpio.o
 .debug_macro   0x000135bf       0x89 ./Core/Src/gpio.o
 .debug_macro   0x00013648      0x225 ./Core/Src/gpio.o
 .debug_macro   0x0001386d      0x8ed ./Core/Src/gpio.o
 .debug_macro   0x0001415a       0x47 ./Core/Src/gpio.o
 .debug_macro   0x000141a1      0x126 ./Core/Src/gpio.o
 .debug_macro   0x000142c7       0x8e ./Core/Src/gpio.o
 .debug_macro   0x00014355      0x21b ./Core/Src/main.o
 .debug_macro   0x00014570       0xd6 ./Core/Src/main.o
 .debug_macro   0x00014646       0x22 ./Core/Src/main.o
 .debug_macro   0x00014668      0x463 ./Core/Src/master_radio.o
 .debug_macro   0x00014acb       0x61 ./Core/Src/master_radio.o
 .debug_macro   0x00014b2c       0x2a ./Core/Src/master_radio.o
 .debug_macro   0x00014b56       0x43 ./Core/Src/master_radio.o
 .debug_macro   0x00014b99       0x34 ./Core/Src/master_radio.o
 .debug_macro   0x00014bcd      0x370 ./Core/Src/master_radio.o
 .debug_macro   0x00014f3d       0x16 ./Core/Src/master_radio.o
 .debug_macro   0x00014f53       0x4a ./Core/Src/master_radio.o
 .debug_macro   0x00014f9d       0x34 ./Core/Src/master_radio.o
 .debug_macro   0x00014fd1       0x10 ./Core/Src/master_radio.o
 .debug_macro   0x00014fe1       0x58 ./Core/Src/master_radio.o
 .debug_macro   0x00015039       0x8e ./Core/Src/master_radio.o
 .debug_macro   0x000150c7       0x1c ./Core/Src/master_radio.o
 .debug_macro   0x000150e3      0x185 ./Core/Src/master_radio.o
 .debug_macro   0x00015268       0x10 ./Core/Src/master_radio.o
 .debug_macro   0x00015278       0x3c ./Core/Src/master_radio.o
 .debug_macro   0x000152b4       0x20 ./Core/Src/master_radio.o
 .debug_macro   0x000152d4      0x1e7 ./Core/Src/spi.o
 .debug_macro   0x000154bb      0x1dd ./Core/Src/stm32f4xx_hal_msp.o
 .debug_macro   0x00015698      0x1e7 ./Core/Src/stm32f4xx_it.o
 .debug_macro   0x0001587f      0x1ce ./Core/Src/system_stm32f4xx.o
 .debug_macro   0x00015a4d      0x1e7 ./Core/Src/tim.o
 .debug_macro   0x00015c34      0x31f ./Core/Src/w5500_port.o
 .debug_macro   0x00015f53       0xd0 ./Core/Src/w5500_port.o
 .debug_macro   0x00016023       0x91 ./Core/Src/w5500_port.o
 .debug_macro   0x000160b4      0x5fc ./Core/Src/w5500_port.o
 .debug_macro   0x000166b0       0x66 ./Core/Src/w5500_port.o
 .debug_macro   0x00016716      0x180 ./Core/Src/w5500_port.o
 .debug_macro   0x00016896      0x22e ./Drivers/STM32F4xx_HAL_Driver/Src/stm32f4xx_hal.o
 .debug_macro   0x00016ac4      0x1ce ./Drivers/STM32F4xx_HAL_Driver/Src/stm32f4xx_hal_cortex.o
 .debug_macro   0x00016c92      0x1d4 ./Drivers/STM32F4xx_HAL_Driver/Src/stm32f4xx_hal_gpio.o
 .debug_macro   0x00016e66      0x1f2 ./Drivers/STM32F4xx_HAL_Driver/Src/stm32f4xx_hal_rcc.o
 .debug_macro   0x00017058      0x1dd ./Drivers/STM32F4xx_HAL_Driver/Src/stm32f4xx_hal_spi.o
 .debug_macro   0x00017235      0x1cf ./Drivers/STM32F4xx_HAL_Driver/Src/stm32f4xx_hal_tim.o
 .debug_macro   0x00017404      0x1ce ./Drivers/STM32F4xx_HAL_Driver/Src/stm32f4xx_hal_tim_ex.o
 .debug_macro   0x000175d2       0x9d ./Middlewares/WIZnet/ioLibrary_Driver/Ethernet/W5500/w5500.o
 .debug_macro   0x0001766f       0xf6 ./Middlewares/WIZnet/ioLibrary_Driver/Ethernet/socket.o
 .debug_macro   0x00017765       0x8b ./Middlewares/WIZnet/ioLibrary_Driver/Ethernet/socket.o
 .debug_macro   0x000177f0       0x94 ./Middlewares/WIZnet/ioLibrary_Driver/Ethernet/wizchip_conf.o

.debug_line     0x00000000    0x1214c
 .debug_line    0x00000000      0x7b8 ./Core/Src/gpio.o
 .debug_line    0x000007b8      0x861 ./Core/Src/main.o
 .debug_line    0x00001019     0x1750 ./Core/Src/master_radio.o
 .debug_line    0x00002769      0x8b4 ./Core/Src/spi.o
 .debug_line    0x0000301d      0x749 ./Core/Src/stm32f4xx_hal_msp.o
 .debug_line    0x00003766      0x858 ./Core/Src/stm32f4xx_it.o
 .debug_line    0x00003fbe      0x7bf ./Core/Src/system_stm32f4xx.o
 .debug_line    0x0000477d      0x7c3 ./Core/Src/tim.o
 .debug_line    0x00004f40      0xf10 ./Core/Src/w5500_port.o
 .debug_line    0x00005e50       0x7a ./Core/Startup/startup_stm32f411ceux.o
 .debug_line    0x00005eca      0xa3b ./Drivers/STM32F4xx_HAL_Driver/Src/stm32f4xx_hal.o
 .debug_line    0x00006905      0xd0b ./Drivers/STM32F4xx_HAL_Driver/Src/stm32f4xx_hal_cortex.o
 .debug_line    0x00007610      0xb57 ./Drivers/STM32F4xx_HAL_Driver/Src/stm32f4xx_hal_gpio.o
 .debug_line    0x00008167      0xe48 ./Drivers/STM32F4xx_HAL_Driver/Src/stm32f4xx_hal_rcc.o
 .debug_line    0x00008faf     0x1cd6 ./Drivers/STM32F4xx_HAL_Driver/Src/stm32f4xx_hal_spi.o
 .debug_line    0x0000ac85     0x357a ./Drivers/STM32F4xx_HAL_Driver/Src/stm32f4xx_hal_tim.o
 .debug_line    0x0000e1ff     0x1936 ./Drivers/STM32F4xx_HAL_Driver/Src/stm32f4xx_hal_tim_ex.o
 .debug_line    0x0000fb35      0x84b ./Middlewares/WIZnet/ioLibrary_Driver/Ethernet/W5500/w5500.o
 .debug_line    0x00010380     0x1015 ./Middlewares/WIZnet/ioLibrary_Driver/Ethernet/socket.o
 .debug_line    0x00011395      0xdb7 ./Middlewares/WIZnet/ioLibrary_Driver/Ethernet/wizchip_conf.o

.debug_str      0x00000000    0x92d04
 .debug_str     0x00000000    0x92d04 ./Core/Src/gpio.o
                              0x86f1b (size before relaxing)
 .debug_str     0x00092d04        0x0 ./Core/Src/main.o
                              0x8771e (size before relaxing)
 .debug_str     0x00092d04        0x0 ./Core/Src/master_radio.o
                              0x8bacc (size before relaxing)
 .debug_str     0x00092d04        0x0 ./Core/Src/spi.o
                              0x87005 (size before relaxing)
 .debug_str     0x00092d04        0x0 ./Core/Src/stm32f4xx_hal_msp.o
                              0x86a88 (size before relaxing)
 .debug_str     0x00092d04        0x0 ./Core/Src/stm32f4xx_it.o
                              0x86fc0 (size before relaxing)
 .debug_str     0x00092d04        0x0 ./Core/Src/system_stm32f4xx.o
                              0x868f2 (size before relaxing)
 .debug_str     0x00092d04        0x0 ./Core/Src/tim.o
                              0x87505 (size before relaxing)
 .debug_str     0x00092d04        0x0 ./Core/Src/w5500_port.o
                              0x8dcfd (size before relaxing)
 .debug_str     0x00092d04        0x0 ./Core/Startup/startup_stm32f411ceux.o
                                 0x63 (size before relaxing)
 .debug_str     0x00092d04        0x0 ./Drivers/STM32F4xx_HAL_Driver/Src/stm32f4xx_hal.o
                              0x8731e (size before relaxing)
 .debug_str     0x00092d04        0x0 ./Drivers/STM32F4xx_HAL_Driver/Src/stm32f4xx_hal_cortex.o
                              0x87088 (size before relaxing)
 .debug_str     0x00092d04        0x0 ./Drivers/STM32F4xx_HAL_Driver/Src/stm32f4xx_hal_gpio.o
                              0x86a6d (size before relaxing)
 .debug_str     0x00092d04        0x0 ./Drivers/STM32F4xx_HAL_Driver/Src/stm32f4xx_hal_rcc.o
                              0x86d26 (size before relaxing)
 .debug_str     0x00092d04        0x0 ./Drivers/STM32F4xx_HAL_Driver/Src/stm32f4xx_hal_spi.o
                              0x8719e (size before relaxing)
 .debug_str     0x00092d04        0x0 ./Drivers/STM32F4xx_HAL_Driver/Src/stm32f4xx_hal_tim.o
                              0x87c6a (size before relaxing)
 .debug_str     0x00092d04        0x0 ./Drivers/STM32F4xx_HAL_Driver/Src/stm32f4xx_hal_tim_ex.o
                              0x87476 (size before relaxing)
 .debug_str     0x00092d04        0x0 ./Middlewares/WIZnet/ioLibrary_Driver/Ethernet/W5500/w5500.o
                               0x6c38 (size before relaxing)
 .debug_str     0x00092d04        0x0 ./Middlewares/WIZnet/ioLibrary_Driver/Ethernet/socket.o
                               0x78c5 (size before relaxing)
 .debug_str     0x00092d04        0x0 ./Middlewares/WIZnet/ioLibrary_Driver/Ethernet/wizchip_conf.o
                               0x7651 (size before relaxing)

.comment        0x00000000       0x43
 .comment       0x00000000       0x43 ./Core/Src/gpio.o
                                 0x44 (size before relaxing)
 .comment       0x00000043        0x0 ./Core/Src/main.o
                                 0x44 (size before relaxing)
 .comment       0x00000043        0x0 ./Core/Src/master_radio.o
                                 0x44 (size before relaxing)
 .comment       0x00000043        0x0 ./Core/Src/spi.o
                                 0x44 (size before relaxing)
 .comment       0x00000043        0x0 ./Core/Src/stm32f4xx_hal_msp.o
                                 0x44 (size before relaxing)
 .comment       0x00000043        0x0 ./Core/Src/stm32f4xx_it.o
                                 0x44 (size before relaxing)
 .comment       0x00000043        0x0 ./Core/Src/system_stm32f4xx.o
                                 0x44 (size before relaxing)
 .comment       0x00000043        0x0 ./Core/Src/tim.o
                                 0x44 (size before relaxing)
 .comment       0x00000043        0x0 ./Core/Src/w5500_port.o
                                 0x44 (size before relaxing)
 .comment       0x00000043        0x0 ./Drivers/STM32F4xx_HAL_Driver/Src/stm32f4xx_hal.o
                                 0x44 (size before relaxing)
 .comment       0x00000043        0x0 ./Drivers/STM32F4xx_HAL_Driver/Src/stm32f4xx_hal_cortex.o
                                 0x44 (size before relaxing)
 .comment       0x00000043        0x0 ./Drivers/STM32F4xx_HAL_Driver/Src/stm32f4xx_hal_gpio.o
                                 0x44 (size before relaxing)
 .comment       0x00000043        0x0 ./Drivers/STM32F4xx_HAL_Driver/Src/stm32f4xx_hal_rcc.o
                                 0x44 (size before relaxing)
 .comment       0x00000043        0x0 ./Drivers/STM32F4xx_HAL_Driver/Src/stm32f4xx_hal_spi.o
                                 0x44 (size before relaxing)
 .comment       0x00000043        0x0 ./Drivers/STM32F4xx_HAL_Driver/Src/stm32f4xx_hal_tim.o
                                 0x44 (size before relaxing)
 .comment       0x00000043        0x0 ./Drivers/STM32F4xx_HAL_Driver/Src/stm32f4xx_hal_tim_ex.o
                                 0x44 (size before relaxing)
 .comment       0x00000043        0x0 ./Middlewares/WIZnet/ioLibrary_Driver/Ethernet/W5500/w5500.o
                                 0x44 (size before relaxing)
 .comment       0x00000043        0x0 ./Middlewares/WIZnet/ioLibrary_Driver/Ethernet/socket.o
                                 0x44 (size before relaxing)
 .comment       0x00000043        0x0 ./Middlewares/WIZnet/ioLibrary_Driver/Ethernet/wizchip_conf.o
                                 0x44 (size before relaxing)

.debug_frame    0x00000000     0x4528
 .debug_frame   0x00000000       0x34 ./Core/Src/gpio.o
 .debug_frame   0x00000034       0xb0 ./Core/Src/main.o
 .debug_frame   0x000000e4      0x730 ./Core/Src/master_radio.o
 .debug_frame   0x00000814       0xac ./Core/Src/spi.o
 .debug_frame   0x000008c0       0x38 ./Core/Src/stm32f4xx_hal_msp.o
 .debug_frame   0x000008f8      0x174 ./Core/Src/stm32f4xx_it.o
 .debug_frame   0x00000a6c       0x58 ./Core/Src/system_stm32f4xx.o
 .debug_frame   0x00000ac4       0x7c ./Core/Src/tim.o
 .debug_frame   0x00000b40      0x330 ./Core/Src/w5500_port.o
 .debug_frame   0x00000e70      0x374 ./Drivers/STM32F4xx_HAL_Driver/Src/stm32f4xx_hal.o
 .debug_frame   0x000011e4      0x508 ./Drivers/STM32F4xx_HAL_Driver/Src/stm32f4xx_hal_cortex.o
 .debug_frame   0x000016ec      0x14c ./Drivers/STM32F4xx_HAL_Driver/Src/stm32f4xx_hal_gpio.o
 .debug_frame   0x00001838      0x1f4 ./Drivers/STM32F4xx_HAL_Driver/Src/stm32f4xx_hal_rcc.o
 .debug_frame   0x00001a2c      0x828 ./Drivers/STM32F4xx_HAL_Driver/Src/stm32f4xx_hal_spi.o
 .debug_frame   0x00002254     0x11b8 ./Drivers/STM32F4xx_HAL_Driver/Src/stm32f4xx_hal_tim.o
 .debug_frame   0x0000340c      0x638 ./Drivers/STM32F4xx_HAL_Driver/Src/stm32f4xx_hal_tim_ex.o
 .debug_frame   0x00003a44      0x16c ./Middlewares/WIZnet/ioLibrary_Driver/Ethernet/W5500/w5500.o
 .debug_frame   0x00003bb0      0x2b0 ./Middlewares/WIZnet/ioLibrary_Driver/Ethernet/socket.o
 .debug_frame   0x00003e60      0x61c ./Middlewares/WIZnet/ioLibrary_Driver/Ethernet/wizchip_conf.o
 .debug_frame   0x0000447c       0x20 C:/ST/STM32CubeIDE_2.0.0/STM32CubeIDE/plugins/com.st.stm32cube.ide.mcu.externaltools.gnu-tools-for-stm32.13.3.rel1.win32_1.0.100.202509120712/tools/bin/../lib/gcc/arm-none-eabi/13.3.1/../../../../arm-none-eabi/lib/thumb/v7e-m+fp/hard\libc_nano.a(libc_a-memset.o)
 .debug_frame   0x0000449c       0x2c C:/ST/STM32CubeIDE_2.0.0/STM32CubeIDE/plugins/com.st.stm32cube.ide.mcu.externaltools.gnu-tools-for-stm32.13.3.rel1.win32_1.0.100.202509120712/tools/bin/../lib/gcc/arm-none-eabi/13.3.1/../../../../arm-none-eabi/lib/thumb/v7e-m+fp/hard\libc_nano.a(libc_a-init.o)
 .debug_frame   0x000044c8       0x2c C:/ST/STM32CubeIDE_2.0.0/STM32CubeIDE/plugins/com.st.stm32cube.ide.mcu.externaltools.gnu-tools-for-stm32.13.3.rel1.win32_1.0.100.202509120712/tools/bin/../lib/gcc/arm-none-eabi/13.3.1/thumb/v7e-m+fp/hard\libgcc.a(_aeabi_uldivmod.o)
 .debug_frame   0x000044f4       0x34 C:/ST/STM32CubeIDE_2.0.0/STM32CubeIDE/plugins/com.st.stm32cube.ide.mcu.externaltools.gnu-tools-for-stm32.13.3.rel1.win32_1.0.100.202509120712/tools/bin/../lib/gcc/arm-none-eabi/13.3.1/thumb/v7e-m+fp/hard\libgcc.a(_udivmoddi4.o)

.debug_line_str
                0x00000000       0x47
 .debug_line_str
                0x00000000       0x47 ./Core/Startup/startup_stm32f411ceux.o
