../Middlewares/WIZnet/ioLibrary_Driver/Ethernet/socket.c:202:8:socket	48	static
../Middlewares/WIZnet/ioLibrary_Driver/Ethernet/socket.c:361:8:close	16	static
../Middlewares/WIZnet/ioLibrary_Driver/Ethernet/socket.c:402:8:listen	16	static
../Middlewares/WIZnet/ioLibrary_Driver/Ethernet/socket.c:415:8:connect_W5x00	16	static
../Middlewares/WIZnet/ioLibrary_Driver/Ethernet/socket.c:423:8:connect_W6x00	16	static
../Middlewares/WIZnet/ioLibrary_Driver/Ethernet/socket.c:431:15:connect_IO_6	24	static
../Middlewares/WIZnet/ioLibrary_Driver/Ethernet/socket.c:496:8:disconnect	16	static
../Middlewares/WIZnet/ioLibrary_Driver/Ethernet/socket.c:519:9:send	24	static
../Middlewares/WIZnet/ioLibrary_Driver/Ethernet/socket.c:641:9:recv	32	static
../Middlewares/WIZnet/ioLibrary_Driver/Ethernet/socket.c:763:9:sendto_W5x00	32	static
../Middlewares/WIZnet/ioLibrary_Driver/Ethernet/socket.c:769:9:sendto_W6x00	32	static
../Middlewares/WIZnet/ioLibrary_Driver/Ethernet/socket.c:775:16:sendto_IO_6	32	static
../Middlewares/WIZnet/ioLibrary_Driver/Ethernet/socket.c:933:9:recvfrom_W5x00	40	static
../Middlewares/WIZnet/ioLibrary_Driver/Ethernet/socket.c:941:9:recvfrom_W6x00	32	static
../Middlewares/WIZnet/ioLibrary_Driver/Ethernet/socket.c:946:16:recvfrom_IO_6	40	static
../Middlewares/WIZnet/ioLibrary_Driver/Ethernet/socket.c:1230:9:ctlsocket	24	static
../Middlewares/WIZnet/ioLibrary_Driver/Ethernet/socket.c:1293:9:setsockopt	16	static
../Middlewares/WIZnet/ioLibrary_Driver/Ethernet/socket.c:1349:8:getsockopt	24	static
