Archive member included to satisfy reference by file (symbol)

C:/ST/STM32CubeIDE_2.0.0/STM32CubeIDE/plugins/com.st.stm32cube.ide.mcu.externaltools.gnu-tools-for-stm32.13.3.rel1.win32_1.0.100.202509120712/tools/bin/../lib/gcc/arm-none-eabi/13.3.1/../../../../arm-none-eabi/lib/thumb/v7e-m+fp/hard\libc_nano.a(libc_a-exit.o)
                              C:/ST/STM32CubeIDE_2.0.0/STM32CubeIDE/plugins/com.st.stm32cube.ide.mcu.externaltools.gnu-tools-for-stm32.13.3.rel1.win32_1.0.100.202509120712/tools/bin/../lib/gcc/arm-none-eabi/13.3.1/../../../../arm-none-eabi/lib/thumb/v7e-m+fp/hard/crt0.o (exit)
C:/ST/STM32CubeIDE_2.0.0/STM32CubeIDE/plugins/com.st.stm32cube.ide.mcu.externaltools.gnu-tools-for-stm32.13.3.rel1.win32_1.0.100.202509120712/tools/bin/../lib/gcc/arm-none-eabi/13.3.1/../../../../arm-none-eabi/lib/thumb/v7e-m+fp/hard\libc_nano.a(libc_a-findfp.o)
                              C:/ST/STM32CubeIDE_2.0.0/STM32CubeIDE/plugins/com.st.stm32cube.ide.mcu.externaltools.gnu-tools-for-stm32.13.3.rel1.win32_1.0.100.202509120712/tools/bin/../lib/gcc/arm-none-eabi/13.3.1/../../../../arm-none-eabi/lib/thumb/v7e-m+fp/hard\libc_nano.a(libc_a-exit.o) (__stdio_exit_handler)
C:/ST/STM32CubeIDE_2.0.0/STM32CubeIDE/plugins/com.st.stm32cube.ide.mcu.externaltools.gnu-tools-for-stm32.13.3.rel1.win32_1.0.100.202509120712/tools/bin/../lib/gcc/arm-none-eabi/13.3.1/../../../../arm-none-eabi/lib/thumb/v7e-m+fp/hard\libc_nano.a(libc_a-fwalk.o)
                              C:/ST/STM32CubeIDE_2.0.0/STM32CubeIDE/plugins/com.st.stm32cube.ide.mcu.externaltools.gnu-tools-for-stm32.13.3.rel1.win32_1.0.100.202509120712/tools/bin/../lib/gcc/arm-none-eabi/13.3.1/../../../../arm-none-eabi/lib/thumb/v7e-m+fp/hard\libc_nano.a(libc_a-findfp.o) (_fwalk_sglue)
C:/ST/STM32CubeIDE_2.0.0/STM32CubeIDE/plugins/com.st.stm32cube.ide.mcu.externaltools.gnu-tools-for-stm32.13.3.rel1.win32_1.0.100.202509120712/tools/bin/../lib/gcc/arm-none-eabi/13.3.1/../../../../arm-none-eabi/lib/thumb/v7e-m+fp/hard\libc_nano.a(libc_a-stdio.o)
                              C:/ST/STM32CubeIDE_2.0.0/STM32CubeIDE/plugins/com.st.stm32cube.ide.mcu.externaltools.gnu-tools-for-stm32.13.3.rel1.win32_1.0.100.202509120712/tools/bin/../lib/gcc/arm-none-eabi/13.3.1/../../../../arm-none-eabi/lib/thumb/v7e-m+fp/hard\libc_nano.a(libc_a-findfp.o) (__sread)
C:/ST/STM32CubeIDE_2.0.0/STM32CubeIDE/plugins/com.st.stm32cube.ide.mcu.externaltools.gnu-tools-for-stm32.13.3.rel1.win32_1.0.100.202509120712/tools/bin/../lib/gcc/arm-none-eabi/13.3.1/../../../../arm-none-eabi/lib/thumb/v7e-m+fp/hard\libc_nano.a(libc_a-memset.o)
                              C:/ST/STM32CubeIDE_2.0.0/STM32CubeIDE/plugins/com.st.stm32cube.ide.mcu.externaltools.gnu-tools-for-stm32.13.3.rel1.win32_1.0.100.202509120712/tools/bin/../lib/gcc/arm-none-eabi/13.3.1/../../../../arm-none-eabi/lib/thumb/v7e-m+fp/hard/crt0.o (memset)
C:/ST/STM32CubeIDE_2.0.0/STM32CubeIDE/plugins/com.st.stm32cube.ide.mcu.externaltools.gnu-tools-for-stm32.13.3.rel1.win32_1.0.100.202509120712/tools/bin/../lib/gcc/arm-none-eabi/13.3.1/../../../../arm-none-eabi/lib/thumb/v7e-m+fp/hard\libc_nano.a(libc_a-closer.o)
                              C:/ST/STM32CubeIDE_2.0.0/STM32CubeIDE/plugins/com.st.stm32cube.ide.mcu.externaltools.gnu-tools-for-stm32.13.3.rel1.win32_1.0.100.202509120712/tools/bin/../lib/gcc/arm-none-eabi/13.3.1/../../../../arm-none-eabi/lib/thumb/v7e-m+fp/hard\libc_nano.a(libc_a-stdio.o) (_close_r)
C:/ST/STM32CubeIDE_2.0.0/STM32CubeIDE/plugins/com.st.stm32cube.ide.mcu.externaltools.gnu-tools-for-stm32.13.3.rel1.win32_1.0.100.202509120712/tools/bin/../lib/gcc/arm-none-eabi/13.3.1/../../../../arm-none-eabi/lib/thumb/v7e-m+fp/hard\libc_nano.a(libc_a-reent.o)
                              C:/ST/STM32CubeIDE_2.0.0/STM32CubeIDE/plugins/com.st.stm32cube.ide.mcu.externaltools.gnu-tools-for-stm32.13.3.rel1.win32_1.0.100.202509120712/tools/bin/../lib/gcc/arm-none-eabi/13.3.1/../../../../arm-none-eabi/lib/thumb/v7e-m+fp/hard\libc_nano.a(libc_a-closer.o) (errno)
C:/ST/STM32CubeIDE_2.0.0/STM32CubeIDE/plugins/com.st.stm32cube.ide.mcu.externaltools.gnu-tools-for-stm32.13.3.rel1.win32_1.0.100.202509120712/tools/bin/../lib/gcc/arm-none-eabi/13.3.1/../../../../arm-none-eabi/lib/thumb/v7e-m+fp/hard\libc_nano.a(libc_a-impure.o)
                              C:/ST/STM32CubeIDE_2.0.0/STM32CubeIDE/plugins/com.st.stm32cube.ide.mcu.externaltools.gnu-tools-for-stm32.13.3.rel1.win32_1.0.100.202509120712/tools/bin/../lib/gcc/arm-none-eabi/13.3.1/../../../../arm-none-eabi/lib/thumb/v7e-m+fp/hard\libc_nano.a(libc_a-reent.o) (_impure_ptr)
C:/ST/STM32CubeIDE_2.0.0/STM32CubeIDE/plugins/com.st.stm32cube.ide.mcu.externaltools.gnu-tools-for-stm32.13.3.rel1.win32_1.0.100.202509120712/tools/bin/../lib/gcc/arm-none-eabi/13.3.1/../../../../arm-none-eabi/lib/thumb/v7e-m+fp/hard\libc_nano.a(libc_a-lseekr.o)
[...]
Memory Configuration

Name             Origin             Length             Attributes
RAM              0x20000000         0x00020000         xrw
FLASH            0x08000000         0x00080000         xr
*default*        0x00000000         0xffffffff

Linker script and memory map

LOAD C:/ST/STM32CubeIDE_2.0.0/STM32CubeIDE/plugins/com.st.stm32cube.ide.mcu.externaltools.gnu-tools-for-stm32.13.3.rel1.win32_1.0.100.202509120712/tools/bin/../lib/gcc/arm-none-eabi/13.3.1/thumb/v7e-m+fp/hard/crti.o
LOAD C:/ST/STM32CubeIDE_2.0.0/STM32CubeIDE/plugins/com.st.stm32cube.ide.mcu.externaltools.gnu-tools-for-stm32.13.3.rel1.win32_1.0.100.202509120712/tools/bin/../lib/gcc/arm-none-eabi/13.3.1/thumb/v7e-m+fp/hard/crtbegin.o
LOAD C:/ST/STM32CubeIDE_2.0.0/STM32CubeIDE/plugins/com.st.stm32cube.ide.mcu.externaltools.gnu-tools-for-stm32.13.3.rel1.win32_1.0.100.202509120712/tools/bin/../lib/gcc/arm-none-eabi/13.3.1/../../../../arm-none-eabi/lib/thumb/v7e-m+fp/hard/crt0.o
LOAD ./Core/Src/main.o
LOAD ./Core/Src/stm32f4xx_hal_msp.o
LOAD ./Core/Src/stm32f4xx_it.o
LOAD ./Core/Src/syscalls.o
LOAD ./Core/Src/sysmem.o
LOAD ./Core/Src/system_stm32f4xx.o
LOAD ./Core/Startup/startup_stm32f411ceux.o
LOAD ./Drivers/STM32F4xx_HAL_Driver/Src/stm32f4xx_hal.o
LOAD ./Drivers/STM32F4xx_HAL_Driver/Src/stm32f4xx_hal_cortex.o
LOAD ./Drivers/STM32F4xx_HAL_Driver/Src/stm32f4xx_hal_dma.o
LOAD ./Drivers/STM32F4xx_HAL_Driver/Src/stm32f4xx_hal_dma_ex.o
LOAD ./Drivers/STM32F4xx_HAL_Driver/Src/stm32f4xx_hal_exti.o
LOAD ./Drivers/STM32F4xx_HAL_Driver/Src/stm32f4xx_hal_flash.o
LOAD ./Drivers/STM32F4xx_HAL_Driver/Src/stm32f4xx_hal_flash_ex.o
LOAD ./Drivers/STM32F4xx_HAL_Driver/Src/stm32f4xx_hal_flash_ramfunc.o
LOAD ./Drivers/STM32F4xx_HAL_Driver/Src/stm32f4xx_hal_gpio.o
LOAD ./Drivers/STM32F4xx_HAL_Driver/Src/stm32f4xx_hal_i2s.o
LOAD ./Drivers/STM32F4xx_HAL_Driver/Src/stm32f4xx_hal_i2s_ex.o
LOAD ./Drivers/STM32F4xx_HAL_Driver/Src/stm32f4xx_hal_pwr.o
LOAD ./Drivers/STM32F4xx_HAL_Driver/Src/stm32f4xx_hal_pwr_ex.o
LOAD ./Drivers/STM32F4xx_HAL_Driver/Src/stm32f4xx_hal_rcc.o
LOAD ./Drivers/STM32F4xx_HAL_Driver/Src/stm32f4xx_hal_rcc_ex.o
LOAD ./Drivers/STM32F4xx_HAL_Driver/Src/stm32f4xx_hal_spi.o
LOAD ./Drivers/STM32F4xx_HAL_Driver/Src/stm32f4xx_hal_tim.o
LOAD ./Drivers/STM32F4xx_HAL_Driver/Src/stm32f4xx_hal_tim_ex.o
START GROUP
LOAD C:/ST/STM32CubeIDE_2.0.0/STM32CubeIDE/plugins/com.st.stm32cube.ide.mcu.externaltools.gnu-tools-for-stm32.13.3.rel1.win32_1.0.100.202509120712/tools/bin/../lib/gcc/arm-none-eabi/13.3.1/../../../../arm-none-eabi/lib/thumb/v7e-m+fp/hard\libc_nano.a
LOAD C:/ST/STM32CubeIDE_2.0.0/STM32CubeIDE/plugins/com.st.stm32cube.ide.mcu.externaltools.gnu-tools-for-stm32.13.3.rel1.win32_1.0.100.202509120712/tools/bin/../lib/gcc/arm-none-eabi/13.3.1/../../../../arm-none-eabi/lib/thumb/v7e-m+fp/hard\libm.a
END GROUP
START GROUP
LOAD C:/ST/STM32CubeIDE_2.0.0/STM32CubeIDE/plugins/com.st.stm32cube.ide.mcu.externaltools.gnu-tools-for-stm32.13.3.rel1.win32_1.0.100.202509120712/tools/bin/../lib/gcc/arm-none-eabi/13.3.1/thumb/v7e-m+fp/hard\libgcc.a
LOAD C:/ST/STM32CubeIDE_2.0.0/STM32CubeIDE/plugins/com.st.stm32cube.ide.mcu.externaltools.gnu-tools-for-stm32.13.3.rel1.win32_1.0.100.202509120712/tools/bin/../lib/gcc/arm-none-eabi/13.3.1/../../../../arm-none-eabi/lib/thumb/v7e-m+fp/hard\libc_nano.a
END GROUP
START GROUP
LOAD C:/ST/STM32CubeIDE_2.0.0/STM32CubeIDE/plugins/com.st.stm32cube.ide.mcu.externaltools.gnu-tools-for-stm32.13.3.rel1.win32_1.0.100.202509120712/tools/bin/../lib/gcc/arm-none-eabi/13.3.1/thumb/v7e-m+fp/hard\libgcc.a
LOAD C:/ST/STM32CubeIDE_2.0.0/STM32CubeIDE/plugins/com.st.stm32cube.ide.mcu.externaltools.gnu-tools-for-stm32.13.3.rel1.win32_1.0.100.202509120712/tools/bin/../lib/gcc/arm-none-eabi/13.3.1/../../../../arm-none-eabi/lib/thumb/v7e-m+fp/hard\libc_nano.a
LOAD C:/ST/STM32CubeIDE_2.0.0/STM32CubeIDE/plugins/com.st.stm32cube.ide.mcu.externaltools.gnu-tools-for-stm32.13.3.rel1.win32_1.0.100.202509120712/tools/bin/../lib/gcc/arm-none-eabi/13.3.1/../../../../arm-none-eabi/lib/thumb/v7e-m+fp/hard\libnosys.a
END GROUP
START GROUP
LOAD C:/ST/STM32CubeIDE_2.0.0/STM32CubeIDE/plugins/com.st.stm32cube.ide.mcu.externaltools.gnu-tools-for-stm32.13.3.rel1.win32_1.0.100.202509120712/tools/bin/../lib/gcc/arm-none-eabi/13.3.1/thumb/v7e-m+fp/hard\libgcc.a
LOAD C:/ST/STM32CubeIDE_2.0.0/STM32CubeIDE/plugins/com.st.stm32cube.ide.mcu.externaltools.gnu-tools-for-stm32.13.3.rel1.win32_1.0.100.202509120712/tools/bin/../lib/gcc/arm-none-eabi/13.3.1/../../../../arm-none-eabi/lib/thumb/v7e-m+fp/hard\libc_nano.a
LOAD C:/ST/STM32CubeIDE_2.0.0/STM32CubeIDE/plugins/com.st.stm32cube.ide.mcu.externaltools.gnu-tools-for-stm32.13.3.rel1.win32_1.0.100.202509120712/tools/bin/../lib/gcc/arm-none-eabi/13.3.1/../../../../arm-none-eabi/lib/thumb/v7e-m+fp/hard\libnosys.a
END GROUP
LOAD C:/ST/STM32CubeIDE_2.0.0/STM32CubeIDE/plugins/com.st.stm32cube.ide.mcu.externaltools.gnu-tools-for-stm32.13.3.rel1.win32_1.0.100.202509120712/tools/bin/../lib/gcc/arm-none-eabi/13.3.1/thumb/v7e-m+fp/hard/crtend.o
LOAD C:/ST/STM32CubeIDE_2.0.0/STM32CubeIDE/plugins/com.st.stm32cube.ide.mcu.externaltools.gnu-tools-for-stm32.13.3.rel1.win32_1.0.100.202509120712/tools/bin/../lib/gcc/arm-none-eabi/13.3.1/thumb/v7e-m+fp/hard/crtn.o
                0x20020000                        _estack = (ORIGIN (RAM) + LENGTH (RAM))
                0x00000200                        _Min_Heap_Size = 0x200
                0x00000400                        _Min_Stack_Size = 0x400

.isr_vector     0x08000000      0x198
                0x08000000                        . = ALIGN (0x4)
 *(.isr_vector)
 .isr_vector    0x08000000      0x198 ./Core/Startup/startup_stm32f411ceux.o
                0x08000000                g_pfnVectors
                0x08000198                        . = ALIGN (0x4)

.text           0x08000198     0x5bfc
                0x08000198                        . = ALIGN (0x4)
 *(.text)
 .text          0x08000198       0x40 C:/ST/STM32CubeIDE_2.0.0/STM32CubeIDE/plugins/com.st.stm32cube.ide.mcu.externaltools.gnu-tools-for-stm32.13.3.rel1.win32_1.0.100.202509120712/tools/bin/../lib/gcc/arm-none-eabi/13.3.1/thumb/v7e-m+fp/hard/crtbegin.o
 .text          0x080001d8       0x30 C:/ST/STM32CubeIDE_2.0.0/STM32CubeIDE/plugins/com.st.stm32cube.ide.mcu.externaltools.gnu-tools-for-stm32.13.3.rel1.win32_1.0.100.202509120712/tools/bin/../lib/gcc/arm-none-eabi/13.3.1/thumb/v7e-m+fp/hard\libgcc.a(_aeabi_uldivmod.o)
                0x080001d8                __aeabi_uldivmod
 .text          0x08000208      0x2f8 C:/ST/STM32CubeIDE_2.0.0/STM32CubeIDE/plugins/com.st.stm32cube.ide.mcu.externaltools.gnu-tools-for-stm32.13.3.rel1.win32_1.0.100.202509120712/tools/bin/../lib/gcc/arm-none-eabi/13.3.1/thumb/v7e-m+fp/hard\libgcc.a(_udivmoddi4.o)
                0x08000208                __udivmoddi4
 .text          0x08000500        0x4 C:/ST/STM32CubeIDE_2.0.0/STM32CubeIDE/plugins/com.st.stm32cube.ide.mcu.externaltools.gnu-tools-for-stm32.13.3.rel1.win32_1.0.100.202509120712/tools/bin/../lib/gcc/arm-none-eabi/13.3.1/thumb/v7e-m+fp/hard\libgcc.a(_dvmd_tls.o)
                0x08000500                __aeabi_idiv0
                0x08000500                __aeabi_ldiv0
 *(.text*)
 .text.nrf_spi_xfer
                0x08000504       0x70 ./Core/Src/main.o
 .text.nrf_csn_low
                0x08000574       0x20 ./Core/Src/main.o
 .text.nrf_csn_high
                0x08000594       0x20 ./Core/Src/main.o
 .text.nrf_ce_low
                0x080005b4       0x20 ./Core/Src/main.o
 .text.nrf_ce_high
                0x080005d4       0x20 ./Core/Src/main.o
 .text.nrf_read_reg
                0x080005f4       0x3e ./Core/Src/main.o
 .text.nrf_write_reg
                0x08000632       0x44 ./Core/Src/main.o
 .text.nrf_write_multi
                0x08000676       0x62 ./Core/Src/main.o
 .text.nrf_command
                0x080006d8       0x2a ./Core/Src/main.o
 .text.nrf_activate_features
                0x08000702       0x2c ./Core/Src/main.o
 .text.nrf_write_feature_checked
                0x0800072e       0x44 ./Core/Src/main.o
 .text.nrf_get_status_nop
                0x08000772       0x2a ./Core/Src/main.o
 .text.nrf_clear_irq
                0x0800079c       0x26 ./Core/Src/main.o
 *fill*         0x080007c2        0x2 
 .text.nrf_clear_all_irqs_and_fifos
                0x080007c4       0xb4 ./Core/Src/main.o
 .text.Radio_UpdateNrfDebugSnapshot
                0x08000878      0x2b4 ./Core/Src/main.o
 .text.delay_us_blocking
                0x08000b2c       0x40 ./Core/Src/main.o
 .text.get_time_us
                0x08000b6c       0x68 ./Core/Src/main.o
                0x08000b6c                get_time_us
 .text.set_time_us
                0x08000bd4       0x50 ./Core/Src/main.o
 .text.pop_dma_half
                0x08000c24       0xb4 ./Core/Src/main.o
 .text.audio_has_pending_block
                0x08000cd8       0x24 ./Core/Src/main.o
 .text.mark_dma_half_ready
                0x08000cfc       0x84 ./Core/Src/main.o
 .text.HAL_TIM_PeriodElapsedCallback
                0x08000d80       0x2c ./Core/Src/main.o
                0x08000d80                HAL_TIM_PeriodElapsedCallback
 .text.HAL_I2S_RxHalfCpltCallback
                0x08000dac       0x24 ./Core/Src/main.o
                0x08000dac                HAL_I2S_RxHalfCpltCallback
 .text.HAL_I2S_RxCpltCallback
                0x08000dd0       0x24 ./Core/Src/main.o
                0x08000dd0                HAL_I2S_RxCpltCallback
 .text.u32_abs_i32
                0x08000df4       0x1c ./Core/Src/main.o
 .text.decode_inmp441_sample24
                0x08000e10       0x54 ./Core/Src/main.o
 .text.detector_threshold
                0x08000e64       0x38 ./Core/Src/main.o
 .text.sta_lta_ratio_q8
                0x08000e9c       0x64 ./Core/Src/main.o
 .text.sta_lta_confirmed
                0x08000f00       0x8c ./Core/Src/main.o
 .text.update_sta_lta
                0x08000f8c       0xb4 ./Core/Src/main.o
 .text.update_noise_if_quiet
                0x08001040       0x8c ./Core/Src/main.o
 .text.update_cusum
                0x080010cc       0x78 ./Core/Src/main.o
 .text.refine_first_arrival
                0x08001144       0xb8 ./Core/Src/main.o
 .text.publish_event
                0x080011fc      0x1ac ./Core/Src/main.o
 .text.detector_process_pcm16
                0x080013a8      0x284 ./Core/Src/main.o
 .text.process_audio_block
                0x0800162c       0xb4 ./Core/Src/main.o
                0x0800162c                process_audio_block
 .text.nrf3_init_ptx_timestamp
                0x080016e0       0xb8 ./Core/Src/main.o
 .text.nrf2_init_prx_control
                0x08001798       0xd8 ./Core/Src/main.o
 .text.Radio_Init
                0x08001870       0x54 ./Core/Src/main.o
 .text.nrf_read_payload_buf
                0x080018c4       0x50 ./Core/Src/main.o
 .text.get_u64_le
                0x08001914      0x16a ./Core/Src/main.o
 *fill*         0x08001a7e        0x2 
 .text.nrf3_send_event_packet
                0x08001a80       0x84 ./Core/Src/main.o
 .text.Radio_ApplySyncCorrection
                0x08001b04       0x64 ./Core/Src/main.o
 .text.Radio_ProcessMainLoop
                0x08001b68       0xfc ./Core/Src/main.o
                0x08001b68                Radio_ProcessMainLoop
 .text.Radio_PublishEventTimestamp
                0x08001c64       0x78 ./Core/Src/main.o
                0x08001c64                Radio_PublishEventTimestamp
 .text.Radio_ResetInternalTimeAndEvents
                0x08001cdc      0x1f4 ./Core/Src/main.o
 .text.Radio_HandleSyncPacket
                0x08001ed0       0xdc ./Core/Src/main.o
 .text.Radio_HandleNrf2Rx
                0x08001fac       0xf8 ./Core/Src/main.o
 .text.Radio_HandleNrf3TxIrq
                0x080020a4       0x80 ./Core/Src/main.o
 .text.Radio_IRQ_Handler
                0x08002124       0x3c ./Core/Src/main.o
                0x08002124                Radio_IRQ_Handler
 .text.main     0x08002160       0xa4 ./Core/Src/main.o
                0x08002160                main
 .text.SystemClock_Config
                0x08002204       0xd0 ./Core/Src/main.o
                0x08002204                SystemClock_Config
 .text.MX_I2S1_Init
                0x080022d4       0x5c ./Core/Src/main.o
 .text.MX_SPI2_Init
                0x08002330       0x6c ./Core/Src/main.o
 .text.MX_SPI3_Init
                0x0800239c       0x6c ./Core/Src/main.o
 .text.MX_TIM2_Init
                0x08002408       0x98 ./Core/Src/main.o
 .text.MX_DMA_Init
                0x080024a0       0x40 ./Core/Src/main.o
 .text.MX_GPIO_Init
                0x080024e0      0x184 ./Core/Src/main.o
 .text.Error_Handler
                0x08002664        0xc ./Core/Src/main.o
                0x08002664                Error_Handler
 .text.HAL_MspInit
                0x08002670       0x50 ./Core/Src/stm32f4xx_hal_msp.o
                0x08002670                HAL_MspInit
 .text.HAL_I2S_MspInit
                0x080026c0      0x130 ./Core/Src/stm32f4xx_hal_msp.o
                0x080026c0                HAL_I2S_MspInit
 .text.HAL_SPI_MspInit
                0x080027f0       0xf8 ./Core/Src/stm32f4xx_hal_msp.o
                0x080027f0                HAL_SPI_MspInit
 .text.HAL_TIM_Base_MspInit
                0x080028e8       0x4c ./Core/Src/stm32f4xx_hal_msp.o
                0x080028e8                HAL_TIM_Base_MspInit
 .text.NMI_Handler
                0x08002934        0x8 ./Core/Src/stm32f4xx_it.o
                0x08002934                NMI_Handler
 .text.HardFault_Handler
                0x0800293c        0x8 ./Core/Src/stm32f4xx_it.o
                0x0800293c                HardFault_Handler
 .text.MemManage_Handler
                0x08002944        0x8 ./Core/Src/stm32f4xx_it.o
                0x08002944                MemManage_Handler
 .text.BusFault_Handler
                0x0800294c        0x8 ./Core/Src/stm32f4xx_it.o
                0x0800294c                BusFault_Handler
 .text.UsageFault_Handler
                0x08002954        0x8 ./Core/Src/stm32f4xx_it.o
                0x08002954                UsageFault_Handler
 .text.SVC_Handler
                0x0800295c        0xe ./Core/Src/stm32f4xx_it.o
                0x0800295c                SVC_Handler
 .text.DebugMon_Handler
                0x0800296a        0xe ./Core/Src/stm32f4xx_it.o
                0x0800296a                DebugMon_Handler
 .text.PendSV_Handler
                0x08002978        0xe ./Core/Src/stm32f4xx_it.o
                0x08002978                PendSV_Handler
 .text.SysTick_Handler
                0x08002986        0xc ./Core/Src/stm32f4xx_it.o
                0x08002986                SysTick_Handler
 *fill*         0x08002992        0x2 
 .text.TIM2_IRQHandler
                0x08002994       0x14 ./Core/Src/stm32f4xx_it.o
                0x08002994                TIM2_IRQHandler
 .text.DMA2_Stream0_IRQHandler
                0x080029a8       0x14 ./Core/Src/stm32f4xx_it.o
                0x080029a8                DMA2_Stream0_IRQHandler
 .text.EXTI9_5_IRQHandler
                0x080029bc       0x10 ./Core/Src/stm32f4xx_it.o
                0x080029bc                EXTI9_5_IRQHandler
 .text.EXTI15_10_IRQHandler
                0x080029cc       0x10 ./Core/Src/stm32f4xx_it.o
                0x080029cc                EXTI15_10_IRQHandler
 .text.HAL_GPIO_EXTI_Callback
                0x080029dc       0x1a ./Core/Src/stm32f4xx_it.o
                0x080029dc                HAL_GPIO_EXTI_Callback
 *fill*         0x080029f6        0x2 
 .text.SystemInit
                0x080029f8       0x24 ./Core/Src/system_stm32f4xx.o
                0x080029f8                SystemInit
 .text.Reset_Handler
                0x08002a1c       0x50 ./Core/Startup/startup_stm32f411ceux.o
                0x08002a1c                Reset_Handler
 .text.Default_Handler
                0x08002a6c        0x2 ./Core/Startup/startup_stm32f411ceux.o
                0x08002a6c                RTC_Alarm_IRQHandler
                0x08002a6c                EXTI2_IRQHandler
                0x08002a6c                SPI4_IRQHandler
                0x08002a6c                TIM1_CC_IRQHandler
                0x08002a6c                DMA2_Stream5_IRQHandler
                0x08002a6c                DMA1_Stream5_IRQHandler
                0x08002a6c                PVD_IRQHandler
                0x08002a6c                SDIO_IRQHandler
                0x08002a6c                TAMP_STAMP_IRQHandler
                0x08002a6c                EXTI3_IRQHandler
                0x08002a6c                TIM1_UP_TIM10_IRQHandler
                0x08002a6c                I2C3_ER_IRQHandler
                0x08002a6c                EXTI0_IRQHandler
                0x08002a6c                I2C2_EV_IRQHandler
                0x08002a6c                DMA1_Stream2_IRQHandler
                0x08002a6c                FPU_IRQHandler
                0x08002a6c                DMA2_Stream2_IRQHandler
                0x08002a6c                SPI1_IRQHandler
                0x08002a6c                TIM1_BRK_TIM9_IRQHandler
                0x08002a6c                DMA2_Stream3_IRQHandler
                0x08002a6c                USART6_IRQHandler
                0x08002a6c                TIM4_IRQHandler
                0x08002a6c                I2C1_EV_IRQHandler
                0x08002a6c                DMA1_Stream6_IRQHandler
                0x08002a6c                DMA1_Stream1_IRQHandler
                0x08002a6c                TIM3_IRQHandler
                0x08002a6c                RCC_IRQHandler
                0x08002a6c                Default_Handler
                0x08002a6c                ADC_IRQHandler
                0x08002a6c                DMA1_Stream7_IRQHandler
                0x08002a6c                SPI5_IRQHandler
                0x08002a6c                TIM5_IRQHandler
                0x08002a6c                DMA2_Stream7_IRQHandler
                0x08002a6c                I2C3_EV_IRQHandler
                0x08002a6c                RTC_WKUP_IRQHandler
                0x08002a6c                SPI2_IRQHandler
                0x08002a6c                DMA1_Stream0_IRQHandler
                0x08002a6c                EXTI4_IRQHandler
                0x08002a6c                WWDG_IRQHandler
                0x08002a6c                OTG_FS_WKUP_IRQHandler
                0x08002a6c                TIM1_TRG_COM_TIM11_IRQHandler
                0x08002a6c                EXTI1_IRQHandler
                0x08002a6c                USART2_IRQHandler
                0x08002a6c                I2C2_ER_IRQHandler
                0x08002a6c                DMA2_Stream1_IRQHandler
                0x08002a6c                FLASH_IRQHandler
                0x08002a6c                DMA2_Stream4_IRQHandler
                0x08002a6c                USART1_IRQHandler
                0x08002a6c                OTG_FS_IRQHandler
                0x08002a6c                SPI3_IRQHandler
                0x08002a6c                DMA1_Stream4_IRQHandler
                0x08002a6c                I2C1_ER_IRQHandler
                0x08002a6c                DMA2_Stream6_IRQHandler
                0x08002a6c                DMA1_Stream3_IRQHandler
 *fill*         0x08002a6e        0x2 
 .text.HAL_Init
                0x08002a70       0x44 ./Drivers/STM32F4xx_HAL_Driver/Src/stm32f4xx_hal.o
                0x08002a70                HAL_Init
 .text.HAL_InitTick
                0x08002ab4       0x60 ./Drivers/STM32F4xx_HAL_Driver/Src/stm32f4xx_hal.o
                0x08002ab4                HAL_InitTick
 .text.HAL_IncTick
                0x08002b14       0x28 ./Drivers/STM32F4xx_HAL_Driver/Src/stm32f4xx_hal.o
                0x08002b14                HAL_IncTick
 .text.HAL_GetTick
                0x08002b3c       0x18 ./Drivers/STM32F4xx_HAL_Driver/Src/stm32f4xx_hal.o
                0x08002b3c                HAL_GetTick
 .text.HAL_Delay
                0x08002b54       0x48 ./Drivers/STM32F4xx_HAL_Driver/Src/stm32f4xx_hal.o
                0x08002b54                HAL_Delay
 .text.__NVIC_SetPriorityGrouping
                0x08002b9c       0x48 ./Drivers/STM32F4xx_HAL_Driver/Src/stm32f4xx_hal_cortex.o
 .text.__NVIC_GetPriorityGrouping
                0x08002be4       0x1c ./Drivers/STM32F4xx_HAL_Driver/Src/stm32f4xx_hal_cortex.o
 .text.__NVIC_EnableIRQ
                0x08002c00       0x3c ./Drivers/STM32F4xx_HAL_Driver/Src/stm32f4xx_hal_cortex.o
 .text.__NVIC_SetPriority
                0x08002c3c       0x54 ./Drivers/STM32F4xx_HAL_Driver/Src/stm32f4xx_hal_cortex.o
 .text.NVIC_EncodePriority
                0x08002c90       0x66 ./Drivers/STM32F4xx_HAL_Driver/Src/stm32f4xx_hal_cortex.o
 *fill*         0x08002cf6        0x2 
 .text.SysTick_Config
                0x08002cf8       0x44 ./Drivers/STM32F4xx_HAL_Driver/Src/stm32f4xx_hal_cortex.o
 .text.HAL_NVIC_SetPriorityGrouping
                0x08002d3c       0x16 ./Drivers/STM32F4xx_HAL_Driver/Src/stm32f4xx_hal_cortex.o
                0x08002d3c                HAL_NVIC_SetPriorityGrouping
 .text.HAL_NVIC_SetPriority
                0x08002d52       0x38 ./Drivers/STM32F4xx_HAL_Driver/Src/stm32f4xx_hal_cortex.o
                0x08002d52                HAL_NVIC_SetPriority
 .text.HAL_NVIC_EnableIRQ
                0x08002d8a       0x1c ./Drivers/STM32F4xx_HAL_Driver/Src/stm32f4xx_hal_cortex.o
                0x08002d8a                HAL_NVIC_EnableIRQ
 .text.HAL_SYSTICK_Config
                0x08002da6       0x18 ./Drivers/STM32F4xx_HAL_Driver/Src/stm32f4xx_hal_cortex.o
                0x08002da6                HAL_SYSTICK_Config
 *fill*         0x08002dbe        0x2 
 .text.HAL_DMA_Init
                0x08002dc0      0x15c ./Drivers/STM32F4xx_HAL_Driver/Src/stm32f4xx_hal_dma.o
                0x08002dc0                HAL_DMA_Init
 .text.HAL_DMA_Start_IT
                0x08002f1c       0xb0 ./Drivers/STM32F4xx_HAL_Driver/Src/stm32f4xx_hal_dma.o
                0x08002f1c                HAL_DMA_Start_IT
 .text.HAL_DMA_IRQHandler
                0x08002fcc      0x314 ./Drivers/STM32F4xx_HAL_Driver/Src/stm32f4xx_hal_dma.o
                0x08002fcc                HAL_DMA_IRQHandler
 .text.DMA_SetConfig
                0x080032e0       0x5c ./Drivers/STM32F4xx_HAL_Driver/Src/stm32f4xx_hal_dma.o
 .text.DMA_CalcBaseAndBitshift
                0x0800333c       0x6c ./Drivers/STM32F4xx_HAL_Driver/Src/stm32f4xx_hal_dma.o
 .text.DMA_CheckFifoParam
                0x080033a8       0xf8 ./Drivers/STM32F4xx_HAL_Driver/Src/stm32f4xx_hal_dma.o
 .text.HAL_GPIO_Init
                0x080034a0      0x308 ./Drivers/STM32F4xx_HAL_Driver/Src/stm32f4xx_hal_gpio.o
                0x080034a0                HAL_GPIO_Init
 .text.HAL_GPIO_ReadPin
                0x080037a8       0x30 ./Drivers/STM32F4xx_HAL_Driver/Src/stm32f4xx_hal_gpio.o
                0x080037a8                HAL_GPIO_ReadPin
 .text.HAL_GPIO_WritePin
                0x080037d8       0x32 ./Drivers/STM32F4xx_HAL_Driver/Src/stm32f4xx_hal_gpio.o
                0x080037d8                HAL_GPIO_WritePin
 .text.HAL_GPIO_TogglePin
                0x0800380a       0x34 ./Drivers/STM32F4xx_HAL_Driver/Src/stm32f4xx_hal_gpio.o
                0x0800380a                HAL_GPIO_TogglePin
 *fill*         0x0800383e        0x2 
 .text.HAL_GPIO_EXTI_IRQHandler
                0x08003840       0x30 ./Drivers/STM32F4xx_HAL_Driver/Src/stm32f4xx_hal_gpio.o
                0x08003840                HAL_GPIO_EXTI_IRQHandler
 .text.HAL_I2S_Init
                0x08003870      0x280 ./Drivers/STM32F4xx_HAL_Driver/Src/stm32f4xx_hal_i2s.o
                0x08003870                HAL_I2S_Init
 .text.HAL_I2S_Receive_DMA
                0x08003af0      0x170 ./Drivers/STM32F4xx_HAL_Driver/Src/stm32f4xx_hal_i2s.o
                0x08003af0                HAL_I2S_Receive_DMA
 .text.HAL_I2S_TxCpltCallback
                0x08003c60       0x14 ./Drivers/STM32F4xx_HAL_Driver/Src/stm32f4xx_hal_i2s.o
                0x08003c60                HAL_I2S_TxCpltCallback
 .text.HAL_I2S_ErrorCallback
                0x08003c74       0x14 ./Drivers/STM32F4xx_HAL_Driver/Src/stm32f4xx_hal_i2s.o
                0x08003c74                HAL_I2S_ErrorCallback
 .text.I2S_DMARxCplt
                0x08003c88       0x42 ./Drivers/STM32F4xx_HAL_Driver/Src/stm32f4xx_hal_i2s.o
 .text.I2S_DMARxHalfCplt
                0x08003cca       0x1c ./Drivers/STM32F4xx_HAL_Driver/Src/stm32f4xx_hal_i2s.o
 .text.I2S_DMAError
                0x08003ce6       0x4c ./Drivers/STM32F4xx_HAL_Driver/Src/stm32f4xx_hal_i2s.o
 .text.I2S_Transmit_IT
                0x08003d32       0x5c ./Drivers/STM32F4xx_HAL_Driver/Src/stm32f4xx_hal_i2s.o
 .text.I2S_Receive_IT
                0x08003d8e       0x5e ./Drivers/STM32F4xx_HAL_Driver/Src/stm32f4xx_hal_i2s.o
 .text.I2S_IRQHandler
                0x08003dec      0x114 ./Drivers/STM32F4xx_HAL_Driver/Src/stm32f4xx_hal_i2s.o
 .text.HAL_I2SEx_FullDuplex_IRQHandler
                0x08003f00      0x2a8 ./Drivers/STM32F4xx_HAL_Driver/Src/stm32f4xx_hal_i2s_ex.o
                0x08003f00                HAL_I2SEx_FullDuplex_IRQHandler
 .text.HAL_I2SEx_TxRxCpltCallback
                0x080041a8       0x14 ./Drivers/STM32F4xx_HAL_Driver/Src/stm32f4xx_hal_i2s_ex.o
                0x080041a8                HAL_I2SEx_TxRxCpltCallback
 .text.I2SEx_TxISR_I2S
                0x080041bc       0x62 ./Drivers/STM32F4xx_HAL_Driver/Src/stm32f4xx_hal_i2s_ex.o
 *fill*         0x0800421e        0x2 
 .text.I2SEx_TxISR_I2SExt
                0x08004220       0x98 ./Drivers/STM32F4xx_HAL_Driver/Src/stm32f4xx_hal_i2s_ex.o
 .text.I2SEx_RxISR_I2S
                0x080042b8       0x64 ./Drivers/STM32F4xx_HAL_Driver/Src/stm32f4xx_hal_i2s_ex.o
 .text.I2SEx_RxISR_I2SExt
                0x0800431c       0x98 ./Drivers/STM32F4xx_HAL_Driver/Src/stm32f4xx_hal_i2s_ex.o
 .text.HAL_RCC_OscConfig
                0x080043b4      0x4f0 ./Drivers/STM32F4xx_HAL_Driver/Src/stm32f4xx_hal_rcc.o
                0x080043b4                HAL_RCC_OscConfig
 .text.HAL_RCC_ClockConfig
                0x080048a4      0x1cc ./Drivers/STM32F4xx_HAL_Driver/Src/stm32f4xx_hal_rcc.o
                0x080048a4                HAL_RCC_ClockConfig
 .text.HAL_RCC_GetSysClockFreq
                0x08004a70      0x18c ./Drivers/STM32F4xx_HAL_Driver/Src/stm32f4xx_hal_rcc.o
                0x08004a70                HAL_RCC_GetSysClockFreq
 .text.HAL_RCCEx_PeriphCLKConfig
                0x08004bfc      0x1e0 ./Drivers/STM32F4xx_HAL_Driver/Src/stm32f4xx_hal_rcc_ex.o
                0x08004bfc                HAL_RCCEx_PeriphCLKConfig
 .text.HAL_RCCEx_GetPeriphCLKFreq
                0x08004ddc       0xc4 ./Drivers/STM32F4xx_HAL_Driver/Src/stm32f4xx_hal_rcc_ex.o
                0x08004ddc                HAL_RCCEx_GetPeriphCLKFreq
 .text.HAL_SPI_Init
                0x08004ea0      0x112 ./Drivers/STM32F4xx_HAL_Driver/Src/stm32f4xx_hal_spi.o
                0x08004ea0                HAL_SPI_Init
 .text.HAL_SPI_TransmitReceive
                0x08004fb2      0x352 ./Drivers/STM32F4xx_HAL_Driver/Src/stm32f4xx_hal_spi.o
                0x08004fb2                HAL_SPI_TransmitReceive
 .text.SPI_WaitFlagStateUntilTimeout
                0x08005304      0x110 ./Drivers/STM32F4xx_HAL_Driver/Src/stm32f4xx_hal_spi.o
 .text.SPI_EndRxTxTransaction
                0x08005414       0xa8 ./Drivers/STM32F4xx_HAL_Driver/Src/stm32f4xx_hal_spi.o
 .text.HAL_TIM_Base_Init
                0x080054bc       0x9e ./Drivers/STM32F4xx_HAL_Driver/Src/stm32f4xx_hal_tim.o
                0x080054bc                HAL_TIM_Base_Init
 *fill*         0x0800555a        0x2 
 .text.HAL_TIM_Base_Start_IT
                0x0800555c       0xc4 ./Drivers/STM32F4xx_HAL_Driver/Src/stm32f4xx_hal_tim.o
                0x0800555c                HAL_TIM_Base_Start_IT
 .text.HAL_TIM_IRQHandler
                0x08005620      0x1e0 ./Drivers/STM32F4xx_HAL_Driver/Src/stm32f4xx_hal_tim.o
                0x08005620                HAL_TIM_IRQHandler
 .text.HAL_TIM_ConfigClockSource
                0x08005800      0x18e ./Drivers/STM32F4xx_HAL_Driver/Src/stm32f4xx_hal_tim.o
                0x08005800                HAL_TIM_ConfigClockSource
 .text.HAL_TIM_OC_DelayElapsedCallback
                0x0800598e       0x14 ./Drivers/STM32F4xx_HAL_Driver/Src/stm32f4xx_hal_tim.o
                0x0800598e                HAL_TIM_OC_DelayElapsedCallback
 .text.HAL_TIM_IC_CaptureCallback
                0x080059a2       0x14 ./Drivers/STM32F4xx_HAL_Driver/Src/stm32f4xx_hal_tim.o
                0x080059a2                HAL_TIM_IC_CaptureCallback
 .text.HAL_TIM_PWM_PulseFinishedCallback
                0x080059b6       0x14 ./Drivers/STM32F4xx_HAL_Driver/Src/stm32f4xx_hal_tim.o
                0x080059b6                HAL_TIM_PWM_PulseFinishedCallback
 .text.HAL_TIM_TriggerCallback
                0x080059ca       0x14 ./Drivers/STM32F4xx_HAL_Driver/Src/stm32f4xx_hal_tim.o
                0x080059ca                HAL_TIM_TriggerCallback
 *fill*         0x080059de        0x2 
 .text.TIM_Base_SetConfig
                0x080059e0      0x10c ./Drivers/STM32F4xx_HAL_Driver/Src/stm32f4xx_hal_tim.o
                0x080059e0                TIM_Base_SetConfig
 .text.TIM_TI1_ConfigInputStage
                0x08005aec       0x5e ./Drivers/STM32F4xx_HAL_Driver/Src/stm32f4xx_hal_tim.o
 .text.TIM_TI2_ConfigInputStage
                0x08005b4a       0x60 ./Drivers/STM32F4xx_HAL_Driver/Src/stm32f4xx_hal_tim.o
 .text.TIM_ITRx_SetConfig
                0x08005baa       0x36 ./Drivers/STM32F4xx_HAL_Driver/Src/stm32f4xx_hal_tim.o
 .text.TIM_ETR_SetConfig
                0x08005be0       0x40 ./Drivers/STM32F4xx_HAL_Driver/Src/stm32f4xx_hal_tim.o
                0x08005be0                TIM_ETR_SetConfig
 .text.HAL_TIMEx_MasterConfigSynchronization
                0x08005c20       0xdc ./Drivers/STM32F4xx_HAL_Driver/Src/stm32f4xx_hal_tim_ex.o
                0x08005c20                HAL_TIMEx_MasterConfigSynchronization
 .text.HAL_TIMEx_CommutCallback
                0x08005cfc       0x14 ./Drivers/STM32F4xx_HAL_Driver/Src/stm32f4xx_hal_tim_ex.o
                0x08005cfc                HAL_TIMEx_CommutCallback
 .text.HAL_TIMEx_BreakCallback
                0x08005d10       0x14 ./Drivers/STM32F4xx_HAL_Driver/Src/stm32f4xx_hal_tim_ex.o
                0x08005d10                HAL_TIMEx_BreakCallback
 .text.memset   0x08005d24       0x10 C:/ST/STM32CubeIDE_2.0.0/STM32CubeIDE/plugins/com.st.stm32cube.ide.mcu.externaltools.gnu-tools-for-stm32.13.3.rel1.win32_1.0.100.202509120712/tools/bin/../lib/gcc/arm-none-eabi/13.3.1/../../../../arm-none-eabi/lib/thumb/v7e-m+fp/hard\libc_nano.a(libc_a-memset.o)
                0x08005d24                memset
 .text.__libc_init_array
                0x08005d34       0x48 C:/ST/STM32CubeIDE_2.0.0/STM32CubeIDE/plugins/com.st.stm32cube.ide.mcu.externaltools.gnu-tools-for-stm32.13.3.rel1.win32_1.0.100.202509120712/tools/bin/../lib/gcc/arm-none-eabi/13.3.1/../../../../arm-none-eabi/lib/thumb/v7e-m+fp/hard\libc_nano.a(libc_a-init.o)
                0x08005d34                __libc_init_array
 *(.glue_7)
 .glue_7        0x08005d7c        0x0 linker stubs
 *(.glue_7t)
 .glue_7t       0x08005d7c        0x0 linker stubs
 *(.eh_frame)
 .eh_frame      0x08005d7c        0x0 C:/ST/STM32CubeIDE_2.0.0/STM32CubeIDE/plugins/com.st.stm32cube.ide.mcu.externaltools.gnu-tools-for-stm32.13.3.rel1.win32_1.0.100.202509120712/tools/bin/../lib/gcc/arm-none-eabi/13.3.1/thumb/v7e-m+fp/hard/crtbegin.o
 *(.init)
 .init          0x08005d7c        0x4 C:/ST/STM32CubeIDE_2.0.0/STM32CubeIDE/plugins/com.st.stm32cube.ide.mcu.externaltools.gnu-tools-for-stm32.13.3.rel1.win32_1.0.100.202509120712/tools/bin/../lib/gcc/arm-none-eabi/13.3.1/thumb/v7e-m+fp/hard/crti.o
                0x08005d7c                _init
 .init          0x08005d80        0x8 C:/ST/STM32CubeIDE_2.0.0/STM32CubeIDE/plugins/com.st.stm32cube.ide.mcu.externaltools.gnu-tools-for-stm32.13.3.rel1.win32_1.0.100.202509120712/tools/bin/../lib/gcc/arm-none-eabi/13.3.1/thumb/v7e-m+fp/hard/crtn.o
 *(.fini)
 .fini          0x08005d88        0x4 C:/ST/STM32CubeIDE_2.0.0/STM32CubeIDE/plugins/com.st.stm32cube.ide.mcu.externaltools.gnu-tools-for-stm32.13.3.rel1.win32_1.0.100.202509120712/tools/bin/../lib/gcc/arm-none-eabi/13.3.1/thumb/v7e-m+fp/hard/crti.o
                0x08005d88                _fini
 .fini          0x08005d8c        0x8 C:/ST/STM32CubeIDE_2.0.0/STM32CubeIDE/plugins/com.st.stm32cube.ide.mcu.externaltools.gnu-tools-for-stm32.13.3.rel1.win32_1.0.100.202509120712/tools/bin/../lib/gcc/arm-none-eabi/13.3.1/thumb/v7e-m+fp/hard/crtn.o
                0x08005d94                        . = ALIGN (0x4)
                0x08005d94                        _etext = .

.vfp11_veneer   0x08005d94        0x0
 .vfp11_veneer  0x08005d94        0x0 linker stubs

.v4_bx          0x08005d94        0x0
 .v4_bx         0x08005d94        0x0 linker stubs

.iplt           0x08005d94        0x0
 .iplt          0x08005d94        0x0 C:/ST/STM32CubeIDE_2.0.0/STM32CubeIDE/plugins/com.st.stm32cube.ide.mcu.externaltools.gnu-tools-for-stm32.13.3.rel1.win32_1.0.100.202509120712/tools/bin/../lib/gcc/arm-none-eabi/13.3.1/thumb/v7e-m+fp/hard/crtbegin.o

.rodata         0x08005d94       0x40
                0x08005d94                        . = ALIGN (0x4)
 *(.rodata)
 *(.rodata*)
 .rodata.nrf2_rx
                0x08005d94       0x14 ./Core/Src/main.o
 .rodata.nrf3_tx
                0x08005da8       0x14 ./Core/Src/main.o
 .rodata.AHBPrescTable
                0x08005dbc       0x10 ./Core/Src/system_stm32f4xx.o
                0x08005dbc                AHBPrescTable
 .rodata.flagBitshiftOffset.0
                0x08005dcc        0x8 ./Drivers/STM32F4xx_HAL_Driver/Src/stm32f4xx_hal_dma.o
                0x08005dd4                        . = ALIGN (0x4)

.ARM.extab      0x08005dd4        0x0
                0x08005dd4                        . = ALIGN (0x4)
 *(.ARM.extab* .gnu.linkonce.armextab.*)
                0x08005dd4                        . = ALIGN (0x4)

.ARM            0x08005dd4        0x8
                0x08005dd4                        . = ALIGN (0x4)
                0x08005dd4                        __exidx_start = .
 *(.ARM.exidx*)
 .ARM.exidx     0x08005dd4        0x8 C:/ST/STM32CubeIDE_2.0.0/STM32CubeIDE/plugins/com.st.stm32cube.ide.mcu.externaltools.gnu-tools-for-stm32.13.3.rel1.win32_1.0.100.202509120712/tools/bin/../lib/gcc/arm-none-eabi/13.3.1/thumb/v7e-m+fp/hard\libgcc.a(_udivmoddi4.o)
                0x08005ddc                        __exidx_end = .
                0x08005ddc                        . = ALIGN (0x4)

.preinit_array  0x08005ddc        0x0
                0x08005ddc                        . = ALIGN (0x4)
                0x08005ddc                        PROVIDE (__preinit_array_start = .)
 *(.preinit_array*)
                0x08005ddc                        PROVIDE (__preinit_array_end = .)
                0x08005ddc                        . = ALIGN (0x4)

.init_array     0x08005ddc        0x4
                0x08005ddc                        . = ALIGN (0x4)
                0x08005ddc                        PROVIDE (__init_array_start = .)
 *(SORT_BY_NAME(.init_array.*))
 *(.init_array*)
 .init_array    0x08005ddc        0x4 C:/ST/STM32CubeIDE_2.0.0/STM32CubeIDE/plugins/com.st.stm32cube.ide.mcu.externaltools.gnu-tools-for-stm32.13.3.rel1.win32_1.0.100.202509120712/tools/bin/../lib/gcc/arm-none-eabi/13.3.1/thumb/v7e-m+fp/hard/crtbegin.o
                0x08005de0                        PROVIDE (__init_array_end = .)
                0x08005de0                        . = ALIGN (0x4)

.fini_array     0x08005de0        0x4
                0x08005de0                        . = ALIGN (0x4)
                [!provide]                        PROVIDE (__fini_array_start = .)
 *(SORT_BY_NAME(.fini_array.*))
 *(.fini_array*)
 .fini_array    0x08005de0        0x4 C:/ST/STM32CubeIDE_2.0.0/STM32CubeIDE/plugins/com.st.stm32cube.ide.mcu.externaltools.gnu-tools-for-stm32.13.3.rel1.win32_1.0.100.202509120712/tools/bin/../lib/gcc/arm-none-eabi/13.3.1/thumb/v7e-m+fp/hard/crtbegin.o
                [!provide]                        PROVIDE (__fini_array_end = .)
                0x08005de4                        . = ALIGN (0x4)
                0x08005de4                        _sidata = LOADADDR (.data)

.rel.dyn        0x08005de4        0x0
 .rel.iplt      0x08005de4        0x0 C:/ST/STM32CubeIDE_2.0.0/STM32CubeIDE/plugins/com.st.stm32cube.ide.mcu.externaltools.gnu-tools-for-stm32.13.3.rel1.win32_1.0.100.202509120712/tools/bin/../lib/gcc/arm-none-eabi/13.3.1/thumb/v7e-m+fp/hard/crtbegin.o

.data           0x20000000       0x38 load address 0x08005de4
                0x20000000                        . = ALIGN (0x4)
                0x20000000                        _sdata = .
 *(.data)
 *(.data*)
 .data.radio_nrf2_en_aa
                0x20000000        0x1 ./Core/Src/main.o
                0x20000000                radio_nrf2_en_aa
 .data.radio_nrf2_irq_pin_level
                0x20000001        0x1 ./Core/Src/main.o
                0x20000001                radio_nrf2_irq_pin_level
 .data.radio_nrf3_irq_pin_level
                0x20000002        0x1 ./Core/Src/main.o
                0x20000002                radio_nrf3_irq_pin_level
 .data.radio_nrf2_feature
                0x20000003        0x1 ./Core/Src/main.o
                0x20000003                radio_nrf2_feature
 .data.radio_nrf3_feature
                0x20000004        0x1 ./Core/Src/main.o
                0x20000004                radio_nrf3_feature
 .data.radio_nrf2_dynpd
                0x20000005        0x1 ./Core/Src/main.o
                0x20000005                radio_nrf2_dynpd
 .data.radio_nrf3_dynpd
                0x20000006        0x1 ./Core/Src/main.o
                0x20000006                radio_nrf3_dynpd
 *fill*         0x20000007        0x1 
 .data.nrf3_master_pipe0_addr
                0x20000008        0x5 ./Core/Src/main.o
 *fill*         0x2000000d        0x3 
 .data.nrf2_common_pipe0_addr
                0x20000010        0x5 ./Core/Src/main.o
 *fill*         0x20000015        0x3 
 .data.nrf2_slave_pipe1_addr
                0x20000018        0x5 ./Core/Src/main.o
 *fill*         0x2000001d        0x3 
 .data.noise_mean
                0x20000020        0x4 ./Core/Src/main.o
 .data.noise_deviation
                0x20000024        0x4 ./Core/Src/main.o
 .data.lta_sum  0x20000028        0x4 ./Core/Src/main.o
 .data.SystemCoreClock
                0x2000002c        0x4 ./Core/Src/system_stm32f4xx.o
                0x2000002c                SystemCoreClock
 .data.uwTickPrio
                0x20000030        0x4 ./Drivers/STM32F4xx_HAL_Driver/Src/stm32f4xx_hal.o
                0x20000030                uwTickPrio
 .data.uwTickFreq
                0x20000034        0x1 ./Drivers/STM32F4xx_HAL_Driver/Src/stm32f4xx_hal.o
                0x20000034                uwTickFreq
 *(.RamFunc)
 *(.RamFunc*)
                0x20000038                        . = ALIGN (0x4)
 *fill*         0x20000035        0x3 
                0x20000038                        _edata = .

.igot.plt       0x20000038        0x0 load address 0x08005e1c
 .igot.plt      0x20000038        0x0 C:/ST/STM32CubeIDE_2.0.0/STM32CubeIDE/plugins/com.st.stm32cube.ide.mcu.externaltools.gnu-tools-for-stm32.13.3.rel1.win32_1.0.100.202509120712/tools/bin/../lib/gcc/arm-none-eabi/13.3.1/thumb/v7e-m+fp/hard/crtbegin.o
                0x20000038                        . = ALIGN (0x4)

.bss            0x20000038     0x2920 load address 0x08005e1c
                0x20000038                        _sbss = .
                0x20000038                        __bss_start__ = _sbss
 *(.bss)
 .bss           0x20000038       0x1c C:/ST/STM32CubeIDE_2.0.0/STM32CubeIDE/plugins/com.st.stm32cube.ide.mcu.externaltools.gnu-tools-for-stm32.13.3.rel1.win32_1.0.100.202509120712/tools/bin/../lib/gcc/arm-none-eabi/13.3.1/thumb/v7e-m+fp/hard/crtbegin.o
 *(.bss*)
 .bss.hi2s1     0x20000054       0x48 ./Core/Src/main.o
                0x20000054                hi2s1
 .bss.hdma_spi1_rx
                0x2000009c       0x60 ./Core/Src/main.o
                0x2000009c                hdma_spi1_rx
 .bss.hspi2     0x200000fc       0x58 ./Core/Src/main.o
                0x200000fc                hspi2
 .bss.hspi3     0x20000154       0x58 ./Core/Src/main.o
                0x20000154                hspi3
 .bss.htim2     0x200001ac       0x48 ./Core/Src/main.o
                0x200001ac                htim2
 *fill*         0x200001f4        0x4 
 .bss.last_event
                0x200001f8       0x28 ./Core/Src/main.o
                0x200001f8                last_event
 .bss.last_event_timestamp_us
                0x20000220        0x8 ./Core/Src/main.o
                0x20000220                last_event_timestamp_us
 .bss.last_event_sample_index
                0x20000228        0x8 ./Core/Src/main.o
                0x20000228                last_event_sample_index
 .bss.dma_audio_overruns
                0x20000230        0x4 ./Core/Src/main.o
                0x20000230                dma_audio_overruns
 .bss.recognized_event_id
                0x20000234        0x1 ./Core/Src/main.o
                0x20000234                recognized_event_id
 .bss.radio_event_ready
                0x20000235        0x1 ./Core/Src/main.o
                0x20000235                radio_event_ready
 *fill*         0x20000236        0x2 
 .bss.radio_event_packet
                0x20000238        0x9 ./Core/Src/main.o
                0x20000238                radio_event_packet
 .bss.SynEnable
                0x20000241        0x1 ./Core/Src/main.o
                0x20000241                SynEnable
 *fill*         0x20000242        0x2 
 .bss.radio_last_sync_error_us
                0x20000244        0x4 ./Core/Src/main.o
                0x20000244                radio_last_sync_error_us
 .bss.radio_time_correction_us
                0x20000248        0x4 ./Core/Src/main.o
                0x20000248                radio_time_correction_us
 .bss.radio_sync_seen
                0x2000024c        0x1 ./Core/Src/main.o
                0x2000024c                radio_sync_seen
 .bss.radio_nrf3_tx_busy
                0x2000024d        0x1 ./Core/Src/main.o
                0x2000024d                radio_nrf3_tx_busy
 .bss.radio_nrf3_last_status
                0x2000024e        0x1 ./Core/Src/main.o
                0x2000024e                radio_nrf3_last_status
 .bss.radio_nrf2_last_status
                0x2000024f        0x1 ./Core/Src/main.o
                0x2000024f                radio_nrf2_last_status
 .bss.radio_nrf2_last_pipe
                0x20000250        0x1 ./Core/Src/main.o
                0x20000250                radio_nrf2_last_pipe
 .bss.radio_nrf2_last_payload
                0x20000251        0x1 ./Core/Src/main.o
                0x20000251                radio_nrf2_last_payload
 *fill*         0x20000252        0x6 
 .bss.radio_nrf2_last_sync_master_us
                0x20000258        0x8 ./Core/Src/main.o
                0x20000258                radio_nrf2_last_sync_master_us
 .bss.radio_nrf2_last_sync_master_us_lo
                0x20000260        0x4 ./Core/Src/main.o
                0x20000260                radio_nrf2_last_sync_master_us_lo
 .bss.radio_nrf2_last_sync_master_us_hi
                0x20000264        0x4 ./Core/Src/main.o
                0x20000264                radio_nrf2_last_sync_master_us_hi
 .bss.radio_nrf2_last_payload_len
                0x20000268        0x1 ./Core/Src/main.o
                0x20000268                radio_nrf2_last_payload_len
 *fill*         0x20000269        0x3 
 .bss.radio_nrf3_max_rt_count
                0x2000026c        0x4 ./Core/Src/main.o
                0x2000026c                radio_nrf3_max_rt_count
 .bss.radio_nrf3_tx_ok_count
                0x20000270        0x4 ./Core/Src/main.o
                0x20000270                radio_nrf3_tx_ok_count
 .bss.radio_nrf2_sync_count
                0x20000274        0x4 ./Core/Src/main.o
                0x20000274                radio_nrf2_sync_count
 .bss.radio_nrf2_reset_count
                0x20000278        0x4 ./Core/Src/main.o
                0x20000278                radio_nrf2_reset_count
 .bss.radio_nrf2_health_count
                0x2000027c        0x4 ./Core/Src/main.o
                0x2000027c                radio_nrf2_health_count
 .bss.radio_nrf2_present
                0x20000280        0x1 ./Core/Src/main.o
                0x20000280                radio_nrf2_present
 .bss.radio_nrf3_present
                0x20000281        0x1 ./Core/Src/main.o
                0x20000281                radio_nrf3_present
 .bss.radio_nrf2_config
                0x20000282        0x1 ./Core/Src/main.o
                0x20000282                radio_nrf2_config
 .bss.radio_nrf3_config
                0x20000283        0x1 ./Core/Src/main.o
                0x20000283                radio_nrf3_config
 .bss.radio_nrf2_fifo_status
                0x20000284        0x1 ./Core/Src/main.o
                0x20000284                radio_nrf2_fifo_status
 .bss.radio_nrf3_fifo_status
                0x20000285        0x1 ./Core/Src/main.o
                0x20000285                radio_nrf3_fifo_status
 .bss.radio_nrf2_observe_tx
                0x20000286        0x1 ./Core/Src/main.o
                0x20000286                radio_nrf2_observe_tx
 .bss.radio_nrf3_observe_tx
                0x20000287        0x1 ./Core/Src/main.o
                0x20000287                radio_nrf3_observe_tx
 .bss.radio_nrf2_rf_ch_read
                0x20000288        0x1 ./Core/Src/main.o
                0x20000288                radio_nrf2_rf_ch_read
 .bss.radio_nrf3_rf_ch_read
                0x20000289        0x1 ./Core/Src/main.o
                0x20000289                radio_nrf3_rf_ch_read
 .bss.radio_nrf2_setup_aw_read
                0x2000028a        0x1 ./Core/Src/main.o
                0x2000028a                radio_nrf2_setup_aw_read
 .bss.radio_nrf3_setup_aw_read
                0x2000028b        0x1 ./Core/Src/main.o
                0x2000028b                radio_nrf3_setup_aw_read
 .bss.radio_nrf2_status_after_clear
                0x2000028c        0x1 ./Core/Src/main.o
                0x2000028c                radio_nrf2_status_after_clear
 .bss.radio_nrf3_status_after_clear
                0x2000028d        0x1 ./Core/Src/main.o
                0x2000028d                radio_nrf3_status_after_clear
 *fill*         0x2000028e        0x2 
 .bss.radio_nrf2_init_clear_count
                0x20000290        0x4 ./Core/Src/main.o
                0x20000290                radio_nrf2_init_clear_count
 .bss.radio_nrf3_init_clear_count
                0x20000294        0x4 ./Core/Src/main.o
                0x20000294                radio_nrf3_init_clear_count
 .bss.radio_nrf2_spi_error_count
                0x20000298        0x4 ./Core/Src/main.o
                0x20000298                radio_nrf2_spi_error_count
 .bss.radio_nrf3_spi_error_count
                0x2000029c        0x4 ./Core/Src/main.o
                0x2000029c                radio_nrf3_spi_error_count
 .bss.radio_nrf2_status_nop
                0x200002a0        0x1 ./Core/Src/main.o
                0x200002a0                radio_nrf2_status_nop
 .bss.radio_nrf3_status_nop
                0x200002a1        0x1 ./Core/Src/main.o
                0x200002a1                radio_nrf3_status_nop
 .bss.radio_nrf2_present_code
                0x200002a2        0x1 ./Core/Src/main.o
                0x200002a2                radio_nrf2_present_code
 .bss.radio_nrf3_present_code
                0x200002a3        0x1 ./Core/Src/main.o
                0x200002a3                radio_nrf3_present_code
 .bss.radio_nrf2_irq_pending
                0x200002a4        0x1 ./Core/Src/main.o
                0x200002a4                radio_nrf2_irq_pending
 .bss.radio_nrf3_irq_pending
                0x200002a5        0x1 ./Core/Src/main.o
                0x200002a5                radio_nrf3_irq_pending
 *fill*         0x200002a6        0x2 
 .bss.i2s_buffer
                0x200002a8     0x2000 ./Core/Src/main.o
 .bss.process_pending_mask
                0x200022a8        0x1 ./Core/Src/main.o
 *fill*         0x200022a9        0x7 
 .bss.process_block_start_sample
                0x200022b0       0x10 ./Core/Src/main.o
 .bss.tim2_ovf  0x200022c0        0x4 ./Core/Src/main.o
                0x200022c0                tim2_ovf
 *fill*         0x200022c4        0x4 
 .bss.recording_start_us
                0x200022c8        0x8 ./Core/Src/main.o
 .bss.sample_counter
                0x200022d0        0x8 ./Core/Src/main.o
 .bss.pretrigger_pcm
                0x200022d8      0x200 ./Core/Src/main.o
 .bss.pretrigger_env
                0x200024d8      0x200 ./Core/Src/main.o
 .bss.pretrigger_wr
                0x200026d8        0x4 ./Core/Src/main.o
 .bss.det_state
                0x200026dc        0x1 ./Core/Src/main.o
 *fill*         0x200026dd        0x3 
 .bss.dc_estimate
                0x200026e0        0x4 ./Core/Src/main.o
 .bss.env_state
                0x200026e4        0x4 ./Core/Src/main.o
 .bss.sta_ring  0x200026e8       0x20 ./Core/Src/main.o
 .bss.lta_ring  0x20002708      0x200 ./Core/Src/main.o
 .bss.sta_sum   0x20002908        0x4 ./Core/Src/main.o
 .bss.sta_pos   0x2000290c        0x4 ./Core/Src/main.o
 .bss.lta_pos   0x20002910        0x4 ./Core/Src/main.o
 .bss.cusum_pos
                0x20002914        0x4 ./Core/Src/main.o
 .bss.lockout_left
                0x20002918        0x4 ./Core/Src/main.o
 .bss.candidate_age
                0x2000291c        0x4 ./Core/Src/main.o
 .bss.candidate_peak
                0x20002920        0x4 ./Core/Src/main.o
 .bss.candidate_peak_sta_lta_q8
                0x20002924        0x4 ./Core/Src/main.o
 .bss.candidate_dwell
                0x20002928        0x2 ./Core/Src/main.o
 *fill*         0x2000292a        0x6 
 .bss.candidate_start_sample
                0x20002930        0x8 ./Core/Src/main.o
 .bss.test24    0x20002938        0x4 ./Core/Src/main.o
                0x20002938                test24
 .bss.dbg_rect16
                0x2000293c        0x2 ./Core/Src/main.o
                0x2000293c                dbg_rect16
 *fill*         0x2000293e        0x2 
 .bss.dbg_env   0x20002940        0x4 ./Core/Src/main.o
                0x20002940                dbg_env
 .bss.dbg_thr_trigger
                0x20002944        0x4 ./Core/Src/main.o
                0x20002944                dbg_thr_trigger
 .bss.dbg_thr_onset
                0x20002948        0x4 ./Core/Src/main.o
                0x20002948                dbg_thr_onset
 .bss.dbg_det_state
                0x2000294c        0x1 ./Core/Src/main.o
                0x2000294c                dbg_det_state
 *fill*         0x2000294d        0x3 
 .bss.last_debug_snapshot_ms.0
                0x20002950        0x4 ./Core/Src/main.o
 .bss.uwTick    0x20002954        0x4 ./Drivers/STM32F4xx_HAL_Driver/Src/stm32f4xx_hal.o
                0x20002954                uwTick
 *(COMMON)
                0x20002958                        . = ALIGN (0x4)
                0x20002958                        _ebss = .
                0x20002958                        __bss_end__ = _ebss

._user_heap_stack
                0x20002958      0x600 load address 0x08005e1c
                0x20002958                        . = ALIGN (0x8)
                [!provide]                        PROVIDE (end = .)
                0x20002958                        PROVIDE (_end = .)
                0x20002b58                        . = (. + _Min_Heap_Size)
 *fill*         0x20002958      0x200 
                0x20002f58                        . = (. + _Min_Stack_Size)
 *fill*         0x20002b58      0x400 
                0x20002f58                        . = ALIGN (0x8)

/DISCARD/
 libc.a(*)
 libm.a(*)
 libgcc.a(*)

.ARM.attributes
                0x00000000       0x30
 *(.ARM.attributes)
 .ARM.attributes
                0x00000000       0x22 C:/ST/STM32CubeIDE_2.0.0/STM32CubeIDE/plugins/com.st.stm32cube.ide.mcu.externaltools.gnu-tools-for-stm32.13.3.rel1.win32_1.0.100.202509120712/tools/bin/../lib/gcc/arm-none-eabi/13.3.1/thumb/v7e-m+fp/hard/crti.o
 .ARM.attributes
                0x00000022       0x34 C:/ST/STM32CubeIDE_2.0.0/STM32CubeIDE/plugins/com.st.stm32cube.ide.mcu.externaltools.gnu-tools-for-stm32.13.3.rel1.win32_1.0.100.202509120712/tools/bin/../lib/gcc/arm-none-eabi/13.3.1/thumb/v7e-m+fp/hard/crtbegin.o
 .ARM.attributes
                0x00000056       0x34 ./Core/Src/main.o
 .ARM.attributes
                0x0000008a       0x34 ./Core/Src/stm32f4xx_hal_msp.o
 .ARM.attributes
                0x000000be       0x34 ./Core/Src/stm32f4xx_it.o
 .ARM.attributes
                0x000000f2       0x34 ./Core/Src/system_stm32f4xx.o
 .ARM.attributes
                0x00000126       0x21 ./Core/Startup/startup_stm32f411ceux.o
 .ARM.attributes
                0x00000147       0x34 ./Drivers/STM32F4xx_HAL_Driver/Src/stm32f4xx_hal.o
 .ARM.attributes
                0x0000017b       0x34 ./Drivers/STM32F4xx_HAL_Driver/Src/stm32f4xx_hal_cortex.o
 .ARM.attributes
                0x000001af       0x34 ./Drivers/STM32F4xx_HAL_Driver/Src/stm32f4xx_hal_dma.o
 .ARM.attributes
                0x000001e3       0x34 ./Drivers/STM32F4xx_HAL_Driver/Src/stm32f4xx_hal_gpio.o
 .ARM.attributes
                0x00000217       0x34 ./Drivers/STM32F4xx_HAL_Driver/Src/stm32f4xx_hal_i2s.o
 .ARM.attributes
                0x0000024b       0x34 ./Drivers/STM32F4xx_HAL_Driver/Src/stm32f4xx_hal_i2s_ex.o
 .ARM.attributes
                0x0000027f       0x34 ./Drivers/STM32F4xx_HAL_Driver/Src/stm32f4xx_hal_rcc.o
 .ARM.attributes
                0x000002b3       0x34 ./Drivers/STM32F4xx_HAL_Driver/Src/stm32f4xx_hal_rcc_ex.o
 .ARM.attributes
                0x000002e7       0x34 ./Drivers/STM32F4xx_HAL_Driver/Src/stm32f4xx_hal_spi.o
 .ARM.attributes
                0x0000031b       0x34 ./Drivers/STM32F4xx_HAL_Driver/Src/stm32f4xx_hal_tim.o
 .ARM.attributes
                0x0000034f       0x34 ./Drivers/STM32F4xx_HAL_Driver/Src/stm32f4xx_hal_tim_ex.o
 .ARM.attributes
                0x00000383       0x34 C:/ST/STM32CubeIDE_2.0.0/STM32CubeIDE/plugins/com.st.stm32cube.ide.mcu.externaltools.gnu-tools-for-stm32.13.3.rel1.win32_1.0.100.202509120712/tools/bin/../lib/gcc/arm-none-eabi/13.3.1/../../../../arm-none-eabi/lib/thumb/v7e-m+fp/hard\libc_nano.a(libc_a-memset.o)
 .ARM.attributes
                0x000003b7       0x34 C:/ST/STM32CubeIDE_2.0.0/STM32CubeIDE/plugins/com.st.stm32cube.ide.mcu.externaltools.gnu-tools-for-stm32.13.3.rel1.win32_1.0.100.202509120712/tools/bin/../lib/gcc/arm-none-eabi/13.3.1/../../../../arm-none-eabi/lib/thumb/v7e-m+fp/hard\libc_nano.a(libc_a-init.o)
 .ARM.attributes
                0x000003eb       0x22 C:/ST/STM32CubeIDE_2.0.0/STM32CubeIDE/plugins/com.st.stm32cube.ide.mcu.externaltools.gnu-tools-for-stm32.13.3.rel1.win32_1.0.100.202509120712/tools/bin/../lib/gcc/arm-none-eabi/13.3.1/thumb/v7e-m+fp/hard\libgcc.a(_aeabi_uldivmod.o)
 .ARM.attributes
                0x0000040d       0x34 C:/ST/STM32CubeIDE_2.0.0/STM32CubeIDE/plugins/com.st.stm32cube.ide.mcu.externaltools.gnu-tools-for-stm32.13.3.rel1.win32_1.0.100.202509120712/tools/bin/../lib/gcc/arm-none-eabi/13.3.1/thumb/v7e-m+fp/hard\libgcc.a(_udivmoddi4.o)
 .ARM.attributes
                0x00000441       0x22 C:/ST/STM32CubeIDE_2.0.0/STM32CubeIDE/plugins/com.st.stm32cube.ide.mcu.externaltools.gnu-tools-for-stm32.13.3.rel1.win32_1.0.100.202509120712/tools/bin/../lib/gcc/arm-none-eabi/13.3.1/thumb/v7e-m+fp/hard\libgcc.a(_dvmd_tls.o)
 .ARM.attributes
                0x00000463       0x22 C:/ST/STM32CubeIDE_2.0.0/STM32CubeIDE/plugins/com.st.stm32cube.ide.mcu.externaltools.gnu-tools-for-stm32.13.3.rel1.win32_1.0.100.202509120712/tools/bin/../lib/gcc/arm-none-eabi/13.3.1/thumb/v7e-m+fp/hard/crtn.o
OUTPUT(SLAVE_MODULE.elf elf32-littlearm)
LOAD linker stubs
LOAD C:/ST/STM32CubeIDE_2.0.0/STM32CubeIDE/plugins/com.st.stm32cube.ide.mcu.externaltools.gnu-tools-for-stm32.13.3.rel1.win32_1.0.100.202509120712/tools/bin/../lib/gcc/arm-none-eabi/13.3.1/../../../../arm-none-eabi/lib/thumb/v7e-m+fp/hard\libc.a
LOAD C:/ST/STM32CubeIDE_2.0.0/STM32CubeIDE/plugins/com.st.stm32cube.ide.mcu.externaltools.gnu-tools-for-stm32.13.3.rel1.win32_1.0.100.202509120712/tools/bin/../lib/gcc/arm-none-eabi/13.3.1/../../../../arm-none-eabi/lib/thumb/v7e-m+fp/hard\libm.a
LOAD C:/ST/STM32CubeIDE_2.0.0/STM32CubeIDE/plugins/com.st.stm32cube.ide.mcu.externaltools.gnu-tools-for-stm32.13.3.rel1.win32_1.0.100.202509120712/tools/bin/../lib/gcc/arm-none-eabi/13.3.1/thumb/v7e-m+fp/hard\libgcc.a

.debug_info     0x00000000     0xeec4
 .debug_info    0x00000000     0x2e90 ./Core/Src/main.o
 .debug_info    0x00002e90     0x12a7 ./Core/Src/stm32f4xx_hal_msp.o
 .debug_info    0x00004137      0x787 ./Core/Src/stm32f4xx_it.o
 .debug_info    0x000048be      0x53e ./Core/Src/system_stm32f4xx.o
 .debug_info    0x00004dfc       0x30 ./Core/Startup/startup_stm32f411ceux.o
 .debug_info    0x00004e2c      0x8c4 ./Drivers/STM32F4xx_HAL_Driver/Src/stm32f4xx_hal.o
 .debug_info    0x000056f0      0xcfc ./Drivers/STM32F4xx_HAL_Driver/Src/stm32f4xx_hal_cortex.o
 .debug_info    0x000063ec      0x8e6 ./Drivers/STM32F4xx_HAL_Driver/Src/stm32f4xx_hal_dma.o
 .debug_info    0x00006cd2      0x6f9 ./Drivers/STM32F4xx_HAL_Driver/Src/stm32f4xx_hal_gpio.o
 .debug_info    0x000073cb      0xe07 ./Drivers/STM32F4xx_HAL_Driver/Src/stm32f4xx_hal_i2s.o
 .debug_info    0x000081d2      0xab3 ./Drivers/STM32F4xx_HAL_Driver/Src/stm32f4xx_hal_i2s_ex.o
 .debug_info    0x00008c85      0x904 ./Drivers/STM32F4xx_HAL_Driver/Src/stm32f4xx_hal_rcc.o
 .debug_info    0x00009589      0x5a1 ./Drivers/STM32F4xx_HAL_Driver/Src/stm32f4xx_hal_rcc_ex.o
 .debug_info    0x00009b2a     0x1530 ./Drivers/STM32F4xx_HAL_Driver/Src/stm32f4xx_hal_spi.o
 .debug_info    0x0000b05a     0x2996 ./Drivers/STM32F4xx_HAL_Driver/Src/stm32f4xx_hal_tim.o
 .debug_info    0x0000d9f0     0x14d4 ./Drivers/STM32F4xx_HAL_Driver/Src/stm32f4xx_hal_tim_ex.o

.debug_abbrev   0x00000000     0x23bf
 .debug_abbrev  0x00000000      0x3f0 ./Core/Src/main.o
 .debug_abbrev  0x000003f0      0x25c ./Core/Src/stm32f4xx_hal_msp.o
 .debug_abbrev  0x0000064c      0x1e9 ./Core/Src/stm32f4xx_it.o
 .debug_abbrev  0x00000835      0x11a ./Core/Src/system_stm32f4xx.o
 .debug_abbrev  0x0000094f       0x24 ./Core/Startup/startup_stm32f411ceux.o
 .debug_abbrev  0x00000973      0x24b ./Drivers/STM32F4xx_HAL_Driver/Src/stm32f4xx_hal.o
 .debug_abbrev  0x00000bbe      0x31d ./Drivers/STM32F4xx_HAL_Driver/Src/stm32f4xx_hal_cortex.o
 .debug_abbrev  0x00000edb      0x221 ./Drivers/STM32F4xx_HAL_Driver/Src/stm32f4xx_hal_dma.o
 .debug_abbrev  0x000010fc      0x1d3 ./Drivers/STM32F4xx_HAL_Driver/Src/stm32f4xx_hal_gpio.o
 .debug_abbrev  0x000012cf      0x26c ./Drivers/STM32F4xx_HAL_Driver/Src/stm32f4xx_hal_i2s.o
 .debug_abbrev  0x0000153b      0x285 ./Drivers/STM32F4xx_HAL_Driver/Src/stm32f4xx_hal_i2s_ex.o
 .debug_abbrev  0x000017c0      0x2b6 ./Drivers/STM32F4xx_HAL_Driver/Src/stm32f4xx_hal_rcc.o
 .debug_abbrev  0x00001a76      0x1b2 ./Drivers/STM32F4xx_HAL_Driver/Src/stm32f4xx_hal_rcc_ex.o
 .debug_abbrev  0x00001c28      0x276 ./Drivers/STM32F4xx_HAL_Driver/Src/stm32f4xx_hal_spi.o
 .debug_abbrev  0x00001e9e      0x28b ./Drivers/STM32F4xx_HAL_Driver/Src/stm32f4xx_hal_tim.o
 .debug_abbrev  0x00002129      0x296 ./Drivers/STM32F4xx_HAL_Driver/Src/stm32f4xx_hal_tim_ex.o

.debug_aranges  0x00000000      0xf98
 .debug_aranges
                0x00000000      0x1f8 ./Core/Src/main.o
 .debug_aranges
                0x000001f8       0x50 ./Core/Src/stm32f4xx_hal_msp.o
 .debug_aranges
                0x00000248       0x88 ./Core/Src/stm32f4xx_it.o
 .debug_aranges
                0x000002d0       0x28 ./Core/Src/system_stm32f4xx.o
 .debug_aranges
                0x000002f8       0x28 ./Core/Startup/startup_stm32f411ceux.o
 .debug_aranges
                0x00000320       0xf0 ./Drivers/STM32F4xx_HAL_Driver/Src/stm32f4xx_hal.o
 .debug_aranges
                0x00000410      0x130 ./Drivers/STM32F4xx_HAL_Driver/Src/stm32f4xx_hal_cortex.o
 .debug_aranges
                0x00000540       0x90 ./Drivers/STM32F4xx_HAL_Driver/Src/stm32f4xx_hal_dma.o
 .debug_aranges
                0x000005d0       0x58 ./Drivers/STM32F4xx_HAL_Driver/Src/stm32f4xx_hal_gpio.o
 .debug_aranges
                0x00000628      0x108 ./Drivers/STM32F4xx_HAL_Driver/Src/stm32f4xx_hal_i2s.o
 .debug_aranges
                0x00000730       0x88 ./Drivers/STM32F4xx_HAL_Driver/Src/stm32f4xx_hal_i2s_ex.o
 .debug_aranges
                0x000007b8       0x88 ./Drivers/STM32F4xx_HAL_Driver/Src/stm32f4xx_hal_rcc.o
 .debug_aranges
                0x00000840       0x50 ./Drivers/STM32F4xx_HAL_Driver/Src/stm32f4xx_hal_rcc_ex.o
 .debug_aranges
                0x00000890      0x1d0 ./Drivers/STM32F4xx_HAL_Driver/Src/stm32f4xx_hal_spi.o
 .debug_aranges
                0x00000a60      0x3d0 ./Drivers/STM32F4xx_HAL_Driver/Src/stm32f4xx_hal_tim.o
 .debug_aranges
                0x00000e30      0x168 ./Drivers/STM32F4xx_HAL_Driver/Src/stm32f4xx_hal_tim_ex.o

.debug_rnglists
                0x00000000      0xc1e
 .debug_rnglists
                0x00000000      0x18d ./Core/Src/main.o
 .debug_rnglists
                0x0000018d       0x39 ./Core/Src/stm32f4xx_hal_msp.o
 .debug_rnglists
                0x000001c6       0x61 ./Core/Src/stm32f4xx_it.o
 .debug_rnglists
                0x00000227       0x1a ./Core/Src/system_stm32f4xx.o
 .debug_rnglists
                0x00000241       0x19 ./Core/Startup/startup_stm32f411ceux.o
 .debug_rnglists
                0x0000025a       0xaf ./Drivers/STM32F4xx_HAL_Driver/Src/stm32f4xx_hal.o
 .debug_rnglists
                0x00000309       0xe0 ./Drivers/STM32F4xx_HAL_Driver/Src/stm32f4xx_hal_cortex.o
 .debug_rnglists
                0x000003e9       0x70 ./Drivers/STM32F4xx_HAL_Driver/Src/stm32f4xx_hal_dma.o
 .debug_rnglists
                0x00000459       0x3f ./Drivers/STM32F4xx_HAL_Driver/Src/stm32f4xx_hal_gpio.o
 .debug_rnglists
                0x00000498       0xcc ./Drivers/STM32F4xx_HAL_Driver/Src/stm32f4xx_hal_i2s.o
 .debug_rnglists
                0x00000564       0x6a ./Drivers/STM32F4xx_HAL_Driver/Src/stm32f4xx_hal_i2s_ex.o
 .debug_rnglists
                0x000005ce       0x66 ./Drivers/STM32F4xx_HAL_Driver/Src/stm32f4xx_hal_rcc.o
 .debug_rnglists
                0x00000634       0x3c ./Drivers/STM32F4xx_HAL_Driver/Src/stm32f4xx_hal_rcc_ex.o
 .debug_rnglists
                0x00000670      0x16f ./Drivers/STM32F4xx_HAL_Driver/Src/stm32f4xx_hal_spi.o
 .debug_rnglists
                0x000007df      0x31a ./Drivers/STM32F4xx_HAL_Driver/Src/stm32f4xx_hal_tim.o
 .debug_rnglists
                0x00000af9      0x125 ./Drivers/STM32F4xx_HAL_Driver/Src/stm32f4xx_hal_tim_ex.o

.debug_macro    0x00000000    0x16d6b
 .debug_macro   0x00000000      0x361 ./Core/Src/main.o
 .debug_macro   0x00000361      0xad8 ./Core/Src/main.o
 .debug_macro   0x00000e39      0x2a1 ./Core/Src/main.o
 .debug_macro   0x000010da       0x2e ./Core/Src/main.o
 .debug_macro   0x00001108       0x28 ./Core/Src/main.o
 .debug_macro   0x00001130       0x22 ./Core/Src/main.o
 .debug_macro   0x00001152       0x8e ./Core/Src/main.o
 .debug_macro   0x000011e0       0x51 ./Core/Src/main.o
 .debug_macro   0x00001231      0x103 ./Core/Src/main.o
 .debug_macro   0x00001334       0x6a ./Core/Src/main.o
 .debug_macro   0x0000139e      0x1df ./Core/Src/main.o
 .debug_macro   0x0000157d       0x1c ./Core/Src/main.o
 .debug_macro   0x00001599       0x22 ./Core/Src/main.o
 .debug_macro   0x000015bb       0xfb ./Core/Src/main.o
 .debug_macro   0x000016b6     0x1011 ./Core/Src/main.o
 .debug_macro   0x000026c7      0x11f ./Core/Src/main.o
 .debug_macro   0x000027e6     0xb968 ./Core/Src/main.o
 .debug_macro   0x0000e14e       0x6d ./Core/Src/main.o
 .debug_macro   0x0000e1bb     0x3693 ./Core/Src/main.o
 .debug_macro   0x0001184e      0x190 ./Core/Src/main.o
 .debug_macro   0x000119de       0x5c ./Core/Src/main.o
 .debug_macro   0x00011a3a      0x45c ./Core/Src/main.o
 .debug_macro   0x00011e96      0x9e9 ./Core/Src/main.o
 .debug_macro   0x0001287f      0x115 ./Core/Src/main.o
 .debug_macro   0x00012994      0x11b ./Core/Src/main.o
 .debug_macro   0x00012aaf       0xa5 ./Core/Src/main.o
 .debug_macro   0x00012b54      0x15f ./Core/Src/main.o
 .debug_macro   0x00012cb3      0x287 ./Core/Src/main.o
 .debug_macro   0x00012f3a       0x5f ./Core/Src/main.o
 .debug_macro   0x00012f99      0x236 ./Core/Src/main.o
 .debug_macro   0x000131cf      0x132 ./Core/Src/main.o
 .debug_macro   0x00013301      0x264 ./Core/Src/main.o
 .debug_macro   0x00013565       0x2e ./Core/Src/main.o
 .debug_macro   0x00013593      0x1a7 ./Core/Src/main.o
 .debug_macro   0x0001373a       0x46 ./Core/Src/main.o
 .debug_macro   0x00013780       0x4a ./Core/Src/main.o
 .debug_macro   0x000137ca      0x127 ./Core/Src/main.o
 .debug_macro   0x000138f1       0x85 ./Core/Src/main.o
 .debug_macro   0x00013976       0x89 ./Core/Src/main.o
 .debug_macro   0x000139ff      0x225 ./Core/Src/main.o
 .debug_macro   0x00013c24      0x8ed ./Core/Src/main.o
 .debug_macro   0x00014511       0x47 ./Core/Src/main.o
 .debug_macro   0x00014558      0x126 ./Core/Src/main.o
 .debug_macro   0x0001467e      0x1d1 ./Core/Src/main.o
 .debug_macro   0x0001484f       0x61 ./Core/Src/main.o
 .debug_macro   0x000148b0       0x2a ./Core/Src/main.o
 .debug_macro   0x000148da       0x43 ./Core/Src/main.o
 .debug_macro   0x0001491d       0x34 ./Core/Src/main.o
 .debug_macro   0x00014951      0x370 ./Core/Src/main.o
 .debug_macro   0x00014cc1       0x16 ./Core/Src/main.o
 .debug_macro   0x00014cd7       0x4a ./Core/Src/main.o
 .debug_macro   0x00014d21       0x34 ./Core/Src/main.o
 .debug_macro   0x00014d55       0x10 ./Core/Src/main.o
 .debug_macro   0x00014d65       0x58 ./Core/Src/main.o
 .debug_macro   0x00014dbd       0x8e ./Core/Src/main.o
 .debug_macro   0x00014e4b       0x1c ./Core/Src/main.o
 .debug_macro   0x00014e67      0x185 ./Core/Src/main.o
 .debug_macro   0x00014fec      0x19b ./Core/Src/main.o
 .debug_macro   0x00015187       0x16 ./Core/Src/main.o
 .debug_macro   0x0001519d       0x3c ./Core/Src/main.o
 .debug_macro   0x000151d9       0x20 ./Core/Src/main.o
 .debug_macro   0x000151f9      0x1f6 ./Core/Src/stm32f4xx_hal_msp.o
 .debug_macro   0x000153ef      0x200 ./Core/Src/stm32f4xx_it.o
 .debug_macro   0x000155ef      0x1e7 ./Core/Src/system_stm32f4xx.o
 .debug_macro   0x000157d6      0x247 ./Drivers/STM32F4xx_HAL_Driver/Src/stm32f4xx_hal.o
 .debug_macro   0x00015a1d      0x1e7 ./Drivers/STM32F4xx_HAL_Driver/Src/stm32f4xx_hal_cortex.o
 .debug_macro   0x00015c04      0x1ed ./Drivers/STM32F4xx_HAL_Driver/Src/stm32f4xx_hal_dma.o
 .debug_macro   0x00015df1      0x1ed ./Drivers/STM32F4xx_HAL_Driver/Src/stm32f4xx_hal_gpio.o
 .debug_macro   0x00015fde      0x1ef ./Drivers/STM32F4xx_HAL_Driver/Src/stm32f4xx_hal_i2s.o
 .debug_macro   0x000161cd      0x1e7 ./Drivers/STM32F4xx_HAL_Driver/Src/stm32f4xx_hal_i2s_ex.o
 .debug_macro   0x000163b4      0x20b ./Drivers/STM32F4xx_HAL_Driver/Src/stm32f4xx_hal_rcc.o
 .debug_macro   0x000165bf      0x1e7 ./Drivers/STM32F4xx_HAL_Driver/Src/stm32f4xx_hal_rcc_ex.o
 .debug_macro   0x000167a6      0x1f6 ./Drivers/STM32F4xx_HAL_Driver/Src/stm32f4xx_hal_spi.o
 .debug_macro   0x0001699c      0x1e8 ./Drivers/STM32F4xx_HAL_Driver/Src/stm32f4xx_hal_tim.o
 .debug_macro   0x00016b84      0x1e7 ./Drivers/STM32F4xx_HAL_Driver/Src/stm32f4xx_hal_tim_ex.o

.debug_line     0x00000000    0x11398
 .debug_line    0x00000000     0x1a81 ./Core/Src/main.o
 .debug_line    0x00001a81      0x8c7 ./Core/Src/stm32f4xx_hal_msp.o
 .debug_line    0x00002348      0x8a1 ./Core/Src/stm32f4xx_it.o
 .debug_line    0x00002be9      0x7f0 ./Core/Src/system_stm32f4xx.o
 .debug_line    0x000033d9       0x7a ./Core/Startup/startup_stm32f411ceux.o
 .debug_line    0x00003453      0xa6c ./Drivers/STM32F4xx_HAL_Driver/Src/stm32f4xx_hal.o
 .debug_line    0x00003ebf      0xd3c ./Drivers/STM32F4xx_HAL_Driver/Src/stm32f4xx_hal_cortex.o
 .debug_line    0x00004bfb      0xfd8 ./Drivers/STM32F4xx_HAL_Driver/Src/stm32f4xx_hal_dma.o
 .debug_line    0x00005bd3      0xb88 ./Drivers/STM32F4xx_HAL_Driver/Src/stm32f4xx_hal_gpio.o
 .debug_line    0x0000675b     0x13c4 ./Drivers/STM32F4xx_HAL_Driver/Src/stm32f4xx_hal_i2s.o
 .debug_line    0x00007b1f     0x12c4 ./Drivers/STM32F4xx_HAL_Driver/Src/stm32f4xx_hal_i2s_ex.o
 .debug_line    0x00008de3      0xe79 ./Drivers/STM32F4xx_HAL_Driver/Src/stm32f4xx_hal_rcc.o
 .debug_line    0x00009c5c      0xb23 ./Drivers/STM32F4xx_HAL_Driver/Src/stm32f4xx_hal_rcc_ex.o
 .debug_line    0x0000a77f     0x1d07 ./Drivers/STM32F4xx_HAL_Driver/Src/stm32f4xx_hal_spi.o
 .debug_line    0x0000c486     0x35ab ./Drivers/STM32F4xx_HAL_Driver/Src/stm32f4xx_hal_tim.o
 .debug_line    0x0000fa31     0x1967 ./Drivers/STM32F4xx_HAL_Driver/Src/stm32f4xx_hal_tim_ex.o

.debug_str      0x00000000    0x90bb0
 .debug_str     0x00000000    0x90bb0 ./Core/Src/main.o
                              0x8e040 (size before relaxing)
 .debug_str     0x00090bb0        0x0 ./Core/Src/stm32f4xx_hal_msp.o
                              0x893bc (size before relaxing)
 .debug_str     0x00090bb0        0x0 ./Core/Src/stm32f4xx_it.o
                              0x88ad5 (size before relaxing)
 .debug_str     0x00090bb0        0x0 ./Core/Src/system_stm32f4xx.o
                              0x87fa8 (size before relaxing)
 .debug_str     0x00090bb0        0x0 ./Core/Startup/startup_stm32f411ceux.o
                                 0x62 (size before relaxing)
 .debug_str     0x00090bb0        0x0 ./Drivers/STM32F4xx_HAL_Driver/Src/stm32f4xx_hal.o
                              0x889d4 (size before relaxing)
 .debug_str     0x00090bb0        0x0 ./Drivers/STM32F4xx_HAL_Driver/Src/stm32f4xx_hal_cortex.o
                              0x8873e (size before relaxing)
 .debug_str     0x00090bb0        0x0 ./Drivers/STM32F4xx_HAL_Driver/Src/stm32f4xx_hal_dma.o
                              0x883b0 (size before relaxing)
 .debug_str     0x00090bb0        0x0 ./Drivers/STM32F4xx_HAL_Driver/Src/stm32f4xx_hal_gpio.o
                              0x88123 (size before relaxing)
 .debug_str     0x00090bb0        0x0 ./Drivers/STM32F4xx_HAL_Driver/Src/stm32f4xx_hal_i2s.o
                              0x88587 (size before relaxing)
 .debug_str     0x00090bb0        0x0 ./Drivers/STM32F4xx_HAL_Driver/Src/stm32f4xx_hal_i2s_ex.o
                              0x88489 (size before relaxing)
 .debug_str     0x00090bb0        0x0 ./Drivers/STM32F4xx_HAL_Driver/Src/stm32f4xx_hal_rcc.o
                              0x883dc (size before relaxing)
 .debug_str     0x00090bb0        0x0 ./Drivers/STM32F4xx_HAL_Driver/Src/stm32f4xx_hal_rcc_ex.o
                              0x88130 (size before relaxing)
 .debug_str     0x00090bb0        0x0 ./Drivers/STM32F4xx_HAL_Driver/Src/stm32f4xx_hal_spi.o
                              0x88854 (size before relaxing)
 .debug_str     0x00090bb0        0x0 ./Drivers/STM32F4xx_HAL_Driver/Src/stm32f4xx_hal_tim.o
                              0x89320 (size before relaxing)
 .debug_str     0x00090bb0        0x0 ./Drivers/STM32F4xx_HAL_Driver/Src/stm32f4xx_hal_tim_ex.o
                              0x88b2c (size before relaxing)

.comment        0x00000000       0x43
 .comment       0x00000000       0x43 ./Core/Src/main.o
                                 0x44 (size before relaxing)
 .comment       0x00000043        0x0 ./Core/Src/stm32f4xx_hal_msp.o
                                 0x44 (size before relaxing)
 .comment       0x00000043        0x0 ./Core/Src/stm32f4xx_it.o
                                 0x44 (size before relaxing)
 .comment       0x00000043        0x0 ./Core/Src/system_stm32f4xx.o
                                 0x44 (size before relaxing)
 .comment       0x00000043        0x0 ./Drivers/STM32F4xx_HAL_Driver/Src/stm32f4xx_hal.o
                                 0x44 (size before relaxing)
 .comment       0x00000043        0x0 ./Drivers/STM32F4xx_HAL_Driver/Src/stm32f4xx_hal_cortex.o
                                 0x44 (size before relaxing)
 .comment       0x00000043        0x0 ./Drivers/STM32F4xx_HAL_Driver/Src/stm32f4xx_hal_dma.o
                                 0x44 (size before relaxing)
 .comment       0x00000043        0x0 ./Drivers/STM32F4xx_HAL_Driver/Src/stm32f4xx_hal_gpio.o
                                 0x44 (size before relaxing)
 .comment       0x00000043        0x0 ./Drivers/STM32F4xx_HAL_Driver/Src/stm32f4xx_hal_i2s.o
                                 0x44 (size before relaxing)
 .comment       0x00000043        0x0 ./Drivers/STM32F4xx_HAL_Driver/Src/stm32f4xx_hal_i2s_ex.o
                                 0x44 (size before relaxing)
 .comment       0x00000043        0x0 ./Drivers/STM32F4xx_HAL_Driver/Src/stm32f4xx_hal_rcc.o
                                 0x44 (size before relaxing)
 .comment       0x00000043        0x0 ./Drivers/STM32F4xx_HAL_Driver/Src/stm32f4xx_hal_rcc_ex.o
                                 0x44 (size before relaxing)
 .comment       0x00000043        0x0 ./Drivers/STM32F4xx_HAL_Driver/Src/stm32f4xx_hal_spi.o
                                 0x44 (size before relaxing)
 .comment       0x00000043        0x0 ./Drivers/STM32F4xx_HAL_Driver/Src/stm32f4xx_hal_tim.o
                                 0x44 (size before relaxing)
 .comment       0x00000043        0x0 ./Drivers/STM32F4xx_HAL_Driver/Src/stm32f4xx_hal_tim_ex.o
                                 0x44 (size before relaxing)

.debug_frame    0x00000000     0x4270
 .debug_frame   0x00000000      0x8e4 ./Core/Src/main.o
 .debug_frame   0x000008e4      0x110 ./Core/Src/stm32f4xx_hal_msp.o
 .debug_frame   0x000009f4      0x198 ./Core/Src/stm32f4xx_it.o
 .debug_frame   0x00000b8c       0x58 ./Core/Src/system_stm32f4xx.o
 .debug_frame   0x00000be4      0x374 ./Drivers/STM32F4xx_HAL_Driver/Src/stm32f4xx_hal.o
 .debug_frame   0x00000f58      0x508 ./Drivers/STM32F4xx_HAL_Driver/Src/stm32f4xx_hal_cortex.o
 .debug_frame   0x00001460      0x250 ./Drivers/STM32F4xx_HAL_Driver/Src/stm32f4xx_hal_dma.o
 .debug_frame   0x000016b0      0x14c ./Drivers/STM32F4xx_HAL_Driver/Src/stm32f4xx_hal_gpio.o
 .debug_frame   0x000017fc      0x484 ./Drivers/STM32F4xx_HAL_Driver/Src/stm32f4xx_hal_i2s.o
 .debug_frame   0x00001c80      0x220 ./Drivers/STM32F4xx_HAL_Driver/Src/stm32f4xx_hal_i2s_ex.o
 .debug_frame   0x00001ea0      0x1f4 ./Drivers/STM32F4xx_HAL_Driver/Src/stm32f4xx_hal_rcc.o
 .debug_frame   0x00002094      0x118 ./Drivers/STM32F4xx_HAL_Driver/Src/stm32f4xx_hal_rcc_ex.o
 .debug_frame   0x000021ac      0x828 ./Drivers/STM32F4xx_HAL_Driver/Src/stm32f4xx_hal_spi.o
 .debug_frame   0x000029d4     0x11b8 ./Drivers/STM32F4xx_HAL_Driver/Src/stm32f4xx_hal_tim.o
 .debug_frame   0x00003b8c      0x638 ./Drivers/STM32F4xx_HAL_Driver/Src/stm32f4xx_hal_tim_ex.o
 .debug_frame   0x000041c4       0x20 C:/ST/STM32CubeIDE_2.0.0/STM32CubeIDE/plugins/com.st.stm32cube.ide.mcu.externaltools.gnu-tools-for-stm32.13.3.rel1.win32_1.0.100.202509120712/tools/bin/../lib/gcc/arm-none-eabi/13.3.1/../../../../arm-none-eabi/lib/thumb/v7e-m+fp/hard\libc_nano.a(libc_a-memset.o)
 .debug_frame   0x000041e4       0x2c C:/ST/STM32CubeIDE_2.0.0/STM32CubeIDE/plugins/com.st.stm32cube.ide.mcu.externaltools.gnu-tools-for-stm32.13.3.rel1.win32_1.0.100.202509120712/tools/bin/../lib/gcc/arm-none-eabi/13.3.1/../../../../arm-none-eabi/lib/thumb/v7e-m+fp/hard\libc_nano.a(libc_a-init.o)
 .debug_frame   0x00004210       0x2c C:/ST/STM32CubeIDE_2.0.0/STM32CubeIDE/plugins/com.st.stm32cube.ide.mcu.externaltools.gnu-tools-for-stm32.13.3.rel1.win32_1.0.100.202509120712/tools/bin/../lib/gcc/arm-none-eabi/13.3.1/thumb/v7e-m+fp/hard\libgcc.a(_aeabi_uldivmod.o)
 .debug_frame   0x0000423c       0x34 C:/ST/STM32CubeIDE_2.0.0/STM32CubeIDE/plugins/com.st.stm32cube.ide.mcu.externaltools.gnu-tools-for-stm32.13.3.rel1.win32_1.0.100.202509120712/tools/bin/../lib/gcc/arm-none-eabi/13.3.1/thumb/v7e-m+fp/hard\libgcc.a(_udivmoddi4.o)

.debug_line_str
                0x00000000       0x46
 .debug_line_str
                0x00000000       0x46 ./Core/Startup/startup_stm32f411ceux.o
