../Core/Src/master_radio.c:208:13:put_u64_le	24	static
../Core/Src/master_radio.c:220:17:get_u64_le	144	static
../Core/Src/master_radio.c:232:17:master_time_us	40	static,ignoring_inline_asm
../Core/Src/master_radio.c:255:13:nrf_csn_low	16	static
../Core/Src/master_radio.c:260:13:nrf_csn_high	16	static
../Core/Src/master_radio.c:265:13:nrf_ce_low	16	static
../Core/Src/master_radio.c:270:13:nrf_ce_high	16	static
../Core/Src/master_radio.c:275:16:nrf_xfer	32	static
../Core/Src/master_radio.c:293:16:nrf_cmd	24	static
../Core/Src/master_radio.c:302:13:nrf_activate_features	16	static
../Core/Src/master_radio.c:315:13:nrf_write_feature_checked	16	static
../Core/Src/master_radio.c:327:16:nrf_get_status_nop	24	static
../Core/Src/master_radio.c:336:16:nrf_read_reg	24	static
../Core/Src/master_radio.c:346:13:nrf_write_reg	16	static
../Core/Src/master_radio.c:354:13:nrf_read_buf	40	static
../Core/Src/master_radio.c:365:13:nrf_write_buf	32	static
../Core/Src/master_radio.c:376:13:nrf_write_payload	32	static
../Core/Src/master_radio.c:391:16:nrf_read_payload	40	static
../Core/Src/master_radio.c:404:13:nrf_clear_irqs	16	static
../Core/Src/master_radio.c:409:13:nrf_clear_all_irqs_and_fifos	16	static
../Core/Src/master_radio.c:427:13:MasterRadio_UpdateNrfDebugSnapshot	8	static
../Core/Src/master_radio.c:473:13:nrf_set_tx_addr	16	static
../Core/Src/master_radio.c:480:13:nrf2_apply_common_sync_addr	16	static
../Core/Src/master_radio.c:492:13:nrf2_apply_health_addr	24	static
../Core/Src/master_radio.c:504:16:nrf_check_present	24	static
../Core/Src/master_radio.c:518:13:nrf3_timestamp_addr	24	static
../Core/Src/master_radio.c:525:13:nrf2_reset_sync_addr	24	static
../Core/Src/master_radio.c:531:13:nrf2_health_addr	24	static
../Core/Src/master_radio.c:539:13:nrf3_init_timestamp_receiver	16	static
../Core/Src/master_radio.c:577:13:nrf2_init_sync_transmitter	16	static
../Core/Src/master_radio.c:605:13:nrf2_send_payload_start	16	static
../Core/Src/master_radio.c:620:13:nrf2_finish_tx_pulse	8	static
../Core/Src/master_radio.c:629:13:send_reset_time	24	static
../Core/Src/master_radio.c:640:13:send_sync_time	24	static
../Core/Src/master_radio.c:653:13:start_health_check_for_current_slave	24	static
../Core/Src/master_radio.c:675:13:send_health_status_to_server	120	static
../Core/Src/master_radio.c:696:13:send_event_group_to_server	128	static
../Core/Src/master_radio.c:715:30:find_group	24	static
../Core/Src/master_radio.c:727:30:allocate_group	32	static
../Core/Src/master_radio.c:756:13:accept_timestamp_packet	40	static
../Core/Src/master_radio.c:793:13:service_event_timeouts	16	static
../Core/Src/master_radio.c:807:13:service_nrf3_timestamp_irq	24	static
../Core/Src/master_radio.c:845:13:service_nrf2_tx_irq	16	static
../Core/Src/master_radio.c:894:13:health_mark_current	16	static
../Core/Src/master_radio.c:906:13:service_health_fsm	16	static
../Core/Src/master_radio.c:977:6:MasterRadio_Init	8	static
../Core/Src/master_radio.c:1016:6:MasterRadio_OnTimerPeriodElapsed	16	static
../Core/Src/master_radio.c:1024:6:MasterRadio_OnExti	16	static
../Core/Src/master_radio.c:1038:6:MasterRadio_Service	24	static
