../Core/Src/w5500_port.c:21:13:W5500_Select	8	static
../Core/Src/w5500_port.c:26:13:W5500_Unselect	8	static
../Core/Src/w5500_port.c:31:16:W5500_ReadByte	24	static
../Core/Src/w5500_port.c:44:13:W5500_WriteByte	32	static
../Core/Src/w5500_port.c:50:13:W5500_ReadBurst	96	static
../Core/Src/w5500_port.c:76:13:W5500_WriteBurst	96	static
../Core/Src/w5500_port.c:99:16:W5500_ReadVersionRaw	24	static
../Core/Src/w5500_port.c:115:13:put_u32_be	16	static
../Core/Src/w5500_port.c:123:13:put_u64_le	24	static
../Core/Src/w5500_port.c:135:16:W5500_WaitSocketCommandDone	24	static
../Core/Src/w5500_port.c:150:16:W5500_SpiReadWriteSelfTest	16	static
../Core/Src/w5500_port.c:171:28:W5500_OpenTcpClientSocket	24	static
../Core/Src/w5500_port.c:194:6:W5500_Reset	8	static
../Core/Src/w5500_port.c:202:9:W5500_ReadVersion	16	static
../Core/Src/w5500_port.c:231:6:W5500_Port_Init	8	static
../Core/Src/w5500_port.c:242:21:W5500_NetworkInit_Static	56	static
../Core/Src/w5500_port.c:275:21:W5500_Init	8	static
../Core/Src/w5500_port.c:292:6:W5500_SetInterruptFlag	4	static
../Core/Src/w5500_port.c:297:6:W5500_Service	16	static
../Core/Src/w5500_port.c:320:6:TDOA_BuildServerFrame	16	static
../Core/Src/w5500_port.c:347:6:TDOA_BuildTestServerFrame	88	static
../Core/Src/w5500_port.c:359:21:TDOA_SendFrameToServer	40	static
../Core/Src/w5500_port.c:443:21:TDOA_SendTestPacketToServer	48	static
