../Core/Src/main.c:269:16:nrf_spi_xfer	32	static
../Core/Src/main.c:283:13:nrf_csn_low	16	static
../Core/Src/main.c:288:13:nrf_csn_high	16	static
../Core/Src/main.c:293:13:nrf_ce_low	16	static
../Core/Src/main.c:298:13:nrf_ce_high	16	static
../Core/Src/main.c:303:16:nrf_read_reg	24	static
../Core/Src/main.c:313:13:nrf_write_reg	16	static
../Core/Src/main.c:321:13:nrf_read_multi	40	static
../Core/Src/main.c:331:13:nrf_write_multi	32	static
../Core/Src/main.c:341:13:nrf_command	16	static
../Core/Src/main.c:348:13:nrf_activate_features	16	static
../Core/Src/main.c:359:13:nrf_write_feature_checked	16	static
../Core/Src/main.c:372:16:nrf_get_status_nop	24	static
../Core/Src/main.c:381:13:nrf_clear_irq	16	static
../Core/Src/main.c:386:13:nrf_clear_all_irqs_and_fifos	16	static
../Core/Src/main.c:409:13:Radio_UpdateNrfDebugSnapshot	8	static
../Core/Src/main.c:445:13:delay_us_blocking	40	static,ignoring_inline_asm
../Core/Src/main.c:453:10:get_time_us	48	static,ignoring_inline_asm
../Core/Src/main.c:464:13:set_time_us	24	static,ignoring_inline_asm
../Core/Src/main.c:475:16:pop_dma_half	32	static,ignoring_inline_asm
../Core/Src/main.c:500:16:audio_has_pending_block	4	static
../Core/Src/main.c:505:13:mark_dma_half_ready	40	static
../Core/Src/main.c:519:6:HAL_TIM_PeriodElapsedCallback	16	static
../Core/Src/main.c:526:6:HAL_I2S_RxHalfCpltCallback	16	static
../Core/Src/main.c:533:6:HAL_I2S_RxCpltCallback	16	static
../Core/Src/main.c:540:24:u32_abs_i32	16	static
../Core/Src/main.c:545:23:decode_inmp441_sample24	24	static
../Core/Src/main.c:557:17:detector_threshold	24	static
../Core/Src/main.c:563:17:sta_lta_ratio_q8	24	static
../Core/Src/main.c:570:16:sta_lta_confirmed	40	static
../Core/Src/main.c:577:13:update_sta_lta	16	static
../Core/Src/main.c:594:13:update_noise_if_quiet	40	static
../Core/Src/main.c:610:13:update_cusum	24	static
../Core/Src/main.c:630:17:refine_first_arrival	56	static
../Core/Src/main.c:657:13:publish_event	120	static,ignoring_inline_asm
../Core/Src/main.c:698:13:detector_process_pcm16	64	static
../Core/Src/main.c:792:6:process_audio_block	56	static
../Core/Src/main.c:811:13:nrf3_init_ptx_timestamp	8	static
../Core/Src/main.c:836:13:nrf2_init_prx_control	8	static
../Core/Src/main.c:865:13:Radio_Init	8	static
../Core/Src/main.c:879:13:nrf_read_payload_buf	40	static
../Core/Src/main.c:889:17:get_u64_le	144	static
../Core/Src/main.c:901:13:nrf3_send_event_packet	24	static
../Core/Src/main.c:921:17:Radio_ApplySyncCorrection	40	static
../Core/Src/main.c:934:6:Radio_ProcessMainLoop	40	static,ignoring_inline_asm
../Core/Src/main.c:984:6:Radio_PublishEventTimestamp	40	static,ignoring_inline_asm
../Core/Src/main.c:1002:13:Radio_ResetInternalTimeAndEvents	16	static,ignoring_inline_asm
../Core/Src/main.c:1049:13:Radio_HandleSyncPacket	40	static
../Core/Src/main.c:1073:13:Radio_HandleNrf2Rx	40	static
../Core/Src/main.c:1106:13:Radio_HandleNrf3TxIrq	16	static
../Core/Src/main.c:1125:6:Radio_IRQ_Handler	16	static
../Core/Src/main.c:1141:5:main	24	static
../Core/Src/main.c:1212:6:SystemClock_Config	88	static
../Core/Src/main.c:1258:13:MX_I2S1_Init	8	static
../Core/Src/main.c:1280:13:MX_SPI2_Init	8	static
../Core/Src/main.c:1305:13:MX_SPI3_Init	8	static
../Core/Src/main.c:1330:13:MX_TIM2_Init	32	static
../Core/Src/main.c:1361:13:MX_DMA_Init	16	static
../Core/Src/main.c:1373:13:MX_GPIO_Init	48	static
../Core/Src/main.c:1430:6:Error_Handler	4	static,ignoring_inline_asm
